2026-05-04 16:08:59,846 INFO [dump] add formal task. groupKey=test-service.yaml+DEFAULT_GROUP+public

2026-05-04 16:08:59,883 INFO [dump] process formal task. groupKey=test-service.yaml+DEFAULT_GROUP+public

2026-05-04 16:08:59,896 INFO [dump] md5 changed, save to disk cache ,groupKey=test-service.yaml+DEFAULT_GROUP+public, newMd5=68645524a377f8bec34e241a1373e61c,oldMd5=

2026-05-04 16:08:59,908 INFO [dump] md5 changed, update md5 and timestamp in jvm cache ,groupKey=test-service.yaml+DEFAULT_GROUP+public, newMd5=68645524a377f8bec34e241a1373e61c,oldMd5=,lastModifiedTs=1777882140000

2026-05-04 16:09:13,151 INFO [dump] add formal task. groupKey=test-service.yaml+DEFAULT_GROUP+public

2026-05-04 16:09:13,231 INFO [dump] process formal task. groupKey=test-service.yaml+DEFAULT_GROUP+public

2026-05-04 16:09:13,232 WARN [dump-ignore] ignore to save to disk cache. md5 consistent,groupKey=test-service.yaml+DEFAULT_GROUP+public, md5=68645524a377f8bec34e241a1373e61c

2026-05-04 16:09:13,233 INFO [dump] md5 consistent ,timestamp changed, update timestamp only in jvm cache ,groupKey=test-service.yaml+DEFAULT_GROUP+public,lastModifiedTs=1777882153000

2026-05-04 16:13:14,893 INFO [dump] md5 changed, save to disk cache ,groupKey=test-service.yaml+DEFAULT_GROUP+public, newMd5=68645524a377f8bec34e241a1373e61c,oldMd5=

2026-05-04 16:13:14,919 INFO [dump] md5 changed, update md5 and timestamp in jvm cache ,groupKey=test-service.yaml+DEFAULT_GROUP+public, newMd5=68645524a377f8bec34e241a1373e61c,oldMd5=,lastModifiedTs=1777882153000

2026-05-04 16:13:14,923 INFO [dump-all-ok] test-service.yaml+DEFAULT_GROUP, 1777882153000, length=47,md5UTF8=68645524a377f8bec34e241a1373e61c

2026-05-04 16:17:02,292 INFO [dump] add formal task. groupKey=test-service.yaml+DEFAULT_GROUP+public

2026-05-04 16:17:02,379 INFO [dump] process formal task. groupKey=test-service.yaml+DEFAULT_GROUP+public

2026-05-04 16:17:02,381 INFO [dump] remove  local disk cache,groupKey=test-service.yaml+DEFAULT_GROUP+public 

2026-05-04 16:17:02,382 INFO [dump] remove  local jvm cache,groupKey=test-service.yaml+DEFAULT_GROUP+public 

2026-05-04 16:17:38,676 INFO [dump] add formal task. groupKey=test-service+DEFAULT_GROUP+public

2026-05-04 16:17:38,731 INFO [dump] process formal task. groupKey=test-service+DEFAULT_GROUP+public

2026-05-04 16:17:38,733 INFO [dump] md5 changed, save to disk cache ,groupKey=test-service+DEFAULT_GROUP+public, newMd5=7541f48c988fd8310f1e4afb693bf27e,oldMd5=

2026-05-04 16:17:38,734 INFO [dump] md5 changed, update md5 and timestamp in jvm cache ,groupKey=test-service+DEFAULT_GROUP+public, newMd5=7541f48c988fd8310f1e4afb693bf27e,oldMd5=,lastModifiedTs=1777882659000

2026-05-04 16:25:31,170 INFO [dump] add formal task. groupKey=test-service+DEFAULT_GROUP+public

2026-05-04 16:25:31,190 INFO [dump] process formal task. groupKey=test-service+DEFAULT_GROUP+public

2026-05-04 16:25:31,194 INFO [dump] md5 changed, save to disk cache ,groupKey=test-service+DEFAULT_GROUP+public, newMd5=b96820847e0034e69dfb6c14d208826f,oldMd5=7541f48c988fd8310f1e4afb693bf27e

2026-05-04 16:25:31,196 INFO [dump] md5 changed, update md5 and timestamp in jvm cache ,groupKey=test-service+DEFAULT_GROUP+public, newMd5=b96820847e0034e69dfb6c14d208826f,oldMd5=7541f48c988fd8310f1e4afb693bf27e,lastModifiedTs=1777883131000

2026-05-04 16:27:43,964 INFO [dump] add formal task. groupKey=test-service+DEFAULT_GROUP+public

2026-05-04 16:27:43,964 INFO [dump] process formal task. groupKey=test-service+DEFAULT_GROUP+public

2026-05-04 16:27:43,966 WARN [dump-ignore] ignore to save to disk cache. md5 consistent,groupKey=test-service+DEFAULT_GROUP+public, md5=b96820847e0034e69dfb6c14d208826f

2026-05-04 16:27:43,967 INFO [dump] md5 consistent ,timestamp changed, update timestamp only in jvm cache ,groupKey=test-service+DEFAULT_GROUP+public,lastModifiedTs=1777883264000

2026-05-04 16:28:01,305 INFO [dump] add formal task. groupKey=test-service+DEFAULT_GROUP+public

2026-05-04 16:28:01,387 INFO [dump] process formal task. groupKey=test-service+DEFAULT_GROUP+public

2026-05-04 16:28:01,388 INFO [dump] remove  local disk cache,groupKey=test-service+DEFAULT_GROUP+public 

2026-05-04 16:28:01,389 INFO [dump] remove  local jvm cache,groupKey=test-service+DEFAULT_GROUP+public 

2026-05-04 16:28:34,492 INFO [dump] add formal task. groupKey=test-service+DEFAULT_GROUP+public

2026-05-04 16:28:34,529 INFO [dump] process formal task. groupKey=test-service+DEFAULT_GROUP+public

2026-05-04 16:28:34,532 INFO [dump] md5 changed, save to disk cache ,groupKey=test-service+DEFAULT_GROUP+public, newMd5=5bfc70717c5ea25be7e1cdcfcdbd0c76,oldMd5=

2026-05-04 16:28:34,534 INFO [dump] md5 changed, update md5 and timestamp in jvm cache ,groupKey=test-service+DEFAULT_GROUP+public, newMd5=5bfc70717c5ea25be7e1cdcfcdbd0c76,oldMd5=,lastModifiedTs=1777883314000

2026-05-04 16:30:28,099 INFO [dump] add formal task. groupKey=test-service+DEFAULT_GROUP+public

2026-05-04 16:30:28,179 INFO [dump] process formal task. groupKey=test-service+DEFAULT_GROUP+public

2026-05-04 16:30:28,182 INFO [dump] remove  local disk cache,groupKey=test-service+DEFAULT_GROUP+public 

2026-05-04 16:30:28,183 INFO [dump] remove  local jvm cache,groupKey=test-service+DEFAULT_GROUP+public 

2026-05-04 16:30:52,387 INFO [dump] add formal task. groupKey=test-service.yaml+DEFAULT_GROUP+public

2026-05-04 16:30:52,414 INFO [dump] process formal task. groupKey=test-service.yaml+DEFAULT_GROUP+public

2026-05-04 16:30:52,416 INFO [dump] md5 changed, save to disk cache ,groupKey=test-service.yaml+DEFAULT_GROUP+public, newMd5=5bfc70717c5ea25be7e1cdcfcdbd0c76,oldMd5=

2026-05-04 16:30:52,418 INFO [dump] md5 changed, update md5 and timestamp in jvm cache ,groupKey=test-service.yaml+DEFAULT_GROUP+public, newMd5=5bfc70717c5ea25be7e1cdcfcdbd0c76,oldMd5=,lastModifiedTs=1777883452000

