2026-05-04 13:59:53,849 INFO notifyConnectTimeout:100

2026-05-04 13:59:53,853 INFO notifySocketTimeout:200

2026-05-04 13:59:53,854 INFO isHealthCheck:true

2026-05-04 13:59:53,855 INFO maxHealthCheckFailCount:12

2026-05-04 13:59:53,855 INFO maxContent:10485760

2026-05-04 14:00:07,965 INFO notifyConnectTimeout:100

2026-05-04 14:00:07,970 INFO notifySocketTimeout:200

2026-05-04 14:00:07,971 INFO isHealthCheck:true

2026-05-04 14:00:07,972 INFO maxHealthCheckFailCount:12

2026-05-04 14:00:08,015 INFO maxContent:10485760

2026-05-04 14:03:30,650 INFO notifyConnectTimeout:100

2026-05-04 14:03:30,653 INFO notifySocketTimeout:200

2026-05-04 14:03:30,691 INFO isHealthCheck:true

2026-05-04 14:03:30,692 INFO maxHealthCheckFailCount:12

2026-05-04 14:03:30,692 INFO maxContent:10485760

2026-05-04 14:03:44,050 INFO notifyConnectTimeout:100

2026-05-04 14:03:44,052 INFO notifySocketTimeout:200

2026-05-04 14:03:44,053 INFO isHealthCheck:true

2026-05-04 14:03:44,054 INFO maxHealthCheckFailCount:12

2026-05-04 14:03:44,054 INFO maxContent:10485760

2026-05-04 14:05:21,108 INFO notifyConnectTimeout:100

2026-05-04 14:05:21,111 INFO notifySocketTimeout:200

2026-05-04 14:05:21,113 INFO isHealthCheck:true

2026-05-04 14:05:21,114 INFO maxHealthCheckFailCount:12

2026-05-04 14:05:21,115 INFO maxContent:10485760

2026-05-04 14:05:35,078 INFO notifyConnectTimeout:100

2026-05-04 14:05:35,084 INFO notifySocketTimeout:200

2026-05-04 14:05:35,085 INFO isHealthCheck:true

2026-05-04 14:05:35,086 INFO maxHealthCheckFailCount:12

2026-05-04 14:05:35,087 INFO maxContent:10485760

2026-05-04 14:06:43,525 INFO notifyConnectTimeout:100

2026-05-04 14:06:43,527 INFO notifySocketTimeout:200

2026-05-04 14:06:43,528 INFO isHealthCheck:true

2026-05-04 14:06:43,528 INFO maxHealthCheckFailCount:12

2026-05-04 14:06:43,529 INFO maxContent:10485760

2026-05-04 14:06:57,223 INFO notifyConnectTimeout:100

2026-05-04 14:06:57,225 INFO notifySocketTimeout:200

2026-05-04 14:06:57,226 INFO isHealthCheck:true

2026-05-04 14:06:57,227 INFO maxHealthCheckFailCount:12

2026-05-04 14:06:57,227 INFO maxContent:10485760

2026-05-04 14:07:10,235 INFO notifyConnectTimeout:100

2026-05-04 14:07:10,276 INFO notifySocketTimeout:200

2026-05-04 14:07:10,277 INFO isHealthCheck:true

2026-05-04 14:07:10,278 INFO maxHealthCheckFailCount:12

2026-05-04 14:07:10,278 INFO maxContent:10485760

2026-05-04 14:07:30,935 INFO notifyConnectTimeout:100

2026-05-04 14:07:30,938 INFO notifySocketTimeout:200

2026-05-04 14:07:30,938 INFO isHealthCheck:true

2026-05-04 14:07:30,939 INFO maxHealthCheckFailCount:12

2026-05-04 14:07:30,940 INFO maxContent:10485760

2026-05-04 14:09:51,330 INFO notifyConnectTimeout:100

2026-05-04 14:09:51,333 INFO notifySocketTimeout:200

2026-05-04 14:09:51,376 INFO isHealthCheck:true

2026-05-04 14:09:51,377 INFO maxHealthCheckFailCount:12

2026-05-04 14:09:51,378 INFO maxContent:10485760

2026-05-04 14:09:56,554 INFO All dump page size is set to 50 according to mem limit 8796093022207 MB

2026-05-04 14:09:56,558 WARN DumpService start

2026-05-04 14:09:56,558 INFO start clear all config-info.

2026-05-04 14:09:56,560 INFO clear all config-info success.

2026-05-04 14:09:56,560 INFO clear all config-info-tenant success.

2026-05-04 14:09:56,562 INFO start dump all config-info...

2026-05-04 14:09:56,563 INFO success to  dump all config-info。

2026-05-04 14:09:56,563 INFO start to clear all gray-config-info on startup.

2026-05-04 14:09:56,563 INFO clear all config-info-gray success.

2026-05-04 14:09:56,564 INFO clear all config-info-gray-tenant success.

2026-05-04 14:10:01,905 INFO notifyConnectTimeout:100

2026-05-04 14:10:01,907 INFO notifySocketTimeout:200

2026-05-04 14:10:01,907 INFO isHealthCheck:true

2026-05-04 14:10:01,907 INFO maxHealthCheckFailCount:12

2026-05-04 14:10:01,908 INFO maxContent:10485760

2026-05-04 14:10:05,742 INFO notifyConnectTimeout:100

2026-05-04 14:10:05,743 INFO notifySocketTimeout:200

2026-05-04 14:10:05,743 INFO isHealthCheck:true

2026-05-04 14:10:05,743 INFO maxHealthCheckFailCount:12

2026-05-04 14:10:05,744 INFO maxContent:10485760

2026-05-04 14:12:27,707 INFO notifyConnectTimeout:100

2026-05-04 14:12:27,709 INFO notifySocketTimeout:200

2026-05-04 14:12:27,711 INFO isHealthCheck:true

2026-05-04 14:12:27,712 INFO maxHealthCheckFailCount:12

2026-05-04 14:12:27,713 INFO maxContent:10485760

2026-05-04 14:12:32,519 INFO All dump page size is set to 50 according to mem limit 8796093022207 MB

2026-05-04 14:12:32,524 WARN DumpService start

2026-05-04 14:12:32,525 INFO start clear all config-info.

2026-05-04 14:12:32,526 INFO clear all config-info success.

2026-05-04 14:12:32,527 INFO clear all config-info-tenant success.

2026-05-04 14:12:32,529 INFO start dump all config-info...

2026-05-04 14:12:32,530 INFO success to  dump all config-info。

2026-05-04 14:12:32,530 INFO start to clear all gray-config-info on startup.

2026-05-04 14:12:32,530 INFO clear all config-info-gray success.

2026-05-04 14:12:32,531 INFO clear all config-info-gray-tenant success.

2026-05-04 14:12:37,891 INFO notifyConnectTimeout:100

2026-05-04 14:12:37,892 INFO notifySocketTimeout:200

2026-05-04 14:12:37,892 INFO isHealthCheck:true

2026-05-04 14:12:37,893 INFO maxHealthCheckFailCount:12

2026-05-04 14:12:37,893 INFO maxContent:10485760

2026-05-04 14:12:41,199 INFO notifyConnectTimeout:100

2026-05-04 14:12:41,200 INFO notifySocketTimeout:200

2026-05-04 14:12:41,200 INFO isHealthCheck:true

2026-05-04 14:12:41,200 INFO maxHealthCheckFailCount:12

2026-05-04 14:12:41,201 INFO maxContent:10485760

2026-05-04 14:13:25,983 INFO notifyConnectTimeout:100

2026-05-04 14:13:25,988 INFO notifySocketTimeout:200

2026-05-04 14:13:25,988 INFO isHealthCheck:true

2026-05-04 14:13:25,988 INFO maxHealthCheckFailCount:12

2026-05-04 14:13:25,989 INFO maxContent:10485760

2026-05-04 14:13:31,072 INFO All dump page size is set to 50 according to mem limit 8796093022207 MB

2026-05-04 14:13:31,079 WARN DumpService start

2026-05-04 14:13:31,080 INFO start clear all config-info.

2026-05-04 14:13:31,084 INFO clear all config-info success.

2026-05-04 14:13:31,085 INFO clear all config-info-tenant success.

2026-05-04 14:13:31,087 INFO start dump all config-info...

2026-05-04 14:13:31,088 INFO success to  dump all config-info。

2026-05-04 14:13:31,088 INFO start to clear all gray-config-info on startup.

2026-05-04 14:13:31,089 INFO clear all config-info-gray success.

2026-05-04 14:13:31,089 INFO clear all config-info-gray-tenant success.

2026-05-04 14:13:36,384 INFO notifyConnectTimeout:100

2026-05-04 14:13:36,385 INFO notifySocketTimeout:200

2026-05-04 14:13:36,386 INFO isHealthCheck:true

2026-05-04 14:13:36,386 INFO maxHealthCheckFailCount:12

2026-05-04 14:13:36,387 INFO maxContent:10485760

2026-05-04 14:13:39,859 INFO notifyConnectTimeout:100

2026-05-04 14:13:39,860 INFO notifySocketTimeout:200

2026-05-04 14:13:39,861 INFO isHealthCheck:true

2026-05-04 14:13:39,861 INFO maxHealthCheckFailCount:12

2026-05-04 14:13:39,862 INFO maxContent:10485760

2026-05-04 14:15:33,874 INFO notifyConnectTimeout:100

2026-05-04 14:15:33,877 INFO notifySocketTimeout:200

2026-05-04 14:15:33,878 INFO isHealthCheck:true

2026-05-04 14:15:33,878 INFO maxHealthCheckFailCount:12

2026-05-04 14:15:33,879 INFO maxContent:10485760

2026-05-04 14:15:39,369 INFO All dump page size is set to 50 according to mem limit 8796093022207 MB

2026-05-04 14:15:39,377 WARN DumpService start

2026-05-04 14:15:39,378 INFO start clear all config-info.

2026-05-04 14:15:39,380 INFO clear all config-info success.

2026-05-04 14:15:39,380 INFO clear all config-info-tenant success.

2026-05-04 14:15:39,383 INFO start dump all config-info...

2026-05-04 14:15:39,384 INFO success to  dump all config-info。

2026-05-04 14:15:39,385 INFO start to clear all gray-config-info on startup.

2026-05-04 14:15:39,386 INFO clear all config-info-gray success.

2026-05-04 14:15:39,386 INFO clear all config-info-gray-tenant success.

2026-05-04 14:15:44,904 INFO notifyConnectTimeout:100

2026-05-04 14:15:44,907 INFO notifySocketTimeout:200

2026-05-04 14:15:44,908 INFO isHealthCheck:true

2026-05-04 14:15:44,912 INFO maxHealthCheckFailCount:12

2026-05-04 14:15:44,914 INFO maxContent:10485760

2026-05-04 14:15:48,406 INFO notifyConnectTimeout:100

2026-05-04 14:15:48,407 INFO notifySocketTimeout:200

2026-05-04 14:15:48,408 INFO isHealthCheck:true

2026-05-04 14:15:48,409 INFO maxHealthCheckFailCount:12

2026-05-04 14:15:48,410 INFO maxContent:10485760

2026-05-04 14:16:34,695 INFO notifyConnectTimeout:100

2026-05-04 14:16:34,700 INFO notifySocketTimeout:200

2026-05-04 14:16:34,701 INFO isHealthCheck:true

2026-05-04 14:16:34,702 INFO maxHealthCheckFailCount:12

2026-05-04 14:16:34,703 INFO maxContent:10485760

2026-05-04 14:16:40,050 INFO All dump page size is set to 50 according to mem limit 8796093022207 MB

2026-05-04 14:16:40,055 WARN DumpService start

2026-05-04 14:16:40,057 INFO start clear all config-info.

2026-05-04 14:16:40,059 INFO clear all config-info success.

2026-05-04 14:16:40,060 INFO clear all config-info-tenant success.

2026-05-04 14:16:40,063 INFO start dump all config-info...

2026-05-04 14:16:40,063 INFO success to  dump all config-info。

2026-05-04 14:16:40,064 INFO start to clear all gray-config-info on startup.

2026-05-04 14:16:40,065 INFO clear all config-info-gray success.

2026-05-04 14:16:40,066 INFO clear all config-info-gray-tenant success.

2026-05-04 14:16:46,849 INFO notifyConnectTimeout:100

2026-05-04 14:16:46,851 INFO notifySocketTimeout:200

2026-05-04 14:16:46,854 INFO isHealthCheck:true

2026-05-04 14:16:46,857 INFO maxHealthCheckFailCount:12

2026-05-04 14:16:46,859 INFO maxContent:10485760

2026-05-04 14:16:51,759 INFO notifyConnectTimeout:100

2026-05-04 14:16:51,760 INFO notifySocketTimeout:200

2026-05-04 14:16:51,761 INFO isHealthCheck:true

2026-05-04 14:16:51,761 INFO maxHealthCheckFailCount:12

2026-05-04 14:16:51,762 INFO maxContent:10485760

2026-05-04 14:32:22,559 INFO notifyConnectTimeout:100

2026-05-04 14:32:22,563 INFO notifySocketTimeout:200

2026-05-04 14:32:22,565 INFO isHealthCheck:true

2026-05-04 14:32:22,565 INFO maxHealthCheckFailCount:12

2026-05-04 14:32:22,566 INFO maxContent:10485760

2026-05-04 14:32:27,752 INFO All dump page size is set to 50 according to mem limit 8796093022207 MB

2026-05-04 14:32:27,761 WARN DumpService start

2026-05-04 14:32:27,762 INFO start clear all config-info.

2026-05-04 14:32:27,765 INFO clear all config-info success.

2026-05-04 14:32:27,765 INFO clear all config-info-tenant success.

2026-05-04 14:32:27,769 INFO start dump all config-info...

2026-05-04 14:32:27,770 INFO success to  dump all config-info。

2026-05-04 14:32:27,771 INFO start to clear all gray-config-info on startup.

2026-05-04 14:32:27,771 INFO clear all config-info-gray success.

2026-05-04 14:32:27,772 INFO clear all config-info-gray-tenant success.

2026-05-04 14:32:33,868 INFO notifyConnectTimeout:100

2026-05-04 14:32:33,869 INFO notifySocketTimeout:200

2026-05-04 14:32:33,869 INFO isHealthCheck:true

2026-05-04 14:32:33,870 INFO maxHealthCheckFailCount:12

2026-05-04 14:32:33,870 INFO maxContent:10485760

2026-05-04 14:32:37,496 INFO notifyConnectTimeout:100

2026-05-04 14:32:37,497 INFO notifySocketTimeout:200

2026-05-04 14:32:37,497 INFO isHealthCheck:true

2026-05-04 14:32:37,498 INFO maxHealthCheckFailCount:12

2026-05-04 14:32:37,499 INFO maxContent:10485760

2026-05-04 14:43:53,262 INFO notifyConnectTimeout:100

2026-05-04 14:43:53,265 INFO notifySocketTimeout:200

2026-05-04 14:43:53,266 INFO isHealthCheck:true

2026-05-04 14:43:53,267 INFO maxHealthCheckFailCount:12

2026-05-04 14:43:53,267 INFO maxContent:10485760

2026-05-04 14:43:58,978 INFO All dump page size is set to 50 according to mem limit 8796093022207 MB

2026-05-04 14:43:58,984 WARN DumpService start

2026-05-04 14:43:58,985 INFO start clear all config-info.

2026-05-04 14:43:58,987 INFO clear all config-info success.

2026-05-04 14:43:58,988 INFO clear all config-info-tenant success.

2026-05-04 14:43:58,990 INFO start dump all config-info...

2026-05-04 14:43:58,990 INFO success to  dump all config-info。

2026-05-04 14:43:58,991 INFO start to clear all gray-config-info on startup.

2026-05-04 14:43:58,991 INFO clear all config-info-gray success.

2026-05-04 14:43:58,992 INFO clear all config-info-gray-tenant success.

2026-05-04 14:44:04,645 INFO notifyConnectTimeout:100

2026-05-04 14:44:04,646 INFO notifySocketTimeout:200

2026-05-04 14:44:04,647 INFO isHealthCheck:true

2026-05-04 14:44:04,647 INFO maxHealthCheckFailCount:12

2026-05-04 14:44:04,648 INFO maxContent:10485760

2026-05-04 14:44:08,352 INFO notifyConnectTimeout:100

2026-05-04 14:44:08,352 INFO notifySocketTimeout:200

2026-05-04 14:44:08,353 INFO isHealthCheck:true

2026-05-04 14:44:08,353 INFO maxHealthCheckFailCount:12

2026-05-04 14:44:08,353 INFO maxContent:10485760

2026-05-04 14:49:53,495 INFO notifyConnectTimeout:100

2026-05-04 14:49:53,497 INFO notifySocketTimeout:200

2026-05-04 14:49:53,531 INFO isHealthCheck:true

2026-05-04 14:49:53,532 INFO maxHealthCheckFailCount:12

2026-05-04 14:49:53,532 INFO maxContent:10485760

2026-05-04 14:49:59,425 INFO All dump page size is set to 50 according to mem limit 8796093022207 MB

2026-05-04 14:49:59,429 WARN DumpService start

2026-05-04 14:49:59,430 INFO start clear all config-info.

2026-05-04 14:49:59,432 INFO clear all config-info success.

2026-05-04 14:49:59,432 INFO clear all config-info-tenant success.

2026-05-04 14:49:59,434 INFO start dump all config-info...

2026-05-04 14:49:59,435 INFO success to  dump all config-info。

2026-05-04 14:49:59,436 INFO start to clear all gray-config-info on startup.

2026-05-04 14:49:59,436 INFO clear all config-info-gray success.

2026-05-04 14:49:59,436 INFO clear all config-info-gray-tenant success.

2026-05-04 14:50:04,662 INFO notifyConnectTimeout:100

2026-05-04 14:50:04,662 INFO notifySocketTimeout:200

2026-05-04 14:50:04,663 INFO isHealthCheck:true

2026-05-04 14:50:04,664 INFO maxHealthCheckFailCount:12

2026-05-04 14:50:04,664 INFO maxContent:10485760

2026-05-04 14:50:07,915 INFO notifyConnectTimeout:100

2026-05-04 14:50:07,916 INFO notifySocketTimeout:200

2026-05-04 14:50:07,916 INFO isHealthCheck:true

2026-05-04 14:50:07,916 INFO maxHealthCheckFailCount:12

2026-05-04 14:50:07,917 INFO maxContent:10485760

2026-05-04 16:13:08,111 INFO notifyConnectTimeout:100

2026-05-04 16:13:08,114 INFO notifySocketTimeout:200

2026-05-04 16:13:08,115 INFO isHealthCheck:true

2026-05-04 16:13:08,115 INFO maxHealthCheckFailCount:12

2026-05-04 16:13:08,115 INFO maxContent:10485760

2026-05-04 16:13:14,809 INFO All dump page size is set to 50 according to mem limit 8796093022207 MB

2026-05-04 16:13:14,815 WARN DumpService start

2026-05-04 16:13:14,817 INFO start clear all config-info.

2026-05-04 16:13:14,819 INFO clear all config-info success.

2026-05-04 16:13:14,819 INFO clear all config-info-tenant success.

2026-05-04 16:13:14,822 INFO start dump all config-info...

2026-05-04 16:13:14,836 INFO [all-dump] submit all task for 2 / 2, dbTime=10,diskTime=3

2026-05-04 16:13:14,837 INFO [all-dump] wait 1 dump tasks to be finished

2026-05-04 16:13:15,838 INFO success to  dump all config-info。

2026-05-04 16:13:15,838 INFO start to clear all gray-config-info on startup.

2026-05-04 16:13:15,839 INFO clear all config-info-gray success.

2026-05-04 16:13:15,839 INFO clear all config-info-gray-tenant success.

2026-05-04 16:13:21,721 INFO notifyConnectTimeout:100

2026-05-04 16:13:21,723 INFO notifySocketTimeout:200

2026-05-04 16:13:21,724 INFO isHealthCheck:true

2026-05-04 16:13:21,724 INFO maxHealthCheckFailCount:12

2026-05-04 16:13:21,725 INFO maxContent:10485760

2026-05-04 16:13:26,388 INFO notifyConnectTimeout:100

2026-05-04 16:13:26,389 INFO notifySocketTimeout:200

2026-05-04 16:13:26,390 INFO isHealthCheck:true

2026-05-04 16:13:26,390 INFO maxHealthCheckFailCount:12

2026-05-04 16:13:26,390 INFO maxContent:10485760

