[2026-05-04T16:13:04.157+0800][gc] Using G1
[2026-05-04T16:13:04.164+0800][gc,init] Version: 17.0.18+8-Ubuntu-124.04.1 (release)
[2026-05-04T16:13:04.164+0800][gc,init] CPUs: 12 total, 12 available
[2026-05-04T16:13:04.164+0800][gc,init] Memory: 7919M
[2026-05-04T16:13:04.165+0800][gc,init] Large Page Support: Disabled
[2026-05-04T16:13:04.165+0800][gc,init] NUMA Support: Disabled
[2026-05-04T16:13:04.165+0800][gc,init] Compressed Oops: Enabled (32-bit)
[2026-05-04T16:13:04.165+0800][gc,init] Heap Region Size: 1M
[2026-05-04T16:13:04.166+0800][gc,init] Heap Min Capacity: 512M
[2026-05-04T16:13:04.166+0800][gc,init] Heap Initial Capacity: 512M
[2026-05-04T16:13:04.166+0800][gc,init] Heap Max Capacity: 512M
[2026-05-04T16:13:04.167+0800][gc,init] Pre-touch: Disabled
[2026-05-04T16:13:04.167+0800][gc,init] Parallel Workers: 10
[2026-05-04T16:13:04.167+0800][gc,init] Concurrent Workers: 3
[2026-05-04T16:13:04.167+0800][gc,init] Concurrent Refinement Workers: 10
[2026-05-04T16:13:04.168+0800][gc,init] Periodic GC: Disabled
[2026-05-04T16:13:04.175+0800][gc,metaspace] CDS archive(s) mapped at: [0x00007ff02f000000-0x00007ff02fbca000-0x00007ff02fbca000), size 12361728, SharedBaseAddress: 0x00007ff02f000000, ArchiveRelocationMode: 1.
[2026-05-04T16:13:04.175+0800][gc,metaspace] Compressed class space mapped at: 0x00007ff030000000-0x00007ff070000000, reserved size: 1073741824
[2026-05-04T16:13:04.176+0800][gc,metaspace] Narrow klass base: 0x00007ff02f000000, Narrow klass shift: 0, Narrow klass range: 0x100000000
[2026-05-04T16:13:08.138+0800][gc,start    ] GC(0) Pause Young (Normal) (G1 Evacuation Pause)
[2026-05-04T16:13:08.140+0800][gc,task     ] GC(0) Using 10 workers of 10 for evacuation
[2026-05-04T16:13:08.174+0800][gc,phases   ] GC(0)   Pre Evacuate Collection Set: 0.25ms
[2026-05-04T16:13:08.174+0800][gc,phases   ] GC(0)   Merge Heap Roots: 0.23ms
[2026-05-04T16:13:08.174+0800][gc,phases   ] GC(0)   Evacuate Collection Set: 29.95ms
[2026-05-04T16:13:08.175+0800][gc,phases   ] GC(0)   Post Evacuate Collection Set: 2.85ms
[2026-05-04T16:13:08.175+0800][gc,phases   ] GC(0)   Other: 2.32ms
[2026-05-04T16:13:08.175+0800][gc,heap     ] GC(0) Eden regions: 256->0(244)
[2026-05-04T16:13:08.175+0800][gc,heap     ] GC(0) Survivor regions: 0->12(32)
[2026-05-04T16:13:08.175+0800][gc,heap     ] GC(0) Old regions: 0->0
[2026-05-04T16:13:08.176+0800][gc,heap     ] GC(0) Archive regions: 2->2
[2026-05-04T16:13:08.176+0800][gc,heap     ] GC(0) Humongous regions: 0->0
[2026-05-04T16:13:08.176+0800][gc,metaspace] GC(0) Metaspace: 16948K(17280K)->16948K(17280K) NonClass: 14910K(15104K)->14910K(15104K) Class: 2037K(2176K)->2037K(2176K)
[2026-05-04T16:13:08.176+0800][gc          ] GC(0) Pause Young (Normal) (G1 Evacuation Pause) 256M->12M(512M) 38.173ms
[2026-05-04T16:13:08.177+0800][gc,cpu      ] GC(0) User=0.03s Sys=0.27s Real=0.03s
[2026-05-04T16:13:08.451+0800][gc,start    ] GC(1) Pause Young (Concurrent Start) (Metadata GC Threshold)
[2026-05-04T16:13:08.452+0800][gc,task     ] GC(1) Using 10 workers of 10 for evacuation
[2026-05-04T16:13:08.467+0800][gc,phases   ] GC(1)   Pre Evacuate Collection Set: 0.47ms
[2026-05-04T16:13:08.467+0800][gc,phases   ] GC(1)   Merge Heap Roots: 0.36ms
[2026-05-04T16:13:08.468+0800][gc,phases   ] GC(1)   Evacuate Collection Set: 10.25ms
[2026-05-04T16:13:08.468+0800][gc,phases   ] GC(1)   Post Evacuate Collection Set: 3.16ms
[2026-05-04T16:13:08.468+0800][gc,phases   ] GC(1)   Other: 1.34ms
[2026-05-04T16:13:08.469+0800][gc,heap     ] GC(1) Eden regions: 63->0(242)
[2026-05-04T16:13:08.469+0800][gc,heap     ] GC(1) Survivor regions: 12->14(32)
[2026-05-04T16:13:08.469+0800][gc,heap     ] GC(1) Old regions: 0->0
[2026-05-04T16:13:08.469+0800][gc,heap     ] GC(1) Archive regions: 2->2
[2026-05-04T16:13:08.470+0800][gc,heap     ] GC(1) Humongous regions: 1->0
[2026-05-04T16:13:08.470+0800][gc,metaspace] GC(1) Metaspace: 21160K(21504K)->21160K(21504K) NonClass: 18641K(18816K)->18641K(18816K) Class: 2518K(2688K)->2518K(2688K)
[2026-05-04T16:13:08.470+0800][gc          ] GC(1) Pause Young (Concurrent Start) (Metadata GC Threshold) 75M->14M(512M) 18.986ms
[2026-05-04T16:13:08.471+0800][gc,cpu      ] GC(1) User=0.06s Sys=0.06s Real=0.02s
[2026-05-04T16:13:08.472+0800][gc          ] GC(2) Concurrent Mark Cycle
[2026-05-04T16:13:08.474+0800][gc,marking  ] GC(2) Concurrent Clear Claimed Marks
[2026-05-04T16:13:08.474+0800][gc,marking  ] GC(2) Concurrent Clear Claimed Marks 0.658ms
[2026-05-04T16:13:08.475+0800][gc,marking  ] GC(2) Concurrent Scan Root Regions
[2026-05-04T16:13:08.480+0800][gc,marking  ] GC(2) Concurrent Scan Root Regions 5.105ms
[2026-05-04T16:13:08.481+0800][gc,marking  ] GC(2) Concurrent Mark
[2026-05-04T16:13:08.482+0800][gc,marking  ] GC(2) Concurrent Mark From Roots
[2026-05-04T16:13:08.482+0800][gc,task     ] GC(2) Using 3 workers of 3 for marking
[2026-05-04T16:13:08.485+0800][gc,marking  ] GC(2) Concurrent Mark From Roots 3.603ms
[2026-05-04T16:13:08.486+0800][gc,marking  ] GC(2) Concurrent Preclean
[2026-05-04T16:13:08.487+0800][gc,marking  ] GC(2) Concurrent Preclean 0.668ms
[2026-05-04T16:13:08.488+0800][gc,start    ] GC(2) Pause Remark
[2026-05-04T16:13:08.492+0800][gc          ] GC(2) Pause Remark 15M->15M(512M) 4.698ms
[2026-05-04T16:13:08.493+0800][gc,cpu      ] GC(2) User=0.02s Sys=0.01s Real=0.00s
[2026-05-04T16:13:08.494+0800][gc,marking  ] GC(2) Concurrent Mark 12.272ms
[2026-05-04T16:13:08.494+0800][gc,marking  ] GC(2) Concurrent Rebuild Remembered Sets
[2026-05-04T16:13:08.494+0800][gc,marking  ] GC(2) Concurrent Rebuild Remembered Sets 0.383ms
[2026-05-04T16:13:08.495+0800][gc,start    ] GC(2) Pause Cleanup
[2026-05-04T16:13:08.496+0800][gc          ] GC(2) Pause Cleanup 15M->15M(512M) 0.773ms
[2026-05-04T16:13:08.496+0800][gc,cpu      ] GC(2) User=0.00s Sys=0.00s Real=0.00s
[2026-05-04T16:13:08.497+0800][gc,marking  ] GC(2) Concurrent Cleanup for Next Mark
[2026-05-04T16:13:08.506+0800][gc,marking  ] GC(2) Concurrent Cleanup for Next Mark 9.532ms
[2026-05-04T16:13:08.507+0800][gc          ] GC(2) Concurrent Mark Cycle 35.763ms
[2026-05-04T16:13:09.786+0800][gc,start    ] GC(3) Pause Young (Normal) (G1 Evacuation Pause)
[2026-05-04T16:13:09.786+0800][gc,task     ] GC(3) Using 10 workers of 10 for evacuation
[2026-05-04T16:13:09.822+0800][gc,phases   ] GC(3)   Pre Evacuate Collection Set: 0.36ms
[2026-05-04T16:13:09.822+0800][gc,phases   ] GC(3)   Merge Heap Roots: 0.22ms
[2026-05-04T16:13:09.823+0800][gc,phases   ] GC(3)   Evacuate Collection Set: 31.36ms
[2026-05-04T16:13:09.823+0800][gc,phases   ] GC(3)   Post Evacuate Collection Set: 3.27ms
[2026-05-04T16:13:09.823+0800][gc,phases   ] GC(3)   Other: 0.92ms
[2026-05-04T16:13:09.823+0800][gc,heap     ] GC(3) Eden regions: 242->0(230)
[2026-05-04T16:13:09.823+0800][gc,heap     ] GC(3) Survivor regions: 14->26(32)
[2026-05-04T16:13:09.824+0800][gc,heap     ] GC(3) Old regions: 0->0
[2026-05-04T16:13:09.824+0800][gc,heap     ] GC(3) Archive regions: 2->2
[2026-05-04T16:13:09.824+0800][gc,heap     ] GC(3) Humongous regions: 0->0
[2026-05-04T16:13:09.824+0800][gc,metaspace] GC(3) Metaspace: 27383K(27776K)->27383K(27776K) NonClass: 24069K(24256K)->24069K(24256K) Class: 3313K(3520K)->3313K(3520K)
[2026-05-04T16:13:09.825+0800][gc          ] GC(3) Pause Young (Normal) (G1 Evacuation Pause) 256M->26M(512M) 38.806ms
[2026-05-04T16:13:09.825+0800][gc,cpu      ] GC(3) User=0.25s Sys=0.13s Real=0.04s
[2026-05-04T16:13:11.754+0800][gc,start    ] GC(4) Pause Young (Normal) (G1 Evacuation Pause)
[2026-05-04T16:13:11.754+0800][gc,task     ] GC(4) Using 10 workers of 10 for evacuation
[2026-05-04T16:13:11.793+0800][gc,phases   ] GC(4)   Pre Evacuate Collection Set: 0.30ms
[2026-05-04T16:13:11.794+0800][gc,phases   ] GC(4)   Merge Heap Roots: 0.31ms
[2026-05-04T16:13:11.794+0800][gc,phases   ] GC(4)   Evacuate Collection Set: 34.54ms
[2026-05-04T16:13:11.795+0800][gc,phases   ] GC(4)   Post Evacuate Collection Set: 3.06ms
[2026-05-04T16:13:11.796+0800][gc,phases   ] GC(4)   Other: 1.12ms
[2026-05-04T16:13:11.796+0800][gc,heap     ] GC(4) Eden regions: 230->0(234)
[2026-05-04T16:13:11.796+0800][gc,heap     ] GC(4) Survivor regions: 26->22(32)
[2026-05-04T16:13:11.797+0800][gc,heap     ] GC(4) Old regions: 0->12
[2026-05-04T16:13:11.798+0800][gc,heap     ] GC(4) Archive regions: 2->2
[2026-05-04T16:13:11.799+0800][gc,heap     ] GC(4) Humongous regions: 0->0
[2026-05-04T16:13:11.799+0800][gc,metaspace] GC(4) Metaspace: 31242K(31616K)->31242K(31616K) NonClass: 27510K(27712K)->27510K(27712K) Class: 3732K(3904K)->3732K(3904K)
[2026-05-04T16:13:11.799+0800][gc          ] GC(4) Pause Young (Normal) (G1 Evacuation Pause) 256M->33M(512M) 45.591ms
[2026-05-04T16:13:11.800+0800][gc,cpu      ] GC(4) User=0.24s Sys=0.15s Real=0.05s
[2026-05-04T16:13:12.766+0800][gc,start    ] GC(5) Pause Young (Concurrent Start) (Metadata GC Threshold)
[2026-05-04T16:13:12.766+0800][gc,task     ] GC(5) Using 10 workers of 10 for evacuation
[2026-05-04T16:13:12.797+0800][gc,phases   ] GC(5)   Pre Evacuate Collection Set: 0.45ms
[2026-05-04T16:13:12.797+0800][gc,phases   ] GC(5)   Merge Heap Roots: 0.20ms
[2026-05-04T16:13:12.798+0800][gc,phases   ] GC(5)   Evacuate Collection Set: 27.50ms
[2026-05-04T16:13:12.798+0800][gc,phases   ] GC(5)   Post Evacuate Collection Set: 2.01ms
[2026-05-04T16:13:12.798+0800][gc,phases   ] GC(5)   Other: 0.90ms
[2026-05-04T16:13:12.798+0800][gc,heap     ] GC(5) Eden regions: 136->0(244)
[2026-05-04T16:13:12.799+0800][gc,heap     ] GC(5) Survivor regions: 22->12(32)
[2026-05-04T16:13:12.799+0800][gc,heap     ] GC(5) Old regions: 12->25
[2026-05-04T16:13:12.799+0800][gc,heap     ] GC(5) Archive regions: 2->2
[2026-05-04T16:13:12.799+0800][gc,heap     ] GC(5) Humongous regions: 0->0
[2026-05-04T16:13:12.799+0800][gc,metaspace] GC(5) Metaspace: 35699K(36096K)->35699K(36096K) NonClass: 31352K(31552K)->31352K(31552K) Class: 4346K(4544K)->4346K(4544K)
[2026-05-04T16:13:12.800+0800][gc          ] GC(5) Pause Young (Concurrent Start) (Metadata GC Threshold) 169M->37M(512M) 33.806ms
[2026-05-04T16:13:12.800+0800][gc,cpu      ] GC(5) User=0.16s Sys=0.13s Real=0.04s
[2026-05-04T16:13:12.800+0800][gc          ] GC(6) Concurrent Mark Cycle
[2026-05-04T16:13:12.801+0800][gc,marking  ] GC(6) Concurrent Clear Claimed Marks
[2026-05-04T16:13:12.801+0800][gc,marking  ] GC(6) Concurrent Clear Claimed Marks 0.377ms
[2026-05-04T16:13:12.801+0800][gc,marking  ] GC(6) Concurrent Scan Root Regions
[2026-05-04T16:13:12.807+0800][gc,marking  ] GC(6) Concurrent Scan Root Regions 5.741ms
[2026-05-04T16:13:12.807+0800][gc,marking  ] GC(6) Concurrent Mark
[2026-05-04T16:13:12.808+0800][gc,marking  ] GC(6) Concurrent Mark From Roots
[2026-05-04T16:13:12.808+0800][gc,task     ] GC(6) Using 3 workers of 3 for marking
[2026-05-04T16:13:12.816+0800][gc,marking  ] GC(6) Concurrent Mark From Roots 7.732ms
[2026-05-04T16:13:12.816+0800][gc,marking  ] GC(6) Concurrent Preclean
[2026-05-04T16:13:12.816+0800][gc,marking  ] GC(6) Concurrent Preclean 0.495ms
[2026-05-04T16:13:12.817+0800][gc,start    ] GC(6) Pause Remark
[2026-05-04T16:13:12.820+0800][gc          ] GC(6) Pause Remark 39M->39M(512M) 3.625ms
[2026-05-04T16:13:12.821+0800][gc,cpu      ] GC(6) User=0.04s Sys=0.00s Real=0.01s
[2026-05-04T16:13:12.821+0800][gc,marking  ] GC(6) Concurrent Mark 13.880ms
[2026-05-04T16:13:12.822+0800][gc,marking  ] GC(6) Concurrent Rebuild Remembered Sets
[2026-05-04T16:13:12.822+0800][gc,marking  ] GC(6) Concurrent Rebuild Remembered Sets 0.294ms
[2026-05-04T16:13:12.822+0800][gc,start    ] GC(6) Pause Cleanup
[2026-05-04T16:13:12.823+0800][gc          ] GC(6) Pause Cleanup 39M->39M(512M) 0.246ms
[2026-05-04T16:13:12.823+0800][gc,cpu      ] GC(6) User=0.00s Sys=0.00s Real=0.00s
[2026-05-04T16:13:12.823+0800][gc,marking  ] GC(6) Concurrent Cleanup for Next Mark
[2026-05-04T16:13:12.827+0800][gc,marking  ] GC(6) Concurrent Cleanup for Next Mark 3.586ms
[2026-05-04T16:13:12.828+0800][gc          ] GC(6) Concurrent Mark Cycle 27.263ms
[2026-05-04T16:13:16.115+0800][gc,start    ] GC(7) Pause Young (Normal) (G1 Evacuation Pause)
[2026-05-04T16:13:16.115+0800][gc,task     ] GC(7) Using 10 workers of 10 for evacuation
[2026-05-04T16:13:16.128+0800][gc,phases   ] GC(7)   Pre Evacuate Collection Set: 0.32ms
[2026-05-04T16:13:16.129+0800][gc,phases   ] GC(7)   Merge Heap Roots: 0.21ms
[2026-05-04T16:13:16.129+0800][gc,phases   ] GC(7)   Evacuate Collection Set: 10.28ms
[2026-05-04T16:13:16.130+0800][gc,phases   ] GC(7)   Post Evacuate Collection Set: 2.11ms
[2026-05-04T16:13:16.130+0800][gc,phases   ] GC(7)   Other: 0.73ms
[2026-05-04T16:13:16.130+0800][gc,heap     ] GC(7) Eden regions: 244->0(236)
[2026-05-04T16:13:16.130+0800][gc,heap     ] GC(7) Survivor regions: 12->20(32)
[2026-05-04T16:13:16.131+0800][gc,heap     ] GC(7) Old regions: 25->25
[2026-05-04T16:13:16.131+0800][gc,heap     ] GC(7) Archive regions: 2->2
[2026-05-04T16:13:16.131+0800][gc,heap     ] GC(7) Humongous regions: 0->0
[2026-05-04T16:13:16.131+0800][gc,metaspace] GC(7) Metaspace: 50917K(51392K)->50917K(51392K) NonClass: 44601K(44864K)->44601K(44864K) Class: 6315K(6528K)->6315K(6528K)
[2026-05-04T16:13:16.132+0800][gc          ] GC(7) Pause Young (Normal) (G1 Evacuation Pause) 281M->45M(512M) 17.072ms
[2026-05-04T16:13:16.132+0800][gc,cpu      ] GC(7) User=0.14s Sys=0.01s Real=0.02s
[2026-05-04T16:13:17.082+0800][gc,start    ] GC(8) Pause Young (Concurrent Start) (Metadata GC Threshold)
[2026-05-04T16:13:17.083+0800][gc,task     ] GC(8) Using 10 workers of 10 for evacuation
[2026-05-04T16:13:17.104+0800][gc,phases   ] GC(8)   Pre Evacuate Collection Set: 0.32ms
[2026-05-04T16:13:17.104+0800][gc,phases   ] GC(8)   Merge Heap Roots: 0.29ms
[2026-05-04T16:13:17.105+0800][gc,phases   ] GC(8)   Evacuate Collection Set: 18.18ms
[2026-05-04T16:13:17.105+0800][gc,phases   ] GC(8)   Post Evacuate Collection Set: 1.97ms
[2026-05-04T16:13:17.105+0800][gc,phases   ] GC(8)   Other: 0.85ms
[2026-05-04T16:13:17.105+0800][gc,heap     ] GC(8) Eden regions: 149->0(240)
[2026-05-04T16:13:17.105+0800][gc,heap     ] GC(8) Survivor regions: 20->16(32)
[2026-05-04T16:13:17.106+0800][gc,heap     ] GC(8) Old regions: 25->32
[2026-05-04T16:13:17.106+0800][gc,heap     ] GC(8) Archive regions: 2->2
[2026-05-04T16:13:17.106+0800][gc,heap     ] GC(8) Humongous regions: 0->0
[2026-05-04T16:13:17.106+0800][gc,metaspace] GC(8) Metaspace: 60039K(60480K)->60039K(60480K) NonClass: 52671K(52864K)->52671K(52864K) Class: 7367K(7616K)->7367K(7616K)
[2026-05-04T16:13:17.106+0800][gc          ] GC(8) Pause Young (Concurrent Start) (Metadata GC Threshold) 194M->48M(512M) 23.759ms
[2026-05-04T16:13:17.106+0800][gc,cpu      ] GC(8) User=0.08s Sys=0.11s Real=0.02s
[2026-05-04T16:13:17.107+0800][gc          ] GC(9) Concurrent Mark Cycle
[2026-05-04T16:13:17.107+0800][gc,marking  ] GC(9) Concurrent Clear Claimed Marks
[2026-05-04T16:13:17.107+0800][gc,marking  ] GC(9) Concurrent Clear Claimed Marks 0.271ms
[2026-05-04T16:13:17.108+0800][gc,marking  ] GC(9) Concurrent Scan Root Regions
[2026-05-04T16:13:17.114+0800][gc,marking  ] GC(9) Concurrent Scan Root Regions 6.831ms
[2026-05-04T16:13:17.115+0800][gc,marking  ] GC(9) Concurrent Mark
[2026-05-04T16:13:17.115+0800][gc,marking  ] GC(9) Concurrent Mark From Roots
[2026-05-04T16:13:17.116+0800][gc,task     ] GC(9) Using 3 workers of 3 for marking
[2026-05-04T16:13:17.132+0800][gc,marking  ] GC(9) Concurrent Mark From Roots 16.832ms
[2026-05-04T16:13:17.133+0800][gc,marking  ] GC(9) Concurrent Preclean
[2026-05-04T16:13:17.133+0800][gc,marking  ] GC(9) Concurrent Preclean 0.535ms
[2026-05-04T16:13:17.134+0800][gc,start    ] GC(9) Pause Remark
[2026-05-04T16:13:17.139+0800][gc          ] GC(9) Pause Remark 53M->53M(512M) 4.702ms
[2026-05-04T16:13:17.139+0800][gc,cpu      ] GC(9) User=0.03s Sys=0.00s Real=0.01s
[2026-05-04T16:13:17.139+0800][gc,marking  ] GC(9) Concurrent Mark 24.475ms
[2026-05-04T16:13:17.140+0800][gc,marking  ] GC(9) Concurrent Rebuild Remembered Sets
[2026-05-04T16:13:17.148+0800][gc,marking  ] GC(9) Concurrent Rebuild Remembered Sets 7.690ms
[2026-05-04T16:13:17.149+0800][gc,start    ] GC(9) Pause Cleanup
[2026-05-04T16:13:17.149+0800][gc          ] GC(9) Pause Cleanup 55M->55M(512M) 0.670ms
[2026-05-04T16:13:17.150+0800][gc,cpu      ] GC(9) User=0.00s Sys=0.00s Real=0.00s
[2026-05-04T16:13:17.150+0800][gc,marking  ] GC(9) Concurrent Cleanup for Next Mark
[2026-05-04T16:13:17.151+0800][gc,marking  ] GC(9) Concurrent Cleanup for Next Mark 1.394ms
[2026-05-04T16:13:17.152+0800][gc          ] GC(9) Concurrent Mark Cycle 45.098ms
[2026-05-04T16:13:19.344+0800][gc,start    ] GC(10) Pause Young (Prepare Mixed) (G1 Evacuation Pause)
[2026-05-04T16:13:19.345+0800][gc,task     ] GC(10) Using 10 workers of 10 for evacuation
[2026-05-04T16:13:19.374+0800][gc,phases   ] GC(10)   Pre Evacuate Collection Set: 0.36ms
[2026-05-04T16:13:19.374+0800][gc,phases   ] GC(10)   Merge Heap Roots: 0.18ms
[2026-05-04T16:13:19.375+0800][gc,phases   ] GC(10)   Evacuate Collection Set: 25.40ms
[2026-05-04T16:13:19.375+0800][gc,phases   ] GC(10)   Post Evacuate Collection Set: 2.67ms
[2026-05-04T16:13:19.375+0800][gc,phases   ] GC(10)   Other: 0.87ms
[2026-05-04T16:13:19.375+0800][gc,heap     ] GC(10) Eden regions: 240->0(224)
[2026-05-04T16:13:19.376+0800][gc,heap     ] GC(10) Survivor regions: 16->32(32)
[2026-05-04T16:13:19.376+0800][gc,heap     ] GC(10) Old regions: 32->33
[2026-05-04T16:13:19.376+0800][gc,heap     ] GC(10) Archive regions: 2->2
[2026-05-04T16:13:19.376+0800][gc,heap     ] GC(10) Humongous regions: 0->0
[2026-05-04T16:13:19.376+0800][gc,metaspace] GC(10) Metaspace: 69984K(70528K)->69984K(70528K) NonClass: 61256K(61504K)->61256K(61504K) Class: 8727K(9024K)->8727K(9024K)
[2026-05-04T16:13:19.377+0800][gc          ] GC(10) Pause Young (Prepare Mixed) (G1 Evacuation Pause) 288M->65M(512M) 32.252ms
[2026-05-04T16:13:19.377+0800][gc,cpu      ] GC(10) User=0.29s Sys=0.03s Real=0.04s
[2026-05-04T16:13:21.499+0800][gc,start    ] GC(11) Pause Young (Mixed) (G1 Evacuation Pause)
[2026-05-04T16:13:21.499+0800][gc,task     ] GC(11) Using 10 workers of 10 for evacuation
[2026-05-04T16:13:21.569+0800][gc,phases   ] GC(11)   Pre Evacuate Collection Set: 0.35ms
[2026-05-04T16:13:21.570+0800][gc,phases   ] GC(11)   Merge Heap Roots: 0.27ms
[2026-05-04T16:13:21.570+0800][gc,phases   ] GC(11)   Evacuate Collection Set: 66.65ms
[2026-05-04T16:13:21.570+0800][gc,phases   ] GC(11)   Post Evacuate Collection Set: 2.44ms
[2026-05-04T16:13:21.570+0800][gc,phases   ] GC(11)   Other: 0.76ms
[2026-05-04T16:13:21.571+0800][gc,heap     ] GC(11) Eden regions: 224->0(246)
[2026-05-04T16:13:21.571+0800][gc,heap     ] GC(11) Survivor regions: 32->10(32)
[2026-05-04T16:13:21.571+0800][gc,heap     ] GC(11) Old regions: 33->64
[2026-05-04T16:13:21.571+0800][gc,heap     ] GC(11) Archive regions: 2->2
[2026-05-04T16:13:21.571+0800][gc,heap     ] GC(11) Humongous regions: 0->0
[2026-05-04T16:13:21.571+0800][gc,metaspace] GC(11) Metaspace: 79117K(79680K)->79117K(79680K) NonClass: 69080K(69376K)->69080K(69376K) Class: 10037K(10304K)->10037K(10304K)
[2026-05-04T16:13:21.572+0800][gc          ] GC(11) Pause Young (Mixed) (G1 Evacuation Pause) 289M->73M(512M) 72.642ms
[2026-05-04T16:13:21.572+0800][gc,cpu      ] GC(11) User=0.28s Sys=0.45s Real=0.07s
[2026-05-04T16:13:22.227+0800][gc,start    ] GC(12) Pause Young (Normal) (GCLocker Initiated GC)
[2026-05-04T16:13:22.228+0800][gc,task     ] GC(12) Using 10 workers of 10 for evacuation
[2026-05-04T16:13:22.250+0800][gc,phases   ] GC(12)   Pre Evacuate Collection Set: 0.35ms
[2026-05-04T16:13:22.250+0800][gc,phases   ] GC(12)   Merge Heap Roots: 0.19ms
[2026-05-04T16:13:22.251+0800][gc,phases   ] GC(12)   Evacuate Collection Set: 19.69ms
[2026-05-04T16:13:22.251+0800][gc,phases   ] GC(12)   Post Evacuate Collection Set: 1.25ms
[2026-05-04T16:13:22.251+0800][gc,phases   ] GC(12)   Other: 1.27ms
[2026-05-04T16:13:22.251+0800][gc,heap     ] GC(12) Eden regions: 247->0(224)
[2026-05-04T16:13:22.251+0800][gc,heap     ] GC(12) Survivor regions: 10->32(32)
[2026-05-04T16:13:22.252+0800][gc,heap     ] GC(12) Old regions: 64->70
[2026-05-04T16:13:22.252+0800][gc,heap     ] GC(12) Archive regions: 2->2
[2026-05-04T16:13:22.252+0800][gc,heap     ] GC(12) Humongous regions: 1->1
[2026-05-04T16:13:22.252+0800][gc,metaspace] GC(12) Metaspace: 81849K(82496K)->81849K(82496K) NonClass: 71475K(71808K)->71475K(71808K) Class: 10374K(10688K)->10374K(10688K)
[2026-05-04T16:13:22.252+0800][gc          ] GC(12) Pause Young (Normal) (GCLocker Initiated GC) 321M->103M(512M) 24.786ms
[2026-05-04T16:13:22.253+0800][gc,cpu      ] GC(12) User=0.13s Sys=0.07s Real=0.02s
[2026-05-04T16:13:23.041+0800][gc,start    ] GC(13) Pause Young (Normal) (GCLocker Initiated GC)
[2026-05-04T16:13:23.042+0800][gc,task     ] GC(13) Using 10 workers of 10 for evacuation
[2026-05-04T16:13:23.099+0800][gc,phases   ] GC(13)   Pre Evacuate Collection Set: 0.34ms
[2026-05-04T16:13:23.099+0800][gc,phases   ] GC(13)   Merge Heap Roots: 0.27ms
[2026-05-04T16:13:23.100+0800][gc,phases   ] GC(13)   Evacuate Collection Set: 52.58ms
[2026-05-04T16:13:23.100+0800][gc,phases   ] GC(13)   Post Evacuate Collection Set: 2.92ms
[2026-05-04T16:13:23.101+0800][gc,phases   ] GC(13)   Other: 1.26ms
[2026-05-04T16:13:23.101+0800][gc,heap     ] GC(13) Eden regions: 225->0(242)
[2026-05-04T16:13:23.101+0800][gc,heap     ] GC(13) Survivor regions: 32->14(32)
[2026-05-04T16:13:23.101+0800][gc,heap     ] GC(13) Old regions: 70->100
[2026-05-04T16:13:23.102+0800][gc,heap     ] GC(13) Archive regions: 2->2
[2026-05-04T16:13:23.102+0800][gc,heap     ] GC(13) Humongous regions: 20->6
[2026-05-04T16:13:23.102+0800][gc,metaspace] GC(13) Metaspace: 82608K(83328K)->82608K(83328K) NonClass: 72149K(72512K)->72149K(72512K) Class: 10459K(10816K)->10459K(10816K)
[2026-05-04T16:13:23.103+0800][gc          ] GC(13) Pause Young (Normal) (GCLocker Initiated GC) 347M->120M(512M) 61.490ms
[2026-05-04T16:13:23.103+0800][gc,cpu      ] GC(13) User=0.39s Sys=0.18s Real=0.06s
[2026-05-04T16:13:25.907+0800][gc,start    ] GC(14) Pause Young (Normal) (G1 Evacuation Pause)
[2026-05-04T16:13:25.908+0800][gc,task     ] GC(14) Using 10 workers of 10 for evacuation
[2026-05-04T16:13:25.930+0800][gc,phases   ] GC(14)   Pre Evacuate Collection Set: 0.63ms
[2026-05-04T16:13:25.932+0800][gc,phases   ] GC(14)   Merge Heap Roots: 0.30ms
[2026-05-04T16:13:25.932+0800][gc,phases   ] GC(14)   Evacuate Collection Set: 14.30ms
[2026-05-04T16:13:25.933+0800][gc,phases   ] GC(14)   Post Evacuate Collection Set: 4.12ms
[2026-05-04T16:13:25.934+0800][gc,phases   ] GC(14)   Other: 3.12ms
[2026-05-04T16:13:25.934+0800][gc,heap     ] GC(14) Eden regions: 242->0(234)
[2026-05-04T16:13:25.934+0800][gc,heap     ] GC(14) Survivor regions: 14->22(32)
[2026-05-04T16:13:25.935+0800][gc,heap     ] GC(14) Old regions: 100->100
[2026-05-04T16:13:25.935+0800][gc,heap     ] GC(14) Archive regions: 2->2
[2026-05-04T16:13:25.935+0800][gc,heap     ] GC(14) Humongous regions: 14->6
[2026-05-04T16:13:25.935+0800][gc,metaspace] GC(14) Metaspace: 89199K(89920K)->89199K(89920K) NonClass: 77896K(78272K)->77896K(78272K) Class: 11303K(11648K)->11303K(11648K)
[2026-05-04T16:13:25.936+0800][gc          ] GC(14) Pause Young (Normal) (G1 Evacuation Pause) 370M->127M(512M) 28.424ms
[2026-05-04T16:13:25.936+0800][gc,cpu      ] GC(14) User=0.21s Sys=0.00s Real=0.03s
[2026-05-04T16:13:27.601+0800][gc,start    ] GC(15) Pause Young (Normal) (G1 Evacuation Pause)
[2026-05-04T16:13:27.602+0800][gc,task     ] GC(15) Using 10 workers of 10 for evacuation
[2026-05-04T16:13:27.618+0800][gc,phases   ] GC(15)   Pre Evacuate Collection Set: 0.31ms
[2026-05-04T16:13:27.619+0800][gc,phases   ] GC(15)   Merge Heap Roots: 0.18ms
[2026-05-04T16:13:27.619+0800][gc,phases   ] GC(15)   Evacuate Collection Set: 12.96ms
[2026-05-04T16:13:27.619+0800][gc,phases   ] GC(15)   Post Evacuate Collection Set: 2.70ms
[2026-05-04T16:13:27.619+0800][gc,phases   ] GC(15)   Other: 0.83ms
[2026-05-04T16:13:27.620+0800][gc,heap     ] GC(15) Eden regions: 234->0(239)
[2026-05-04T16:13:27.620+0800][gc,heap     ] GC(15) Survivor regions: 22->17(32)
[2026-05-04T16:13:27.620+0800][gc,heap     ] GC(15) Old regions: 100->111
[2026-05-04T16:13:27.620+0800][gc,heap     ] GC(15) Archive regions: 2->2
[2026-05-04T16:13:27.620+0800][gc,heap     ] GC(15) Humongous regions: 6->6
[2026-05-04T16:13:27.620+0800][gc,metaspace] GC(15) Metaspace: 91011K(91776K)->91011K(91776K) NonClass: 79479K(79872K)->79479K(79872K) Class: 11532K(11904K)->11532K(11904K)
[2026-05-04T16:13:27.621+0800][gc          ] GC(15) Pause Young (Normal) (G1 Evacuation Pause) 361M->134M(512M) 19.355ms
[2026-05-04T16:13:27.621+0800][gc,cpu      ] GC(15) User=0.16s Sys=0.01s Real=0.02s
[2026-05-04T16:16:31.301+0800][gc,start    ] GC(16) Pause Young (Normal) (G1 Evacuation Pause)
[2026-05-04T16:16:31.302+0800][gc,task     ] GC(16) Using 10 workers of 10 for evacuation
[2026-05-04T16:16:31.328+0800][gc,phases   ] GC(16)   Pre Evacuate Collection Set: 0.50ms
[2026-05-04T16:16:31.329+0800][gc,phases   ] GC(16)   Merge Heap Roots: 0.24ms
[2026-05-04T16:16:31.329+0800][gc,phases   ] GC(16)   Evacuate Collection Set: 23.25ms
[2026-05-04T16:16:31.329+0800][gc,phases   ] GC(16)   Post Evacuate Collection Set: 2.46ms
[2026-05-04T16:16:31.330+0800][gc,phases   ] GC(16)   Other: 1.12ms
[2026-05-04T16:16:31.330+0800][gc,heap     ] GC(16) Eden regions: 239->0(241)
[2026-05-04T16:16:31.330+0800][gc,heap     ] GC(16) Survivor regions: 17->15(32)
[2026-05-04T16:16:31.331+0800][gc,heap     ] GC(16) Old regions: 111->120
[2026-05-04T16:16:31.331+0800][gc,heap     ] GC(16) Archive regions: 2->2
[2026-05-04T16:16:31.331+0800][gc,heap     ] GC(16) Humongous regions: 12->12
[2026-05-04T16:16:31.331+0800][gc,metaspace] GC(16) Metaspace: 99001K(99840K)->99001K(99840K) NonClass: 86781K(87232K)->86781K(87232K) Class: 12220K(12608K)->12220K(12608K)
[2026-05-04T16:16:31.332+0800][gc          ] GC(16) Pause Young (Normal) (G1 Evacuation Pause) 379M->147M(512M) 30.655ms
[2026-05-04T16:16:31.332+0800][gc,cpu      ] GC(16) User=0.14s Sys=0.11s Real=0.03s
[2026-05-04T16:19:41.592+0800][gc,start    ] GC(17) Pause Young (Concurrent Start) (Metadata GC Threshold)
[2026-05-04T16:19:41.592+0800][gc,task     ] GC(17) Using 10 workers of 10 for evacuation
[2026-05-04T16:19:41.605+0800][gc,phases   ] GC(17)   Pre Evacuate Collection Set: 0.60ms
[2026-05-04T16:19:41.605+0800][gc,phases   ] GC(17)   Merge Heap Roots: 0.21ms
[2026-05-04T16:19:41.605+0800][gc,phases   ] GC(17)   Evacuate Collection Set: 9.62ms
[2026-05-04T16:19:41.605+0800][gc,phases   ] GC(17)   Post Evacuate Collection Set: 1.66ms
[2026-05-04T16:19:41.606+0800][gc,phases   ] GC(17)   Other: 1.06ms
[2026-05-04T16:19:41.606+0800][gc,heap     ] GC(17) Eden regions: 43->0(238)
[2026-05-04T16:19:41.606+0800][gc,heap     ] GC(17) Survivor regions: 15->18(32)
[2026-05-04T16:19:41.606+0800][gc,heap     ] GC(17) Old regions: 120->120
[2026-05-04T16:19:41.606+0800][gc,heap     ] GC(17) Archive regions: 2->2
[2026-05-04T16:19:41.607+0800][gc,heap     ] GC(17) Humongous regions: 12->12
[2026-05-04T16:19:41.607+0800][gc,metaspace] GC(17) Metaspace: 100312K(101120K)->100312K(101120K) NonClass: 88026K(88448K)->88026K(88448K) Class: 12285K(12672K)->12285K(12672K)
[2026-05-04T16:19:41.607+0800][gc          ] GC(17) Pause Young (Concurrent Start) (Metadata GC Threshold) 190M->149M(512M) 15.293ms
[2026-05-04T16:19:41.607+0800][gc,cpu      ] GC(17) User=0.09s Sys=0.00s Real=0.01s
[2026-05-04T16:19:41.608+0800][gc          ] GC(18) Concurrent Mark Cycle
[2026-05-04T16:19:41.608+0800][gc,marking  ] GC(18) Concurrent Clear Claimed Marks
[2026-05-04T16:19:41.608+0800][gc,marking  ] GC(18) Concurrent Clear Claimed Marks 0.413ms
[2026-05-04T16:19:41.609+0800][gc,marking  ] GC(18) Concurrent Scan Root Regions
[2026-05-04T16:19:41.614+0800][gc,marking  ] GC(18) Concurrent Scan Root Regions 5.303ms
[2026-05-04T16:19:41.614+0800][gc,marking  ] GC(18) Concurrent Mark
[2026-05-04T16:19:41.615+0800][gc,marking  ] GC(18) Concurrent Mark From Roots
[2026-05-04T16:19:41.615+0800][gc,task     ] GC(18) Using 3 workers of 3 for marking
[2026-05-04T16:19:41.657+0800][gc,marking  ] GC(18) Concurrent Mark From Roots 42.887ms
[2026-05-04T16:19:41.658+0800][gc,marking  ] GC(18) Concurrent Preclean
[2026-05-04T16:19:41.659+0800][gc,marking  ] GC(18) Concurrent Preclean 1.059ms
[2026-05-04T16:19:41.659+0800][gc,start    ] GC(18) Pause Remark
[2026-05-04T16:19:41.675+0800][gc          ] GC(18) Pause Remark 149M->132M(512M) 15.821ms
[2026-05-04T16:19:41.676+0800][gc,cpu      ] GC(18) User=0.11s Sys=0.00s Real=0.01s
[2026-05-04T16:19:41.676+0800][gc,marking  ] GC(18) Concurrent Mark 61.940ms
[2026-05-04T16:19:41.677+0800][gc,marking  ] GC(18) Concurrent Rebuild Remembered Sets
[2026-05-04T16:19:41.700+0800][gc,marking  ] GC(18) Concurrent Rebuild Remembered Sets 23.523ms
[2026-05-04T16:19:41.701+0800][gc,start    ] GC(18) Pause Cleanup
[2026-05-04T16:19:41.702+0800][gc          ] GC(18) Pause Cleanup 132M->132M(512M) 0.696ms
[2026-05-04T16:19:41.702+0800][gc,cpu      ] GC(18) User=0.00s Sys=0.00s Real=0.00s
[2026-05-04T16:19:41.702+0800][gc,marking  ] GC(18) Concurrent Cleanup for Next Mark
[2026-05-04T16:19:41.704+0800][gc,marking  ] GC(18) Concurrent Cleanup for Next Mark 1.280ms
[2026-05-04T16:19:41.704+0800][gc          ] GC(18) Concurrent Mark Cycle 96.185ms
[2026-05-04T16:33:14.801+0800][gc,heap,exit] Heap
[2026-05-04T16:33:14.802+0800][gc,heap,exit]  garbage-first heap   total 524288K, used 268106K [0x00000000e0000000, 0x0000000100000000)
[2026-05-04T16:33:14.802+0800][gc,heap,exit]   region size 1024K, 147 young (150528K), 18 survivors (18432K)
[2026-05-04T16:33:14.802+0800][gc,heap,exit]  Metaspace       used 101212K, committed 101952K, reserved 1179648K
[2026-05-04T16:33:14.802+0800][gc,heap,exit]   class space    used 12284K, committed 12672K, reserved 1048576K
