2026-05-04 14:13:04,578 INFO PERFORMANCE:|serviceCount|ipCount|subscribeCount|maxPushCost|avgPushCost|totalPushCount|failPushCount

2026-05-04 14:13:04,579 INFO DISTRO:|V1SyncDone|V1SyncFail|V2SyncDone|V2SyncFail|V2VerifyFail|

2026-05-04 14:13:04,579 INFO PERFORMANCE:|0|0|0|-1|-1|0|0

2026-05-04 14:13:04,602 INFO Task worker status: 
naming_0%16, pending tasks: 0
naming_1%16, pending tasks: 0
naming_2%16, pending tasks: 0
naming_3%16, pending tasks: 0
naming_4%16, pending tasks: 0
naming_5%16, pending tasks: 0
naming_6%16, pending tasks: 0
naming_7%16, pending tasks: 0
naming_8%16, pending tasks: 0
naming_9%16, pending tasks: 0
naming_10%16, pending tasks: 0
naming_11%16, pending tasks: 0
naming_12%16, pending tasks: 0
naming_13%16, pending tasks: 0
naming_14%16, pending tasks: 0
naming_15%16, pending tasks: 0


2026-05-04 14:13:04,604 INFO DISTRO:|0|0|0|

2026-05-04 14:14:03,044 INFO PERFORMANCE:|serviceCount|ipCount|subscribeCount|maxPushCost|avgPushCost|totalPushCount|failPushCount

2026-05-04 14:14:03,044 INFO DISTRO:|V1SyncDone|V1SyncFail|V2SyncDone|V2SyncFail|V2VerifyFail|

2026-05-04 14:14:03,045 INFO PERFORMANCE:|0|0|0|-1|-1|0|0

2026-05-04 14:14:03,052 INFO Task worker status: 
naming_0%16, pending tasks: 0
naming_1%16, pending tasks: 0
naming_2%16, pending tasks: 0
naming_3%16, pending tasks: 0
naming_4%16, pending tasks: 0
naming_5%16, pending tasks: 0
naming_6%16, pending tasks: 0
naming_7%16, pending tasks: 0
naming_8%16, pending tasks: 0
naming_9%16, pending tasks: 0
naming_10%16, pending tasks: 0
naming_11%16, pending tasks: 0
naming_12%16, pending tasks: 0
naming_13%16, pending tasks: 0
naming_14%16, pending tasks: 0
naming_15%16, pending tasks: 0


2026-05-04 14:14:03,053 INFO DISTRO:|0|0|0|

2026-05-04 14:15:03,051 INFO PERFORMANCE:|0|0|0|-1|-1|0|0

2026-05-04 14:15:03,051 INFO Task worker status: 
naming_0%16, pending tasks: 0
naming_1%16, pending tasks: 0
naming_2%16, pending tasks: 0
naming_3%16, pending tasks: 0
naming_4%16, pending tasks: 0
naming_5%16, pending tasks: 0
naming_6%16, pending tasks: 0
naming_7%16, pending tasks: 0
naming_8%16, pending tasks: 0
naming_9%16, pending tasks: 0
naming_10%16, pending tasks: 0
naming_11%16, pending tasks: 0
naming_12%16, pending tasks: 0
naming_13%16, pending tasks: 0
naming_14%16, pending tasks: 0
naming_15%16, pending tasks: 0


2026-05-04 14:15:03,051 INFO DISTRO:|0|0|0|

2026-05-04 14:16:11,323 INFO PERFORMANCE:|serviceCount|ipCount|subscribeCount|maxPushCost|avgPushCost|totalPushCount|failPushCount

2026-05-04 14:16:11,324 INFO DISTRO:|V1SyncDone|V1SyncFail|V2SyncDone|V2SyncFail|V2VerifyFail|

2026-05-04 14:16:11,324 INFO PERFORMANCE:|0|0|0|-1|-1|0|0

2026-05-04 14:16:11,330 INFO Task worker status: 
naming_0%16, pending tasks: 0
naming_1%16, pending tasks: 0
naming_2%16, pending tasks: 0
naming_3%16, pending tasks: 0
naming_4%16, pending tasks: 0
naming_5%16, pending tasks: 0
naming_6%16, pending tasks: 0
naming_7%16, pending tasks: 0
naming_8%16, pending tasks: 0
naming_9%16, pending tasks: 0
naming_10%16, pending tasks: 0
naming_11%16, pending tasks: 0
naming_12%16, pending tasks: 0
naming_13%16, pending tasks: 0
naming_14%16, pending tasks: 0
naming_15%16, pending tasks: 0


2026-05-04 14:16:11,332 INFO DISTRO:|0|0|0|

2026-05-04 14:17:12,646 INFO PERFORMANCE:|serviceCount|ipCount|subscribeCount|maxPushCost|avgPushCost|totalPushCount|failPushCount

2026-05-04 14:17:12,647 INFO DISTRO:|V1SyncDone|V1SyncFail|V2SyncDone|V2SyncFail|V2VerifyFail|

2026-05-04 14:17:12,647 INFO PERFORMANCE:|0|0|0|-1|-1|0|0

2026-05-04 14:17:12,652 INFO Task worker status: 
naming_0%16, pending tasks: 0
naming_1%16, pending tasks: 0
naming_2%16, pending tasks: 0
naming_3%16, pending tasks: 0
naming_4%16, pending tasks: 0
naming_5%16, pending tasks: 0
naming_6%16, pending tasks: 0
naming_7%16, pending tasks: 0
naming_8%16, pending tasks: 0
naming_9%16, pending tasks: 0
naming_10%16, pending tasks: 0
naming_11%16, pending tasks: 0
naming_12%16, pending tasks: 0
naming_13%16, pending tasks: 0
naming_14%16, pending tasks: 0
naming_15%16, pending tasks: 0


2026-05-04 14:17:12,654 INFO DISTRO:|0|0|0|

2026-05-04 14:18:12,653 INFO PERFORMANCE:|0|0|0|-1|-1|0|0

2026-05-04 14:18:12,653 INFO Task worker status: 
naming_0%16, pending tasks: 0
naming_1%16, pending tasks: 0
naming_2%16, pending tasks: 0
naming_3%16, pending tasks: 0
naming_4%16, pending tasks: 0
naming_5%16, pending tasks: 0
naming_6%16, pending tasks: 0
naming_7%16, pending tasks: 0
naming_8%16, pending tasks: 0
naming_9%16, pending tasks: 0
naming_10%16, pending tasks: 0
naming_11%16, pending tasks: 0
naming_12%16, pending tasks: 0
naming_13%16, pending tasks: 0
naming_14%16, pending tasks: 0
naming_15%16, pending tasks: 0


2026-05-04 14:18:12,654 INFO DISTRO:|0|0|0|

2026-05-04 14:19:12,651 INFO PERFORMANCE:|0|0|0|-1|-1|0|0

2026-05-04 14:19:12,651 INFO Task worker status: 
naming_0%16, pending tasks: 0
naming_1%16, pending tasks: 0
naming_2%16, pending tasks: 0
naming_3%16, pending tasks: 0
naming_4%16, pending tasks: 0
naming_5%16, pending tasks: 0
naming_6%16, pending tasks: 0
naming_7%16, pending tasks: 0
naming_8%16, pending tasks: 0
naming_9%16, pending tasks: 0
naming_10%16, pending tasks: 0
naming_11%16, pending tasks: 0
naming_12%16, pending tasks: 0
naming_13%16, pending tasks: 0
naming_14%16, pending tasks: 0
naming_15%16, pending tasks: 0


2026-05-04 14:19:12,652 INFO DISTRO:|0|0|0|

2026-05-04 14:20:12,649 INFO PERFORMANCE:|0|0|0|-1|-1|0|0

2026-05-04 14:20:12,649 INFO Task worker status: 
naming_0%16, pending tasks: 0
naming_1%16, pending tasks: 0
naming_2%16, pending tasks: 0
naming_3%16, pending tasks: 0
naming_4%16, pending tasks: 0
naming_5%16, pending tasks: 0
naming_6%16, pending tasks: 0
naming_7%16, pending tasks: 0
naming_8%16, pending tasks: 0
naming_9%16, pending tasks: 0
naming_10%16, pending tasks: 0
naming_11%16, pending tasks: 0
naming_12%16, pending tasks: 0
naming_13%16, pending tasks: 0
naming_14%16, pending tasks: 0
naming_15%16, pending tasks: 0


2026-05-04 14:20:12,650 INFO DISTRO:|0|0|0|

2026-05-04 14:21:12,647 INFO PERFORMANCE:|0|0|0|-1|-1|0|0

2026-05-04 14:21:12,647 INFO Task worker status: 
naming_0%16, pending tasks: 0
naming_1%16, pending tasks: 0
naming_2%16, pending tasks: 0
naming_3%16, pending tasks: 0
naming_4%16, pending tasks: 0
naming_5%16, pending tasks: 0
naming_6%16, pending tasks: 0
naming_7%16, pending tasks: 0
naming_8%16, pending tasks: 0
naming_9%16, pending tasks: 0
naming_10%16, pending tasks: 0
naming_11%16, pending tasks: 0
naming_12%16, pending tasks: 0
naming_13%16, pending tasks: 0
naming_14%16, pending tasks: 0
naming_15%16, pending tasks: 0


2026-05-04 14:21:12,648 INFO DISTRO:|0|0|0|

2026-05-04 14:22:12,645 INFO PERFORMANCE:|0|0|0|-1|-1|0|0

2026-05-04 14:22:12,645 INFO Task worker status: 
naming_0%16, pending tasks: 0
naming_1%16, pending tasks: 0
naming_2%16, pending tasks: 0
naming_3%16, pending tasks: 0
naming_4%16, pending tasks: 0
naming_5%16, pending tasks: 0
naming_6%16, pending tasks: 0
naming_7%16, pending tasks: 0
naming_8%16, pending tasks: 0
naming_9%16, pending tasks: 0
naming_10%16, pending tasks: 0
naming_11%16, pending tasks: 0
naming_12%16, pending tasks: 0
naming_13%16, pending tasks: 0
naming_14%16, pending tasks: 0
naming_15%16, pending tasks: 0


2026-05-04 14:22:12,645 INFO DISTRO:|0|0|0|

2026-05-04 14:23:12,643 INFO PERFORMANCE:|0|0|0|-1|-1|0|0

2026-05-04 14:23:12,643 INFO Task worker status: 
naming_0%16, pending tasks: 0
naming_1%16, pending tasks: 0
naming_2%16, pending tasks: 0
naming_3%16, pending tasks: 0
naming_4%16, pending tasks: 0
naming_5%16, pending tasks: 0
naming_6%16, pending tasks: 0
naming_7%16, pending tasks: 0
naming_8%16, pending tasks: 0
naming_9%16, pending tasks: 0
naming_10%16, pending tasks: 0
naming_11%16, pending tasks: 0
naming_12%16, pending tasks: 0
naming_13%16, pending tasks: 0
naming_14%16, pending tasks: 0
naming_15%16, pending tasks: 0


2026-05-04 14:23:12,643 INFO DISTRO:|0|0|0|

2026-05-04 14:24:12,641 INFO PERFORMANCE:|0|0|0|-1|-1|0|0

2026-05-04 14:24:12,642 INFO Task worker status: 
naming_0%16, pending tasks: 0
naming_1%16, pending tasks: 0
naming_2%16, pending tasks: 0
naming_3%16, pending tasks: 0
naming_4%16, pending tasks: 0
naming_5%16, pending tasks: 0
naming_6%16, pending tasks: 0
naming_7%16, pending tasks: 0
naming_8%16, pending tasks: 0
naming_9%16, pending tasks: 0
naming_10%16, pending tasks: 0
naming_11%16, pending tasks: 0
naming_12%16, pending tasks: 0
naming_13%16, pending tasks: 0
naming_14%16, pending tasks: 0
naming_15%16, pending tasks: 0


2026-05-04 14:24:12,642 INFO DISTRO:|0|0|0|

2026-05-04 14:25:12,639 INFO PERFORMANCE:|0|0|0|-1|-1|0|0

2026-05-04 14:25:12,639 INFO Task worker status: 
naming_0%16, pending tasks: 0
naming_1%16, pending tasks: 0
naming_2%16, pending tasks: 0
naming_3%16, pending tasks: 0
naming_4%16, pending tasks: 0
naming_5%16, pending tasks: 0
naming_6%16, pending tasks: 0
naming_7%16, pending tasks: 0
naming_8%16, pending tasks: 0
naming_9%16, pending tasks: 0
naming_10%16, pending tasks: 0
naming_11%16, pending tasks: 0
naming_12%16, pending tasks: 0
naming_13%16, pending tasks: 0
naming_14%16, pending tasks: 0
naming_15%16, pending tasks: 0


2026-05-04 14:25:12,640 INFO DISTRO:|0|0|0|

2026-05-04 14:26:12,637 INFO PERFORMANCE:|0|0|0|-1|-1|0|0

2026-05-04 14:26:12,637 INFO Task worker status: 
naming_0%16, pending tasks: 0
naming_1%16, pending tasks: 0
naming_2%16, pending tasks: 0
naming_3%16, pending tasks: 0
naming_4%16, pending tasks: 0
naming_5%16, pending tasks: 0
naming_6%16, pending tasks: 0
naming_7%16, pending tasks: 0
naming_8%16, pending tasks: 0
naming_9%16, pending tasks: 0
naming_10%16, pending tasks: 0
naming_11%16, pending tasks: 0
naming_12%16, pending tasks: 0
naming_13%16, pending tasks: 0
naming_14%16, pending tasks: 0
naming_15%16, pending tasks: 0


2026-05-04 14:26:12,638 INFO DISTRO:|0|0|0|

2026-05-04 14:27:12,635 INFO PERFORMANCE:|serviceCount|ipCount|subscribeCount|maxPushCost|avgPushCost|totalPushCount|failPushCount

2026-05-04 14:27:12,635 INFO DISTRO:|V1SyncDone|V1SyncFail|V2SyncDone|V2SyncFail|V2VerifyFail|

2026-05-04 14:27:12,635 INFO PERFORMANCE:|0|0|0|-1|-1|0|0

2026-05-04 14:27:12,636 INFO Task worker status: 
naming_0%16, pending tasks: 0
naming_1%16, pending tasks: 0
naming_2%16, pending tasks: 0
naming_3%16, pending tasks: 0
naming_4%16, pending tasks: 0
naming_5%16, pending tasks: 0
naming_6%16, pending tasks: 0
naming_7%16, pending tasks: 0
naming_8%16, pending tasks: 0
naming_9%16, pending tasks: 0
naming_10%16, pending tasks: 0
naming_11%16, pending tasks: 0
naming_12%16, pending tasks: 0
naming_13%16, pending tasks: 0
naming_14%16, pending tasks: 0
naming_15%16, pending tasks: 0


2026-05-04 14:27:12,636 INFO DISTRO:|0|0|0|

2026-05-04 14:28:12,633 INFO PERFORMANCE:|0|0|0|-1|-1|0|0

2026-05-04 14:28:12,634 INFO Task worker status: 
naming_0%16, pending tasks: 0
naming_1%16, pending tasks: 0
naming_2%16, pending tasks: 0
naming_3%16, pending tasks: 0
naming_4%16, pending tasks: 0
naming_5%16, pending tasks: 0
naming_6%16, pending tasks: 0
naming_7%16, pending tasks: 0
naming_8%16, pending tasks: 0
naming_9%16, pending tasks: 0
naming_10%16, pending tasks: 0
naming_11%16, pending tasks: 0
naming_12%16, pending tasks: 0
naming_13%16, pending tasks: 0
naming_14%16, pending tasks: 0
naming_15%16, pending tasks: 0


2026-05-04 14:28:12,634 INFO DISTRO:|0|0|0|

2026-05-04 14:29:12,631 INFO PERFORMANCE:|0|0|0|-1|-1|0|0

2026-05-04 14:29:12,632 INFO Task worker status: 
naming_0%16, pending tasks: 0
naming_1%16, pending tasks: 0
naming_2%16, pending tasks: 0
naming_3%16, pending tasks: 0
naming_4%16, pending tasks: 0
naming_5%16, pending tasks: 0
naming_6%16, pending tasks: 0
naming_7%16, pending tasks: 0
naming_8%16, pending tasks: 0
naming_9%16, pending tasks: 0
naming_10%16, pending tasks: 0
naming_11%16, pending tasks: 0
naming_12%16, pending tasks: 0
naming_13%16, pending tasks: 0
naming_14%16, pending tasks: 0
naming_15%16, pending tasks: 0


2026-05-04 14:29:12,632 INFO DISTRO:|0|0|0|

2026-05-04 14:30:12,630 INFO PERFORMANCE:|0|0|0|-1|-1|0|0

2026-05-04 14:30:12,630 INFO Task worker status: 
naming_0%16, pending tasks: 0
naming_1%16, pending tasks: 0
naming_2%16, pending tasks: 0
naming_3%16, pending tasks: 0
naming_4%16, pending tasks: 0
naming_5%16, pending tasks: 0
naming_6%16, pending tasks: 0
naming_7%16, pending tasks: 0
naming_8%16, pending tasks: 0
naming_9%16, pending tasks: 0
naming_10%16, pending tasks: 0
naming_11%16, pending tasks: 0
naming_12%16, pending tasks: 0
naming_13%16, pending tasks: 0
naming_14%16, pending tasks: 0
naming_15%16, pending tasks: 0


2026-05-04 14:30:12,630 INFO DISTRO:|0|0|0|

2026-05-04 14:31:12,627 INFO PERFORMANCE:|0|0|0|-1|-1|0|0

2026-05-04 14:31:12,628 INFO Task worker status: 
naming_0%16, pending tasks: 0
naming_1%16, pending tasks: 0
naming_2%16, pending tasks: 0
naming_3%16, pending tasks: 0
naming_4%16, pending tasks: 0
naming_5%16, pending tasks: 0
naming_6%16, pending tasks: 0
naming_7%16, pending tasks: 0
naming_8%16, pending tasks: 0
naming_9%16, pending tasks: 0
naming_10%16, pending tasks: 0
naming_11%16, pending tasks: 0
naming_12%16, pending tasks: 0
naming_13%16, pending tasks: 0
naming_14%16, pending tasks: 0
naming_15%16, pending tasks: 0


2026-05-04 14:31:12,628 INFO DISTRO:|0|0|0|

2026-05-04 14:33:00,502 INFO PERFORMANCE:|serviceCount|ipCount|subscribeCount|maxPushCost|avgPushCost|totalPushCount|failPushCount

2026-05-04 14:33:00,502 INFO DISTRO:|V1SyncDone|V1SyncFail|V2SyncDone|V2SyncFail|V2VerifyFail|

2026-05-04 14:33:00,503 INFO PERFORMANCE:|1|1|0|-1|-1|0|0

2026-05-04 14:33:00,503 INFO Task worker status: 
naming_0%16, pending tasks: 0
naming_1%16, pending tasks: 0
naming_2%16, pending tasks: 0
naming_3%16, pending tasks: 0
naming_4%16, pending tasks: 0
naming_5%16, pending tasks: 0
naming_6%16, pending tasks: 0
naming_7%16, pending tasks: 0
naming_8%16, pending tasks: 0
naming_9%16, pending tasks: 0
naming_10%16, pending tasks: 0
naming_11%16, pending tasks: 0
naming_12%16, pending tasks: 0
naming_13%16, pending tasks: 0
naming_14%16, pending tasks: 0
naming_15%16, pending tasks: 0


2026-05-04 14:33:00,505 INFO DISTRO:|0|0|0|

2026-05-04 14:34:00,502 INFO PERFORMANCE:|1|1|0|-1|-1|0|0

2026-05-04 14:34:00,503 INFO Task worker status: 
naming_0%16, pending tasks: 0
naming_1%16, pending tasks: 0
naming_2%16, pending tasks: 0
naming_3%16, pending tasks: 0
naming_4%16, pending tasks: 0
naming_5%16, pending tasks: 0
naming_6%16, pending tasks: 0
naming_7%16, pending tasks: 0
naming_8%16, pending tasks: 0
naming_9%16, pending tasks: 0
naming_10%16, pending tasks: 0
naming_11%16, pending tasks: 0
naming_12%16, pending tasks: 0
naming_13%16, pending tasks: 0
naming_14%16, pending tasks: 0
naming_15%16, pending tasks: 0


2026-05-04 14:34:00,503 INFO DISTRO:|0|0|0|

2026-05-04 14:35:00,500 INFO PERFORMANCE:|1|1|0|-1|-1|0|0

2026-05-04 14:35:00,501 INFO Task worker status: 
naming_0%16, pending tasks: 0
naming_1%16, pending tasks: 0
naming_2%16, pending tasks: 0
naming_3%16, pending tasks: 0
naming_4%16, pending tasks: 0
naming_5%16, pending tasks: 0
naming_6%16, pending tasks: 0
naming_7%16, pending tasks: 0
naming_8%16, pending tasks: 0
naming_9%16, pending tasks: 0
naming_10%16, pending tasks: 0
naming_11%16, pending tasks: 0
naming_12%16, pending tasks: 0
naming_13%16, pending tasks: 0
naming_14%16, pending tasks: 0
naming_15%16, pending tasks: 0


2026-05-04 14:35:00,501 INFO DISTRO:|0|0|0|

2026-05-04 14:36:00,499 INFO PERFORMANCE:|1|1|0|-1|-1|0|0

2026-05-04 14:36:00,499 INFO Task worker status: 
naming_0%16, pending tasks: 0
naming_1%16, pending tasks: 0
naming_2%16, pending tasks: 0
naming_3%16, pending tasks: 0
naming_4%16, pending tasks: 0
naming_5%16, pending tasks: 0
naming_6%16, pending tasks: 0
naming_7%16, pending tasks: 0
naming_8%16, pending tasks: 0
naming_9%16, pending tasks: 0
naming_10%16, pending tasks: 0
naming_11%16, pending tasks: 0
naming_12%16, pending tasks: 0
naming_13%16, pending tasks: 0
naming_14%16, pending tasks: 0
naming_15%16, pending tasks: 0


2026-05-04 14:36:00,500 INFO DISTRO:|0|0|0|

2026-05-04 14:37:00,497 INFO PERFORMANCE:|1|0|0|-1|-1|0|0

2026-05-04 14:37:00,497 INFO Task worker status: 
naming_0%16, pending tasks: 0
naming_1%16, pending tasks: 0
naming_2%16, pending tasks: 0
naming_3%16, pending tasks: 0
naming_4%16, pending tasks: 0
naming_5%16, pending tasks: 0
naming_6%16, pending tasks: 0
naming_7%16, pending tasks: 0
naming_8%16, pending tasks: 0
naming_9%16, pending tasks: 0
naming_10%16, pending tasks: 0
naming_11%16, pending tasks: 0
naming_12%16, pending tasks: 0
naming_13%16, pending tasks: 0
naming_14%16, pending tasks: 0
naming_15%16, pending tasks: 0


2026-05-04 14:37:00,497 INFO DISTRO:|0|0|0|

2026-05-04 14:38:00,495 INFO PERFORMANCE:|0|0|0|-1|-1|0|0

2026-05-04 14:38:00,496 INFO Task worker status: 
naming_0%16, pending tasks: 0
naming_1%16, pending tasks: 0
naming_2%16, pending tasks: 0
naming_3%16, pending tasks: 0
naming_4%16, pending tasks: 0
naming_5%16, pending tasks: 0
naming_6%16, pending tasks: 0
naming_7%16, pending tasks: 0
naming_8%16, pending tasks: 0
naming_9%16, pending tasks: 0
naming_10%16, pending tasks: 0
naming_11%16, pending tasks: 0
naming_12%16, pending tasks: 0
naming_13%16, pending tasks: 0
naming_14%16, pending tasks: 0
naming_15%16, pending tasks: 0


2026-05-04 14:38:00,496 INFO DISTRO:|0|0|0|

2026-05-04 14:39:00,493 INFO PERFORMANCE:|0|0|0|-1|-1|0|0

2026-05-04 14:39:00,494 INFO Task worker status: 
naming_0%16, pending tasks: 0
naming_1%16, pending tasks: 0
naming_2%16, pending tasks: 0
naming_3%16, pending tasks: 0
naming_4%16, pending tasks: 0
naming_5%16, pending tasks: 0
naming_6%16, pending tasks: 0
naming_7%16, pending tasks: 0
naming_8%16, pending tasks: 0
naming_9%16, pending tasks: 0
naming_10%16, pending tasks: 0
naming_11%16, pending tasks: 0
naming_12%16, pending tasks: 0
naming_13%16, pending tasks: 0
naming_14%16, pending tasks: 0
naming_15%16, pending tasks: 0


2026-05-04 14:39:00,494 INFO DISTRO:|0|0|0|

2026-05-04 14:40:00,490 INFO PERFORMANCE:|1|1|0|-1|-1|0|0

2026-05-04 14:40:00,491 INFO Task worker status: 
naming_0%16, pending tasks: 0
naming_1%16, pending tasks: 0
naming_2%16, pending tasks: 0
naming_3%16, pending tasks: 0
naming_4%16, pending tasks: 0
naming_5%16, pending tasks: 0
naming_6%16, pending tasks: 0
naming_7%16, pending tasks: 0
naming_8%16, pending tasks: 0
naming_9%16, pending tasks: 0
naming_10%16, pending tasks: 0
naming_11%16, pending tasks: 0
naming_12%16, pending tasks: 0
naming_13%16, pending tasks: 0
naming_14%16, pending tasks: 0
naming_15%16, pending tasks: 0


2026-05-04 14:40:00,491 INFO DISTRO:|0|0|0|

2026-05-04 14:41:00,490 INFO PERFORMANCE:|1|0|0|-1|-1|0|0

2026-05-04 14:41:00,490 INFO Task worker status: 
naming_0%16, pending tasks: 0
naming_1%16, pending tasks: 0
naming_2%16, pending tasks: 0
naming_3%16, pending tasks: 0
naming_4%16, pending tasks: 0
naming_5%16, pending tasks: 0
naming_6%16, pending tasks: 0
naming_7%16, pending tasks: 0
naming_8%16, pending tasks: 0
naming_9%16, pending tasks: 0
naming_10%16, pending tasks: 0
naming_11%16, pending tasks: 0
naming_12%16, pending tasks: 0
naming_13%16, pending tasks: 0
naming_14%16, pending tasks: 0
naming_15%16, pending tasks: 0


2026-05-04 14:41:00,491 INFO DISTRO:|0|0|0|

2026-05-04 14:42:00,487 INFO PERFORMANCE:|0|0|0|-1|-1|0|0

2026-05-04 14:42:00,488 INFO Task worker status: 
naming_0%16, pending tasks: 0
naming_1%16, pending tasks: 0
naming_2%16, pending tasks: 0
naming_3%16, pending tasks: 0
naming_4%16, pending tasks: 0
naming_5%16, pending tasks: 0
naming_6%16, pending tasks: 0
naming_7%16, pending tasks: 0
naming_8%16, pending tasks: 0
naming_9%16, pending tasks: 0
naming_10%16, pending tasks: 0
naming_11%16, pending tasks: 0
naming_12%16, pending tasks: 0
naming_13%16, pending tasks: 0
naming_14%16, pending tasks: 0
naming_15%16, pending tasks: 0


2026-05-04 14:42:00,488 INFO DISTRO:|0|0|0|

2026-05-04 14:43:00,486 INFO PERFORMANCE:|serviceCount|ipCount|subscribeCount|maxPushCost|avgPushCost|totalPushCount|failPushCount

2026-05-04 14:43:00,486 INFO DISTRO:|V1SyncDone|V1SyncFail|V2SyncDone|V2SyncFail|V2VerifyFail|

2026-05-04 14:43:00,487 INFO PERFORMANCE:|1|0|0|-1|-1|0|0

2026-05-04 14:43:00,487 INFO Task worker status: 
naming_0%16, pending tasks: 0
naming_1%16, pending tasks: 0
naming_2%16, pending tasks: 0
naming_3%16, pending tasks: 0
naming_4%16, pending tasks: 0
naming_5%16, pending tasks: 0
naming_6%16, pending tasks: 0
naming_7%16, pending tasks: 0
naming_8%16, pending tasks: 0
naming_9%16, pending tasks: 0
naming_10%16, pending tasks: 0
naming_11%16, pending tasks: 0
naming_12%16, pending tasks: 0
naming_13%16, pending tasks: 0
naming_14%16, pending tasks: 0
naming_15%16, pending tasks: 0


2026-05-04 14:43:00,487 INFO DISTRO:|0|0|0|

2026-05-04 14:44:31,249 INFO PERFORMANCE:|serviceCount|ipCount|subscribeCount|maxPushCost|avgPushCost|totalPushCount|failPushCount

2026-05-04 14:44:31,249 INFO DISTRO:|V1SyncDone|V1SyncFail|V2SyncDone|V2SyncFail|V2VerifyFail|

2026-05-04 14:44:31,250 INFO PERFORMANCE:|1|1|0|-1|-1|0|0

2026-05-04 14:44:31,250 INFO Task worker status: 
naming_0%16, pending tasks: 0
naming_1%16, pending tasks: 0
naming_2%16, pending tasks: 0
naming_3%16, pending tasks: 0
naming_4%16, pending tasks: 0
naming_5%16, pending tasks: 0
naming_6%16, pending tasks: 0
naming_7%16, pending tasks: 0
naming_8%16, pending tasks: 0
naming_9%16, pending tasks: 0
naming_10%16, pending tasks: 0
naming_11%16, pending tasks: 0
naming_12%16, pending tasks: 0
naming_13%16, pending tasks: 0
naming_14%16, pending tasks: 0
naming_15%16, pending tasks: 0


2026-05-04 14:44:31,251 INFO DISTRO:|0|0|0|

2026-05-04 14:45:31,249 INFO PERFORMANCE:|1|1|0|-1|-1|0|0

2026-05-04 14:45:31,249 INFO Task worker status: 
naming_0%16, pending tasks: 0
naming_1%16, pending tasks: 0
naming_2%16, pending tasks: 0
naming_3%16, pending tasks: 0
naming_4%16, pending tasks: 0
naming_5%16, pending tasks: 0
naming_6%16, pending tasks: 0
naming_7%16, pending tasks: 0
naming_8%16, pending tasks: 0
naming_9%16, pending tasks: 0
naming_10%16, pending tasks: 0
naming_11%16, pending tasks: 0
naming_12%16, pending tasks: 0
naming_13%16, pending tasks: 0
naming_14%16, pending tasks: 0
naming_15%16, pending tasks: 0


2026-05-04 14:45:31,250 INFO DISTRO:|0|0|0|

2026-05-04 14:46:31,247 INFO PERFORMANCE:|1|1|0|-1|-1|0|0

2026-05-04 14:46:31,248 INFO Task worker status: 
naming_0%16, pending tasks: 0
naming_1%16, pending tasks: 0
naming_2%16, pending tasks: 0
naming_3%16, pending tasks: 0
naming_4%16, pending tasks: 0
naming_5%16, pending tasks: 0
naming_6%16, pending tasks: 0
naming_7%16, pending tasks: 0
naming_8%16, pending tasks: 0
naming_9%16, pending tasks: 0
naming_10%16, pending tasks: 0
naming_11%16, pending tasks: 0
naming_12%16, pending tasks: 0
naming_13%16, pending tasks: 0
naming_14%16, pending tasks: 0
naming_15%16, pending tasks: 0


2026-05-04 14:46:31,248 INFO DISTRO:|0|0|0|

2026-05-04 14:47:31,246 INFO PERFORMANCE:|1|1|0|-1|-1|0|0

2026-05-04 14:47:31,246 INFO Task worker status: 
naming_0%16, pending tasks: 0
naming_1%16, pending tasks: 0
naming_2%16, pending tasks: 0
naming_3%16, pending tasks: 0
naming_4%16, pending tasks: 0
naming_5%16, pending tasks: 0
naming_6%16, pending tasks: 0
naming_7%16, pending tasks: 0
naming_8%16, pending tasks: 0
naming_9%16, pending tasks: 0
naming_10%16, pending tasks: 0
naming_11%16, pending tasks: 0
naming_12%16, pending tasks: 0
naming_13%16, pending tasks: 0
naming_14%16, pending tasks: 0
naming_15%16, pending tasks: 0


2026-05-04 14:47:31,247 INFO DISTRO:|0|0|0|

2026-05-04 14:48:31,244 INFO PERFORMANCE:|1|1|0|-1|-1|0|0

2026-05-04 14:48:31,245 INFO Task worker status: 
naming_0%16, pending tasks: 0
naming_1%16, pending tasks: 0
naming_2%16, pending tasks: 0
naming_3%16, pending tasks: 0
naming_4%16, pending tasks: 0
naming_5%16, pending tasks: 0
naming_6%16, pending tasks: 0
naming_7%16, pending tasks: 0
naming_8%16, pending tasks: 0
naming_9%16, pending tasks: 0
naming_10%16, pending tasks: 0
naming_11%16, pending tasks: 0
naming_12%16, pending tasks: 0
naming_13%16, pending tasks: 0
naming_14%16, pending tasks: 0
naming_15%16, pending tasks: 0


2026-05-04 14:48:31,245 INFO DISTRO:|0|0|0|

2026-05-04 14:50:31,361 INFO PERFORMANCE:|serviceCount|ipCount|subscribeCount|maxPushCost|avgPushCost|totalPushCount|failPushCount

2026-05-04 14:50:31,362 INFO DISTRO:|V1SyncDone|V1SyncFail|V2SyncDone|V2SyncFail|V2VerifyFail|

2026-05-04 14:50:31,362 INFO PERFORMANCE:|1|1|0|-1|-1|0|0

2026-05-04 14:50:31,363 INFO Task worker status: 
naming_0%16, pending tasks: 0
naming_1%16, pending tasks: 0
naming_2%16, pending tasks: 0
naming_3%16, pending tasks: 0
naming_4%16, pending tasks: 0
naming_5%16, pending tasks: 0
naming_6%16, pending tasks: 0
naming_7%16, pending tasks: 0
naming_8%16, pending tasks: 0
naming_9%16, pending tasks: 0
naming_10%16, pending tasks: 0
naming_11%16, pending tasks: 0
naming_12%16, pending tasks: 0
naming_13%16, pending tasks: 0
naming_14%16, pending tasks: 0
naming_15%16, pending tasks: 0


2026-05-04 14:50:31,365 INFO DISTRO:|0|0|0|

2026-05-04 14:51:31,362 INFO PERFORMANCE:|1|1|0|-1|-1|0|0

2026-05-04 14:51:31,362 INFO Task worker status: 
naming_0%16, pending tasks: 0
naming_1%16, pending tasks: 0
naming_2%16, pending tasks: 0
naming_3%16, pending tasks: 0
naming_4%16, pending tasks: 0
naming_5%16, pending tasks: 0
naming_6%16, pending tasks: 0
naming_7%16, pending tasks: 0
naming_8%16, pending tasks: 0
naming_9%16, pending tasks: 0
naming_10%16, pending tasks: 0
naming_11%16, pending tasks: 0
naming_12%16, pending tasks: 0
naming_13%16, pending tasks: 0
naming_14%16, pending tasks: 0
naming_15%16, pending tasks: 0


2026-05-04 14:51:31,363 INFO DISTRO:|0|0|0|

2026-05-04 14:52:31,361 INFO PERFORMANCE:|1|1|0|-1|-1|0|0

2026-05-04 14:52:31,361 INFO Task worker status: 
naming_0%16, pending tasks: 0
naming_1%16, pending tasks: 0
naming_2%16, pending tasks: 0
naming_3%16, pending tasks: 0
naming_4%16, pending tasks: 0
naming_5%16, pending tasks: 0
naming_6%16, pending tasks: 0
naming_7%16, pending tasks: 0
naming_8%16, pending tasks: 0
naming_9%16, pending tasks: 0
naming_10%16, pending tasks: 0
naming_11%16, pending tasks: 0
naming_12%16, pending tasks: 0
naming_13%16, pending tasks: 0
naming_14%16, pending tasks: 0
naming_15%16, pending tasks: 0


2026-05-04 14:52:31,361 INFO DISTRO:|0|0|0|

2026-05-04 14:53:31,359 INFO PERFORMANCE:|1|1|0|-1|-1|0|0

2026-05-04 14:53:31,360 INFO Task worker status: 
naming_0%16, pending tasks: 0
naming_1%16, pending tasks: 0
naming_2%16, pending tasks: 0
naming_3%16, pending tasks: 0
naming_4%16, pending tasks: 0
naming_5%16, pending tasks: 0
naming_6%16, pending tasks: 0
naming_7%16, pending tasks: 0
naming_8%16, pending tasks: 0
naming_9%16, pending tasks: 0
naming_10%16, pending tasks: 0
naming_11%16, pending tasks: 0
naming_12%16, pending tasks: 0
naming_13%16, pending tasks: 0
naming_14%16, pending tasks: 0
naming_15%16, pending tasks: 0


2026-05-04 14:53:31,360 INFO DISTRO:|0|0|0|

2026-05-04 14:54:31,357 INFO PERFORMANCE:|1|1|0|-1|-1|0|0

2026-05-04 14:54:31,358 INFO Task worker status: 
naming_0%16, pending tasks: 0
naming_1%16, pending tasks: 0
naming_2%16, pending tasks: 0
naming_3%16, pending tasks: 0
naming_4%16, pending tasks: 0
naming_5%16, pending tasks: 0
naming_6%16, pending tasks: 0
naming_7%16, pending tasks: 0
naming_8%16, pending tasks: 0
naming_9%16, pending tasks: 0
naming_10%16, pending tasks: 0
naming_11%16, pending tasks: 0
naming_12%16, pending tasks: 0
naming_13%16, pending tasks: 0
naming_14%16, pending tasks: 0
naming_15%16, pending tasks: 0


2026-05-04 14:54:31,358 INFO DISTRO:|0|0|0|

2026-05-04 14:55:31,356 INFO PERFORMANCE:|1|1|0|-1|-1|0|0

2026-05-04 14:55:31,357 INFO Task worker status: 
naming_0%16, pending tasks: 0
naming_1%16, pending tasks: 0
naming_2%16, pending tasks: 0
naming_3%16, pending tasks: 0
naming_4%16, pending tasks: 0
naming_5%16, pending tasks: 0
naming_6%16, pending tasks: 0
naming_7%16, pending tasks: 0
naming_8%16, pending tasks: 0
naming_9%16, pending tasks: 0
naming_10%16, pending tasks: 0
naming_11%16, pending tasks: 0
naming_12%16, pending tasks: 0
naming_13%16, pending tasks: 0
naming_14%16, pending tasks: 0
naming_15%16, pending tasks: 0


2026-05-04 14:55:31,357 INFO DISTRO:|0|0|0|

2026-05-04 14:56:31,354 INFO PERFORMANCE:|1|1|0|-1|-1|0|0

2026-05-04 14:56:31,355 INFO Task worker status: 
naming_0%16, pending tasks: 0
naming_1%16, pending tasks: 0
naming_2%16, pending tasks: 0
naming_3%16, pending tasks: 0
naming_4%16, pending tasks: 0
naming_5%16, pending tasks: 0
naming_6%16, pending tasks: 0
naming_7%16, pending tasks: 0
naming_8%16, pending tasks: 0
naming_9%16, pending tasks: 0
naming_10%16, pending tasks: 0
naming_11%16, pending tasks: 0
naming_12%16, pending tasks: 0
naming_13%16, pending tasks: 0
naming_14%16, pending tasks: 0
naming_15%16, pending tasks: 0


2026-05-04 14:56:31,355 INFO DISTRO:|0|0|0|

2026-05-04 14:57:31,353 INFO PERFORMANCE:|1|1|0|-1|-1|0|0

2026-05-04 14:57:31,354 INFO Task worker status: 
naming_0%16, pending tasks: 0
naming_1%16, pending tasks: 0
naming_2%16, pending tasks: 0
naming_3%16, pending tasks: 0
naming_4%16, pending tasks: 0
naming_5%16, pending tasks: 0
naming_6%16, pending tasks: 0
naming_7%16, pending tasks: 0
naming_8%16, pending tasks: 0
naming_9%16, pending tasks: 0
naming_10%16, pending tasks: 0
naming_11%16, pending tasks: 0
naming_12%16, pending tasks: 0
naming_13%16, pending tasks: 0
naming_14%16, pending tasks: 0
naming_15%16, pending tasks: 0


2026-05-04 14:57:31,354 INFO DISTRO:|0|0|0|

2026-05-04 14:58:31,351 INFO PERFORMANCE:|1|1|0|-1|-1|0|0

2026-05-04 14:58:31,351 INFO Task worker status: 
naming_0%16, pending tasks: 0
naming_1%16, pending tasks: 0
naming_2%16, pending tasks: 0
naming_3%16, pending tasks: 0
naming_4%16, pending tasks: 0
naming_5%16, pending tasks: 0
naming_6%16, pending tasks: 0
naming_7%16, pending tasks: 0
naming_8%16, pending tasks: 0
naming_9%16, pending tasks: 0
naming_10%16, pending tasks: 0
naming_11%16, pending tasks: 0
naming_12%16, pending tasks: 0
naming_13%16, pending tasks: 0
naming_14%16, pending tasks: 0
naming_15%16, pending tasks: 0


2026-05-04 14:58:31,351 INFO DISTRO:|0|0|0|

2026-05-04 14:59:31,348 INFO PERFORMANCE:|1|1|0|-1|-1|0|0

2026-05-04 14:59:31,349 INFO Task worker status: 
naming_0%16, pending tasks: 0
naming_1%16, pending tasks: 0
naming_2%16, pending tasks: 0
naming_3%16, pending tasks: 0
naming_4%16, pending tasks: 0
naming_5%16, pending tasks: 0
naming_6%16, pending tasks: 0
naming_7%16, pending tasks: 0
naming_8%16, pending tasks: 0
naming_9%16, pending tasks: 0
naming_10%16, pending tasks: 0
naming_11%16, pending tasks: 0
naming_12%16, pending tasks: 0
naming_13%16, pending tasks: 0
naming_14%16, pending tasks: 0
naming_15%16, pending tasks: 0


2026-05-04 14:59:31,349 INFO DISTRO:|0|0|0|

2026-05-04 15:00:31,346 INFO PERFORMANCE:|serviceCount|ipCount|subscribeCount|maxPushCost|avgPushCost|totalPushCount|failPushCount

2026-05-04 15:00:31,347 INFO DISTRO:|V1SyncDone|V1SyncFail|V2SyncDone|V2SyncFail|V2VerifyFail|

2026-05-04 15:00:31,348 INFO PERFORMANCE:|1|1|0|-1|-1|0|0

2026-05-04 15:00:31,349 INFO Task worker status: 
naming_0%16, pending tasks: 0
naming_1%16, pending tasks: 0
naming_2%16, pending tasks: 0
naming_3%16, pending tasks: 0
naming_4%16, pending tasks: 0
naming_5%16, pending tasks: 0
naming_6%16, pending tasks: 0
naming_7%16, pending tasks: 0
naming_8%16, pending tasks: 0
naming_9%16, pending tasks: 0
naming_10%16, pending tasks: 0
naming_11%16, pending tasks: 0
naming_12%16, pending tasks: 0
naming_13%16, pending tasks: 0
naming_14%16, pending tasks: 0
naming_15%16, pending tasks: 0


2026-05-04 15:00:31,349 INFO DISTRO:|0|0|0|

2026-05-04 15:01:31,347 INFO PERFORMANCE:|1|1|0|-1|-1|0|0

2026-05-04 15:01:31,348 INFO Task worker status: 
naming_0%16, pending tasks: 0
naming_1%16, pending tasks: 0
naming_2%16, pending tasks: 0
naming_3%16, pending tasks: 0
naming_4%16, pending tasks: 0
naming_5%16, pending tasks: 0
naming_6%16, pending tasks: 0
naming_7%16, pending tasks: 0
naming_8%16, pending tasks: 0
naming_9%16, pending tasks: 0
naming_10%16, pending tasks: 0
naming_11%16, pending tasks: 0
naming_12%16, pending tasks: 0
naming_13%16, pending tasks: 0
naming_14%16, pending tasks: 0
naming_15%16, pending tasks: 0


2026-05-04 15:01:31,348 INFO DISTRO:|0|0|0|

2026-05-04 15:02:31,345 INFO PERFORMANCE:|1|1|0|-1|-1|0|0

2026-05-04 15:02:31,346 INFO Task worker status: 
naming_0%16, pending tasks: 0
naming_1%16, pending tasks: 0
naming_2%16, pending tasks: 0
naming_3%16, pending tasks: 0
naming_4%16, pending tasks: 0
naming_5%16, pending tasks: 0
naming_6%16, pending tasks: 0
naming_7%16, pending tasks: 0
naming_8%16, pending tasks: 0
naming_9%16, pending tasks: 0
naming_10%16, pending tasks: 0
naming_11%16, pending tasks: 0
naming_12%16, pending tasks: 0
naming_13%16, pending tasks: 0
naming_14%16, pending tasks: 0
naming_15%16, pending tasks: 0


2026-05-04 15:02:31,346 INFO DISTRO:|0|0|0|

2026-05-04 15:03:31,344 INFO PERFORMANCE:|1|0|0|-1|-1|0|0

2026-05-04 15:03:31,344 INFO Task worker status: 
naming_0%16, pending tasks: 0
naming_1%16, pending tasks: 0
naming_2%16, pending tasks: 0
naming_3%16, pending tasks: 0
naming_4%16, pending tasks: 0
naming_5%16, pending tasks: 0
naming_6%16, pending tasks: 0
naming_7%16, pending tasks: 0
naming_8%16, pending tasks: 0
naming_9%16, pending tasks: 0
naming_10%16, pending tasks: 0
naming_11%16, pending tasks: 0
naming_12%16, pending tasks: 0
naming_13%16, pending tasks: 0
naming_14%16, pending tasks: 0
naming_15%16, pending tasks: 0


2026-05-04 15:03:31,345 INFO DISTRO:|0|0|0|

2026-05-04 15:04:31,342 INFO PERFORMANCE:|0|0|0|-1|-1|0|0

2026-05-04 15:04:31,342 INFO Task worker status: 
naming_0%16, pending tasks: 0
naming_1%16, pending tasks: 0
naming_2%16, pending tasks: 0
naming_3%16, pending tasks: 0
naming_4%16, pending tasks: 0
naming_5%16, pending tasks: 0
naming_6%16, pending tasks: 0
naming_7%16, pending tasks: 0
naming_8%16, pending tasks: 0
naming_9%16, pending tasks: 0
naming_10%16, pending tasks: 0
naming_11%16, pending tasks: 0
naming_12%16, pending tasks: 0
naming_13%16, pending tasks: 0
naming_14%16, pending tasks: 0
naming_15%16, pending tasks: 0


2026-05-04 15:04:31,343 INFO DISTRO:|0|0|0|

2026-05-04 15:05:31,340 INFO PERFORMANCE:|0|0|0|-1|-1|0|0

2026-05-04 15:05:31,341 INFO Task worker status: 
naming_0%16, pending tasks: 0
naming_1%16, pending tasks: 0
naming_2%16, pending tasks: 0
naming_3%16, pending tasks: 0
naming_4%16, pending tasks: 0
naming_5%16, pending tasks: 0
naming_6%16, pending tasks: 0
naming_7%16, pending tasks: 0
naming_8%16, pending tasks: 0
naming_9%16, pending tasks: 0
naming_10%16, pending tasks: 0
naming_11%16, pending tasks: 0
naming_12%16, pending tasks: 0
naming_13%16, pending tasks: 0
naming_14%16, pending tasks: 0
naming_15%16, pending tasks: 0


2026-05-04 15:05:31,341 INFO DISTRO:|0|0|0|

2026-05-04 15:06:31,338 INFO PERFORMANCE:|1|1|1|571|571|1|0

2026-05-04 15:06:31,338 INFO Task worker status: 
naming_0%16, pending tasks: 0
naming_1%16, pending tasks: 0
naming_2%16, pending tasks: 0
naming_3%16, pending tasks: 0
naming_4%16, pending tasks: 0
naming_5%16, pending tasks: 0
naming_6%16, pending tasks: 0
naming_7%16, pending tasks: 0
naming_8%16, pending tasks: 0
naming_9%16, pending tasks: 0
naming_10%16, pending tasks: 0
naming_11%16, pending tasks: 0
naming_12%16, pending tasks: 0
naming_13%16, pending tasks: 0
naming_14%16, pending tasks: 0
naming_15%16, pending tasks: 0


2026-05-04 15:06:31,339 INFO DISTRO:|0|0|0|

2026-05-04 15:07:31,336 INFO PERFORMANCE:|1|1|1|-1|-1|1|0

2026-05-04 15:07:31,337 INFO Task worker status: 
naming_0%16, pending tasks: 0
naming_1%16, pending tasks: 0
naming_2%16, pending tasks: 0
naming_3%16, pending tasks: 0
naming_4%16, pending tasks: 0
naming_5%16, pending tasks: 0
naming_6%16, pending tasks: 0
naming_7%16, pending tasks: 0
naming_8%16, pending tasks: 0
naming_9%16, pending tasks: 0
naming_10%16, pending tasks: 0
naming_11%16, pending tasks: 0
naming_12%16, pending tasks: 0
naming_13%16, pending tasks: 0
naming_14%16, pending tasks: 0
naming_15%16, pending tasks: 0


2026-05-04 15:07:31,337 INFO DISTRO:|0|0|0|

2026-05-04 15:08:31,334 INFO PERFORMANCE:|2|2|2|590|590|2|0

2026-05-04 15:08:31,335 INFO Task worker status: 
naming_0%16, pending tasks: 0
naming_1%16, pending tasks: 0
naming_2%16, pending tasks: 0
naming_3%16, pending tasks: 0
naming_4%16, pending tasks: 0
naming_5%16, pending tasks: 0
naming_6%16, pending tasks: 0
naming_7%16, pending tasks: 0
naming_8%16, pending tasks: 0
naming_9%16, pending tasks: 0
naming_10%16, pending tasks: 0
naming_11%16, pending tasks: 0
naming_12%16, pending tasks: 0
naming_13%16, pending tasks: 0
naming_14%16, pending tasks: 0
naming_15%16, pending tasks: 0


2026-05-04 15:08:31,335 INFO DISTRO:|0|0|0|

2026-05-04 15:09:31,332 INFO PERFORMANCE:|2|2|2|-1|-1|2|0

2026-05-04 15:09:31,333 INFO Task worker status: 
naming_0%16, pending tasks: 0
naming_1%16, pending tasks: 0
naming_2%16, pending tasks: 0
naming_3%16, pending tasks: 0
naming_4%16, pending tasks: 0
naming_5%16, pending tasks: 0
naming_6%16, pending tasks: 0
naming_7%16, pending tasks: 0
naming_8%16, pending tasks: 0
naming_9%16, pending tasks: 0
naming_10%16, pending tasks: 0
naming_11%16, pending tasks: 0
naming_12%16, pending tasks: 0
naming_13%16, pending tasks: 0
naming_14%16, pending tasks: 0
naming_15%16, pending tasks: 0


2026-05-04 15:09:31,333 INFO DISTRO:|0|0|0|

2026-05-04 15:10:31,330 INFO PERFORMANCE:|serviceCount|ipCount|subscribeCount|maxPushCost|avgPushCost|totalPushCount|failPushCount

2026-05-04 15:10:31,331 INFO DISTRO:|V1SyncDone|V1SyncFail|V2SyncDone|V2SyncFail|V2VerifyFail|

2026-05-04 15:10:31,331 INFO PERFORMANCE:|2|2|2|-1|-1|2|0

2026-05-04 15:10:31,332 INFO Task worker status: 
naming_0%16, pending tasks: 0
naming_1%16, pending tasks: 0
naming_2%16, pending tasks: 0
naming_3%16, pending tasks: 0
naming_4%16, pending tasks: 0
naming_5%16, pending tasks: 0
naming_6%16, pending tasks: 0
naming_7%16, pending tasks: 0
naming_8%16, pending tasks: 0
naming_9%16, pending tasks: 0
naming_10%16, pending tasks: 0
naming_11%16, pending tasks: 0
naming_12%16, pending tasks: 0
naming_13%16, pending tasks: 0
naming_14%16, pending tasks: 0
naming_15%16, pending tasks: 0


2026-05-04 15:10:31,332 INFO DISTRO:|0|0|0|

2026-05-04 15:11:31,329 INFO PERFORMANCE:|2|2|2|1011|767|5|1

2026-05-04 15:11:31,330 INFO Task worker status: 
naming_0%16, pending tasks: 0
naming_1%16, pending tasks: 0
naming_2%16, pending tasks: 0
naming_3%16, pending tasks: 0
naming_4%16, pending tasks: 0
naming_5%16, pending tasks: 0
naming_6%16, pending tasks: 0
naming_7%16, pending tasks: 0
naming_8%16, pending tasks: 0
naming_9%16, pending tasks: 0
naming_10%16, pending tasks: 0
naming_11%16, pending tasks: 0
naming_12%16, pending tasks: 0
naming_13%16, pending tasks: 0
naming_14%16, pending tasks: 0
naming_15%16, pending tasks: 0


2026-05-04 15:11:31,330 INFO DISTRO:|0|0|0|

2026-05-04 15:12:31,327 INFO PERFORMANCE:|2|2|2|-1|-1|5|1

2026-05-04 15:12:31,328 INFO Task worker status: 
naming_0%16, pending tasks: 0
naming_1%16, pending tasks: 0
naming_2%16, pending tasks: 0
naming_3%16, pending tasks: 0
naming_4%16, pending tasks: 0
naming_5%16, pending tasks: 0
naming_6%16, pending tasks: 0
naming_7%16, pending tasks: 0
naming_8%16, pending tasks: 0
naming_9%16, pending tasks: 0
naming_10%16, pending tasks: 0
naming_11%16, pending tasks: 0
naming_12%16, pending tasks: 0
naming_13%16, pending tasks: 0
naming_14%16, pending tasks: 0
naming_15%16, pending tasks: 0


2026-05-04 15:12:31,328 INFO DISTRO:|0|0|0|

2026-05-04 15:13:31,326 INFO PERFORMANCE:|2|2|2|-1|-1|5|1

2026-05-04 15:13:31,327 INFO Task worker status: 
naming_0%16, pending tasks: 0
naming_1%16, pending tasks: 0
naming_2%16, pending tasks: 0
naming_3%16, pending tasks: 0
naming_4%16, pending tasks: 0
naming_5%16, pending tasks: 0
naming_6%16, pending tasks: 0
naming_7%16, pending tasks: 0
naming_8%16, pending tasks: 0
naming_9%16, pending tasks: 0
naming_10%16, pending tasks: 0
naming_11%16, pending tasks: 0
naming_12%16, pending tasks: 0
naming_13%16, pending tasks: 0
naming_14%16, pending tasks: 0
naming_15%16, pending tasks: 0


2026-05-04 15:13:31,327 INFO DISTRO:|0|0|0|

2026-05-04 15:14:31,325 INFO PERFORMANCE:|2|2|2|-1|-1|5|1

2026-05-04 15:14:31,325 INFO Task worker status: 
naming_0%16, pending tasks: 0
naming_1%16, pending tasks: 0
naming_2%16, pending tasks: 0
naming_3%16, pending tasks: 0
naming_4%16, pending tasks: 0
naming_5%16, pending tasks: 0
naming_6%16, pending tasks: 0
naming_7%16, pending tasks: 0
naming_8%16, pending tasks: 0
naming_9%16, pending tasks: 0
naming_10%16, pending tasks: 0
naming_11%16, pending tasks: 0
naming_12%16, pending tasks: 0
naming_13%16, pending tasks: 0
naming_14%16, pending tasks: 0
naming_15%16, pending tasks: 0


2026-05-04 15:14:31,326 INFO DISTRO:|0|0|0|

2026-05-04 15:15:31,323 INFO PERFORMANCE:|2|2|2|-1|-1|5|1

2026-05-04 15:15:31,324 INFO Task worker status: 
naming_0%16, pending tasks: 0
naming_1%16, pending tasks: 0
naming_2%16, pending tasks: 0
naming_3%16, pending tasks: 0
naming_4%16, pending tasks: 0
naming_5%16, pending tasks: 0
naming_6%16, pending tasks: 0
naming_7%16, pending tasks: 0
naming_8%16, pending tasks: 0
naming_9%16, pending tasks: 0
naming_10%16, pending tasks: 0
naming_11%16, pending tasks: 0
naming_12%16, pending tasks: 0
naming_13%16, pending tasks: 0
naming_14%16, pending tasks: 0
naming_15%16, pending tasks: 0


2026-05-04 15:15:31,324 INFO DISTRO:|0|0|0|

2026-05-04 15:16:31,322 INFO PERFORMANCE:|2|2|2|548|544|7|1

2026-05-04 15:16:31,322 INFO Task worker status: 
naming_0%16, pending tasks: 0
naming_1%16, pending tasks: 0
naming_2%16, pending tasks: 0
naming_3%16, pending tasks: 0
naming_4%16, pending tasks: 0
naming_5%16, pending tasks: 0
naming_6%16, pending tasks: 0
naming_7%16, pending tasks: 0
naming_8%16, pending tasks: 0
naming_9%16, pending tasks: 0
naming_10%16, pending tasks: 0
naming_11%16, pending tasks: 0
naming_12%16, pending tasks: 0
naming_13%16, pending tasks: 0
naming_14%16, pending tasks: 0
naming_15%16, pending tasks: 0


2026-05-04 15:16:31,323 INFO DISTRO:|0|0|0|

2026-05-04 15:17:31,319 INFO PERFORMANCE:|2|2|2|-1|-1|7|1

2026-05-04 15:17:31,320 INFO Task worker status: 
naming_0%16, pending tasks: 0
naming_1%16, pending tasks: 0
naming_2%16, pending tasks: 0
naming_3%16, pending tasks: 0
naming_4%16, pending tasks: 0
naming_5%16, pending tasks: 0
naming_6%16, pending tasks: 0
naming_7%16, pending tasks: 0
naming_8%16, pending tasks: 0
naming_9%16, pending tasks: 0
naming_10%16, pending tasks: 0
naming_11%16, pending tasks: 0
naming_12%16, pending tasks: 0
naming_13%16, pending tasks: 0
naming_14%16, pending tasks: 0
naming_15%16, pending tasks: 0


2026-05-04 15:17:31,320 INFO DISTRO:|0|0|0|

2026-05-04 15:18:31,318 INFO PERFORMANCE:|2|2|2|576|560|9|1

2026-05-04 15:18:31,319 INFO Task worker status: 
naming_0%16, pending tasks: 0
naming_1%16, pending tasks: 0
naming_2%16, pending tasks: 0
naming_3%16, pending tasks: 0
naming_4%16, pending tasks: 0
naming_5%16, pending tasks: 0
naming_6%16, pending tasks: 0
naming_7%16, pending tasks: 0
naming_8%16, pending tasks: 0
naming_9%16, pending tasks: 0
naming_10%16, pending tasks: 0
naming_11%16, pending tasks: 0
naming_12%16, pending tasks: 0
naming_13%16, pending tasks: 0
naming_14%16, pending tasks: 0
naming_15%16, pending tasks: 0


2026-05-04 15:18:31,319 INFO DISTRO:|0|0|0|

2026-05-04 15:19:31,317 INFO PERFORMANCE:|2|2|2|-1|-1|9|1

2026-05-04 15:19:31,317 INFO Task worker status: 
naming_0%16, pending tasks: 0
naming_1%16, pending tasks: 0
naming_2%16, pending tasks: 0
naming_3%16, pending tasks: 0
naming_4%16, pending tasks: 0
naming_5%16, pending tasks: 0
naming_6%16, pending tasks: 0
naming_7%16, pending tasks: 0
naming_8%16, pending tasks: 0
naming_9%16, pending tasks: 0
naming_10%16, pending tasks: 0
naming_11%16, pending tasks: 0
naming_12%16, pending tasks: 0
naming_13%16, pending tasks: 0
naming_14%16, pending tasks: 0
naming_15%16, pending tasks: 0


2026-05-04 15:19:31,318 INFO DISTRO:|0|0|0|

2026-05-04 15:20:31,315 INFO PERFORMANCE:|serviceCount|ipCount|subscribeCount|maxPushCost|avgPushCost|totalPushCount|failPushCount

2026-05-04 15:20:31,316 INFO DISTRO:|V1SyncDone|V1SyncFail|V2SyncDone|V2SyncFail|V2VerifyFail|

2026-05-04 15:20:31,316 INFO PERFORMANCE:|2|2|2|-1|-1|9|1

2026-05-04 15:20:31,317 INFO Task worker status: 
naming_0%16, pending tasks: 0
naming_1%16, pending tasks: 0
naming_2%16, pending tasks: 0
naming_3%16, pending tasks: 0
naming_4%16, pending tasks: 0
naming_5%16, pending tasks: 0
naming_6%16, pending tasks: 0
naming_7%16, pending tasks: 0
naming_8%16, pending tasks: 0
naming_9%16, pending tasks: 0
naming_10%16, pending tasks: 0
naming_11%16, pending tasks: 0
naming_12%16, pending tasks: 0
naming_13%16, pending tasks: 0
naming_14%16, pending tasks: 0
naming_15%16, pending tasks: 0


2026-05-04 15:20:31,317 INFO DISTRO:|0|0|0|

2026-05-04 15:21:31,315 INFO PERFORMANCE:|3|2|3|541|532|12|1

2026-05-04 15:21:31,315 INFO Task worker status: 
naming_0%16, pending tasks: 0
naming_1%16, pending tasks: 0
naming_2%16, pending tasks: 0
naming_3%16, pending tasks: 0
naming_4%16, pending tasks: 0
naming_5%16, pending tasks: 0
naming_6%16, pending tasks: 0
naming_7%16, pending tasks: 0
naming_8%16, pending tasks: 0
naming_9%16, pending tasks: 0
naming_10%16, pending tasks: 0
naming_11%16, pending tasks: 0
naming_12%16, pending tasks: 0
naming_13%16, pending tasks: 0
naming_14%16, pending tasks: 0
naming_15%16, pending tasks: 0


2026-05-04 15:21:31,315 INFO DISTRO:|0|0|0|

2026-05-04 15:22:31,313 INFO PERFORMANCE:|3|2|3|610|560|15|1

2026-05-04 15:22:31,313 INFO Task worker status: 
naming_0%16, pending tasks: 0
naming_1%16, pending tasks: 0
naming_2%16, pending tasks: 0
naming_3%16, pending tasks: 0
naming_4%16, pending tasks: 0
naming_5%16, pending tasks: 0
naming_6%16, pending tasks: 0
naming_7%16, pending tasks: 0
naming_8%16, pending tasks: 0
naming_9%16, pending tasks: 0
naming_10%16, pending tasks: 0
naming_11%16, pending tasks: 0
naming_12%16, pending tasks: 0
naming_13%16, pending tasks: 0
naming_14%16, pending tasks: 0
naming_15%16, pending tasks: 0


2026-05-04 15:22:31,314 INFO DISTRO:|0|0|0|

2026-05-04 15:23:31,311 INFO PERFORMANCE:|2|2|3|-1|-1|15|1

2026-05-04 15:23:31,311 INFO Task worker status: 
naming_0%16, pending tasks: 0
naming_1%16, pending tasks: 0
naming_2%16, pending tasks: 0
naming_3%16, pending tasks: 0
naming_4%16, pending tasks: 0
naming_5%16, pending tasks: 0
naming_6%16, pending tasks: 0
naming_7%16, pending tasks: 0
naming_8%16, pending tasks: 0
naming_9%16, pending tasks: 0
naming_10%16, pending tasks: 0
naming_11%16, pending tasks: 0
naming_12%16, pending tasks: 0
naming_13%16, pending tasks: 0
naming_14%16, pending tasks: 0
naming_15%16, pending tasks: 0


2026-05-04 15:23:31,311 INFO DISTRO:|0|0|0|

2026-05-04 15:24:31,309 INFO PERFORMANCE:|2|2|2|548|533|17|1

2026-05-04 15:24:31,310 INFO Task worker status: 
naming_0%16, pending tasks: 0
naming_1%16, pending tasks: 0
naming_2%16, pending tasks: 0
naming_3%16, pending tasks: 0
naming_4%16, pending tasks: 0
naming_5%16, pending tasks: 0
naming_6%16, pending tasks: 0
naming_7%16, pending tasks: 0
naming_8%16, pending tasks: 0
naming_9%16, pending tasks: 0
naming_10%16, pending tasks: 0
naming_11%16, pending tasks: 0
naming_12%16, pending tasks: 0
naming_13%16, pending tasks: 0
naming_14%16, pending tasks: 0
naming_15%16, pending tasks: 0


2026-05-04 15:24:31,310 INFO DISTRO:|0|0|0|

2026-05-04 15:25:31,307 INFO PERFORMANCE:|2|2|2|-1|-1|17|1

2026-05-04 15:25:31,308 INFO Task worker status: 
naming_0%16, pending tasks: 0
naming_1%16, pending tasks: 0
naming_2%16, pending tasks: 0
naming_3%16, pending tasks: 0
naming_4%16, pending tasks: 0
naming_5%16, pending tasks: 0
naming_6%16, pending tasks: 0
naming_7%16, pending tasks: 0
naming_8%16, pending tasks: 0
naming_9%16, pending tasks: 0
naming_10%16, pending tasks: 0
naming_11%16, pending tasks: 0
naming_12%16, pending tasks: 0
naming_13%16, pending tasks: 0
naming_14%16, pending tasks: 0
naming_15%16, pending tasks: 0


2026-05-04 15:25:31,308 INFO DISTRO:|0|0|0|

2026-05-04 15:26:31,305 INFO PERFORMANCE:|2|1|0|-1|-1|17|1

2026-05-04 15:26:31,305 INFO Task worker status: 
naming_0%16, pending tasks: 0
naming_1%16, pending tasks: 0
naming_2%16, pending tasks: 0
naming_3%16, pending tasks: 0
naming_4%16, pending tasks: 0
naming_5%16, pending tasks: 0
naming_6%16, pending tasks: 0
naming_7%16, pending tasks: 0
naming_8%16, pending tasks: 0
naming_9%16, pending tasks: 0
naming_10%16, pending tasks: 0
naming_11%16, pending tasks: 0
naming_12%16, pending tasks: 0
naming_13%16, pending tasks: 0
naming_14%16, pending tasks: 0
naming_15%16, pending tasks: 0


2026-05-04 15:26:31,306 INFO DISTRO:|0|0|0|

2026-05-04 15:27:31,304 INFO PERFORMANCE:|2|2|2|588|580|19|1

2026-05-04 15:27:31,304 INFO Task worker status: 
naming_0%16, pending tasks: 0
naming_1%16, pending tasks: 0
naming_2%16, pending tasks: 0
naming_3%16, pending tasks: 0
naming_4%16, pending tasks: 0
naming_5%16, pending tasks: 0
naming_6%16, pending tasks: 0
naming_7%16, pending tasks: 0
naming_8%16, pending tasks: 0
naming_9%16, pending tasks: 0
naming_10%16, pending tasks: 0
naming_11%16, pending tasks: 0
naming_12%16, pending tasks: 0
naming_13%16, pending tasks: 0
naming_14%16, pending tasks: 0
naming_15%16, pending tasks: 0


2026-05-04 15:27:31,304 INFO DISTRO:|0|0|0|

2026-05-04 15:28:31,301 INFO PERFORMANCE:|2|2|2|-1|-1|19|1

2026-05-04 15:28:31,302 INFO Task worker status: 
naming_0%16, pending tasks: 0
naming_1%16, pending tasks: 0
naming_2%16, pending tasks: 0
naming_3%16, pending tasks: 0
naming_4%16, pending tasks: 0
naming_5%16, pending tasks: 0
naming_6%16, pending tasks: 0
naming_7%16, pending tasks: 0
naming_8%16, pending tasks: 0
naming_9%16, pending tasks: 0
naming_10%16, pending tasks: 0
naming_11%16, pending tasks: 0
naming_12%16, pending tasks: 0
naming_13%16, pending tasks: 0
naming_14%16, pending tasks: 0
naming_15%16, pending tasks: 0


2026-05-04 15:28:31,302 INFO DISTRO:|0|0|0|

2026-05-04 15:29:31,299 INFO PERFORMANCE:|3|2|3|554|542|22|1

2026-05-04 15:29:31,300 INFO Task worker status: 
naming_0%16, pending tasks: 0
naming_1%16, pending tasks: 0
naming_2%16, pending tasks: 0
naming_3%16, pending tasks: 0
naming_4%16, pending tasks: 0
naming_5%16, pending tasks: 0
naming_6%16, pending tasks: 0
naming_7%16, pending tasks: 0
naming_8%16, pending tasks: 0
naming_9%16, pending tasks: 0
naming_10%16, pending tasks: 0
naming_11%16, pending tasks: 0
naming_12%16, pending tasks: 0
naming_13%16, pending tasks: 0
naming_14%16, pending tasks: 0
naming_15%16, pending tasks: 0


2026-05-04 15:29:31,300 INFO DISTRO:|0|0|0|

2026-05-04 15:30:31,297 INFO PERFORMANCE:|serviceCount|ipCount|subscribeCount|maxPushCost|avgPushCost|totalPushCount|failPushCount

2026-05-04 15:30:31,298 INFO DISTRO:|V1SyncDone|V1SyncFail|V2SyncDone|V2SyncFail|V2VerifyFail|

2026-05-04 15:30:31,298 INFO PERFORMANCE:|2|2|3|-1|-1|22|1

2026-05-04 15:30:31,298 INFO Task worker status: 
naming_0%16, pending tasks: 0
naming_1%16, pending tasks: 0
naming_2%16, pending tasks: 0
naming_3%16, pending tasks: 0
naming_4%16, pending tasks: 0
naming_5%16, pending tasks: 0
naming_6%16, pending tasks: 0
naming_7%16, pending tasks: 0
naming_8%16, pending tasks: 0
naming_9%16, pending tasks: 0
naming_10%16, pending tasks: 0
naming_11%16, pending tasks: 0
naming_12%16, pending tasks: 0
naming_13%16, pending tasks: 0
naming_14%16, pending tasks: 0
naming_15%16, pending tasks: 0


2026-05-04 15:30:31,299 INFO DISTRO:|0|0|0|

2026-05-04 15:31:31,296 INFO PERFORMANCE:|2|2|3|-1|-1|22|1

2026-05-04 15:31:31,296 INFO Task worker status: 
naming_0%16, pending tasks: 0
naming_1%16, pending tasks: 0
naming_2%16, pending tasks: 0
naming_3%16, pending tasks: 0
naming_4%16, pending tasks: 0
naming_5%16, pending tasks: 0
naming_6%16, pending tasks: 0
naming_7%16, pending tasks: 0
naming_8%16, pending tasks: 0
naming_9%16, pending tasks: 0
naming_10%16, pending tasks: 0
naming_11%16, pending tasks: 0
naming_12%16, pending tasks: 0
naming_13%16, pending tasks: 0
naming_14%16, pending tasks: 0
naming_15%16, pending tasks: 0


2026-05-04 15:31:31,297 INFO DISTRO:|0|0|0|

2026-05-04 15:32:31,294 INFO PERFORMANCE:|2|2|3|-1|-1|22|1

2026-05-04 15:32:31,294 INFO Task worker status: 
naming_0%16, pending tasks: 0
naming_1%16, pending tasks: 0
naming_2%16, pending tasks: 0
naming_3%16, pending tasks: 0
naming_4%16, pending tasks: 0
naming_5%16, pending tasks: 0
naming_6%16, pending tasks: 0
naming_7%16, pending tasks: 0
naming_8%16, pending tasks: 0
naming_9%16, pending tasks: 0
naming_10%16, pending tasks: 0
naming_11%16, pending tasks: 0
naming_12%16, pending tasks: 0
naming_13%16, pending tasks: 0
naming_14%16, pending tasks: 0
naming_15%16, pending tasks: 0


2026-05-04 15:32:31,294 INFO DISTRO:|0|0|0|

2026-05-04 15:33:31,292 INFO PERFORMANCE:|2|2|3|-1|-1|22|1

2026-05-04 15:33:31,293 INFO Task worker status: 
naming_0%16, pending tasks: 0
naming_1%16, pending tasks: 0
naming_2%16, pending tasks: 0
naming_3%16, pending tasks: 0
naming_4%16, pending tasks: 0
naming_5%16, pending tasks: 0
naming_6%16, pending tasks: 0
naming_7%16, pending tasks: 0
naming_8%16, pending tasks: 0
naming_9%16, pending tasks: 0
naming_10%16, pending tasks: 0
naming_11%16, pending tasks: 0
naming_12%16, pending tasks: 0
naming_13%16, pending tasks: 0
naming_14%16, pending tasks: 0
naming_15%16, pending tasks: 0


2026-05-04 15:33:31,293 INFO DISTRO:|0|0|0|

2026-05-04 15:34:31,291 INFO PERFORMANCE:|2|2|3|-1|-1|22|1

2026-05-04 15:34:31,291 INFO Task worker status: 
naming_0%16, pending tasks: 0
naming_1%16, pending tasks: 0
naming_2%16, pending tasks: 0
naming_3%16, pending tasks: 0
naming_4%16, pending tasks: 0
naming_5%16, pending tasks: 0
naming_6%16, pending tasks: 0
naming_7%16, pending tasks: 0
naming_8%16, pending tasks: 0
naming_9%16, pending tasks: 0
naming_10%16, pending tasks: 0
naming_11%16, pending tasks: 0
naming_12%16, pending tasks: 0
naming_13%16, pending tasks: 0
naming_14%16, pending tasks: 0
naming_15%16, pending tasks: 0


2026-05-04 15:34:31,291 INFO DISTRO:|0|0|0|

2026-05-04 15:35:31,288 INFO PERFORMANCE:|2|2|3|-1|-1|22|1

2026-05-04 15:35:31,289 INFO Task worker status: 
naming_0%16, pending tasks: 0
naming_1%16, pending tasks: 0
naming_2%16, pending tasks: 0
naming_3%16, pending tasks: 0
naming_4%16, pending tasks: 0
naming_5%16, pending tasks: 0
naming_6%16, pending tasks: 0
naming_7%16, pending tasks: 0
naming_8%16, pending tasks: 0
naming_9%16, pending tasks: 0
naming_10%16, pending tasks: 0
naming_11%16, pending tasks: 0
naming_12%16, pending tasks: 0
naming_13%16, pending tasks: 0
naming_14%16, pending tasks: 0
naming_15%16, pending tasks: 0


2026-05-04 15:35:31,289 INFO DISTRO:|0|0|0|

2026-05-04 15:36:31,286 INFO PERFORMANCE:|2|2|3|-1|-1|22|1

2026-05-04 15:36:31,287 INFO Task worker status: 
naming_0%16, pending tasks: 0
naming_1%16, pending tasks: 0
naming_2%16, pending tasks: 0
naming_3%16, pending tasks: 0
naming_4%16, pending tasks: 0
naming_5%16, pending tasks: 0
naming_6%16, pending tasks: 0
naming_7%16, pending tasks: 0
naming_8%16, pending tasks: 0
naming_9%16, pending tasks: 0
naming_10%16, pending tasks: 0
naming_11%16, pending tasks: 0
naming_12%16, pending tasks: 0
naming_13%16, pending tasks: 0
naming_14%16, pending tasks: 0
naming_15%16, pending tasks: 0


2026-05-04 15:36:31,288 INFO DISTRO:|0|0|0|

2026-05-04 15:37:31,285 INFO PERFORMANCE:|2|2|3|-1|-1|22|1

2026-05-04 15:37:31,286 INFO Task worker status: 
naming_0%16, pending tasks: 0
naming_1%16, pending tasks: 0
naming_2%16, pending tasks: 0
naming_3%16, pending tasks: 0
naming_4%16, pending tasks: 0
naming_5%16, pending tasks: 0
naming_6%16, pending tasks: 0
naming_7%16, pending tasks: 0
naming_8%16, pending tasks: 0
naming_9%16, pending tasks: 0
naming_10%16, pending tasks: 0
naming_11%16, pending tasks: 0
naming_12%16, pending tasks: 0
naming_13%16, pending tasks: 0
naming_14%16, pending tasks: 0
naming_15%16, pending tasks: 0


2026-05-04 15:37:31,286 INFO DISTRO:|0|0|0|

2026-05-04 15:38:31,284 INFO PERFORMANCE:|2|2|3|-1|-1|22|1

2026-05-04 15:38:31,284 INFO Task worker status: 
naming_0%16, pending tasks: 0
naming_1%16, pending tasks: 0
naming_2%16, pending tasks: 0
naming_3%16, pending tasks: 0
naming_4%16, pending tasks: 0
naming_5%16, pending tasks: 0
naming_6%16, pending tasks: 0
naming_7%16, pending tasks: 0
naming_8%16, pending tasks: 0
naming_9%16, pending tasks: 0
naming_10%16, pending tasks: 0
naming_11%16, pending tasks: 0
naming_12%16, pending tasks: 0
naming_13%16, pending tasks: 0
naming_14%16, pending tasks: 0
naming_15%16, pending tasks: 0


2026-05-04 15:38:31,284 INFO DISTRO:|0|0|0|

2026-05-04 15:39:31,281 INFO PERFORMANCE:|2|2|3|-1|-1|22|1

2026-05-04 15:39:31,282 INFO Task worker status: 
naming_0%16, pending tasks: 0
naming_1%16, pending tasks: 0
naming_2%16, pending tasks: 0
naming_3%16, pending tasks: 0
naming_4%16, pending tasks: 0
naming_5%16, pending tasks: 0
naming_6%16, pending tasks: 0
naming_7%16, pending tasks: 0
naming_8%16, pending tasks: 0
naming_9%16, pending tasks: 0
naming_10%16, pending tasks: 0
naming_11%16, pending tasks: 0
naming_12%16, pending tasks: 0
naming_13%16, pending tasks: 0
naming_14%16, pending tasks: 0
naming_15%16, pending tasks: 0


2026-05-04 15:39:31,282 INFO DISTRO:|0|0|0|

2026-05-04 15:40:31,279 INFO PERFORMANCE:|serviceCount|ipCount|subscribeCount|maxPushCost|avgPushCost|totalPushCount|failPushCount

2026-05-04 15:40:31,280 INFO DISTRO:|V1SyncDone|V1SyncFail|V2SyncDone|V2SyncFail|V2VerifyFail|

2026-05-04 15:40:31,280 INFO PERFORMANCE:|2|2|3|-1|-1|22|1

2026-05-04 15:40:31,280 INFO Task worker status: 
naming_0%16, pending tasks: 0
naming_1%16, pending tasks: 0
naming_2%16, pending tasks: 0
naming_3%16, pending tasks: 0
naming_4%16, pending tasks: 0
naming_5%16, pending tasks: 0
naming_6%16, pending tasks: 0
naming_7%16, pending tasks: 0
naming_8%16, pending tasks: 0
naming_9%16, pending tasks: 0
naming_10%16, pending tasks: 0
naming_11%16, pending tasks: 0
naming_12%16, pending tasks: 0
naming_13%16, pending tasks: 0
naming_14%16, pending tasks: 0
naming_15%16, pending tasks: 0


2026-05-04 15:40:31,281 INFO DISTRO:|0|0|0|

2026-05-04 15:41:31,278 INFO PERFORMANCE:|2|2|3|-1|-1|22|1

2026-05-04 15:41:31,279 INFO Task worker status: 
naming_0%16, pending tasks: 0
naming_1%16, pending tasks: 0
naming_2%16, pending tasks: 0
naming_3%16, pending tasks: 0
naming_4%16, pending tasks: 0
naming_5%16, pending tasks: 0
naming_6%16, pending tasks: 0
naming_7%16, pending tasks: 0
naming_8%16, pending tasks: 0
naming_9%16, pending tasks: 0
naming_10%16, pending tasks: 0
naming_11%16, pending tasks: 0
naming_12%16, pending tasks: 0
naming_13%16, pending tasks: 0
naming_14%16, pending tasks: 0
naming_15%16, pending tasks: 0


2026-05-04 15:41:31,279 INFO DISTRO:|0|0|0|

2026-05-04 15:42:31,276 INFO PERFORMANCE:|2|2|3|-1|-1|22|1

2026-05-04 15:42:31,277 INFO Task worker status: 
naming_0%16, pending tasks: 0
naming_1%16, pending tasks: 0
naming_2%16, pending tasks: 0
naming_3%16, pending tasks: 0
naming_4%16, pending tasks: 0
naming_5%16, pending tasks: 0
naming_6%16, pending tasks: 0
naming_7%16, pending tasks: 0
naming_8%16, pending tasks: 0
naming_9%16, pending tasks: 0
naming_10%16, pending tasks: 0
naming_11%16, pending tasks: 0
naming_12%16, pending tasks: 0
naming_13%16, pending tasks: 0
naming_14%16, pending tasks: 0
naming_15%16, pending tasks: 0


2026-05-04 15:42:31,277 INFO DISTRO:|0|0|0|

2026-05-04 15:43:31,275 INFO PERFORMANCE:|2|2|3|-1|-1|22|1

2026-05-04 15:43:31,275 INFO Task worker status: 
naming_0%16, pending tasks: 0
naming_1%16, pending tasks: 0
naming_2%16, pending tasks: 0
naming_3%16, pending tasks: 0
naming_4%16, pending tasks: 0
naming_5%16, pending tasks: 0
naming_6%16, pending tasks: 0
naming_7%16, pending tasks: 0
naming_8%16, pending tasks: 0
naming_9%16, pending tasks: 0
naming_10%16, pending tasks: 0
naming_11%16, pending tasks: 0
naming_12%16, pending tasks: 0
naming_13%16, pending tasks: 0
naming_14%16, pending tasks: 0
naming_15%16, pending tasks: 0


2026-05-04 15:43:31,275 INFO DISTRO:|0|0|0|

2026-05-04 15:44:31,272 INFO PERFORMANCE:|2|2|3|-1|-1|22|1

2026-05-04 15:44:31,272 INFO Task worker status: 
naming_0%16, pending tasks: 0
naming_1%16, pending tasks: 0
naming_2%16, pending tasks: 0
naming_3%16, pending tasks: 0
naming_4%16, pending tasks: 0
naming_5%16, pending tasks: 0
naming_6%16, pending tasks: 0
naming_7%16, pending tasks: 0
naming_8%16, pending tasks: 0
naming_9%16, pending tasks: 0
naming_10%16, pending tasks: 0
naming_11%16, pending tasks: 0
naming_12%16, pending tasks: 0
naming_13%16, pending tasks: 0
naming_14%16, pending tasks: 0
naming_15%16, pending tasks: 0


2026-05-04 15:44:31,272 INFO DISTRO:|0|0|0|

2026-05-04 15:45:31,271 INFO PERFORMANCE:|2|2|3|-1|-1|22|1

2026-05-04 15:45:31,271 INFO Task worker status: 
naming_0%16, pending tasks: 0
naming_1%16, pending tasks: 0
naming_2%16, pending tasks: 0
naming_3%16, pending tasks: 0
naming_4%16, pending tasks: 0
naming_5%16, pending tasks: 0
naming_6%16, pending tasks: 0
naming_7%16, pending tasks: 0
naming_8%16, pending tasks: 0
naming_9%16, pending tasks: 0
naming_10%16, pending tasks: 0
naming_11%16, pending tasks: 0
naming_12%16, pending tasks: 0
naming_13%16, pending tasks: 0
naming_14%16, pending tasks: 0
naming_15%16, pending tasks: 0


2026-05-04 15:45:31,272 INFO DISTRO:|0|0|0|

2026-05-04 15:46:31,269 INFO PERFORMANCE:|2|2|3|-1|-1|22|1

2026-05-04 15:46:31,269 INFO Task worker status: 
naming_0%16, pending tasks: 0
naming_1%16, pending tasks: 0
naming_2%16, pending tasks: 0
naming_3%16, pending tasks: 0
naming_4%16, pending tasks: 0
naming_5%16, pending tasks: 0
naming_6%16, pending tasks: 0
naming_7%16, pending tasks: 0
naming_8%16, pending tasks: 0
naming_9%16, pending tasks: 0
naming_10%16, pending tasks: 0
naming_11%16, pending tasks: 0
naming_12%16, pending tasks: 0
naming_13%16, pending tasks: 0
naming_14%16, pending tasks: 0
naming_15%16, pending tasks: 0


2026-05-04 15:46:31,269 INFO DISTRO:|0|0|0|

2026-05-04 15:47:31,267 INFO PERFORMANCE:|2|2|3|-1|-1|22|1

2026-05-04 15:47:31,267 INFO Task worker status: 
naming_0%16, pending tasks: 0
naming_1%16, pending tasks: 0
naming_2%16, pending tasks: 0
naming_3%16, pending tasks: 0
naming_4%16, pending tasks: 0
naming_5%16, pending tasks: 0
naming_6%16, pending tasks: 0
naming_7%16, pending tasks: 0
naming_8%16, pending tasks: 0
naming_9%16, pending tasks: 0
naming_10%16, pending tasks: 0
naming_11%16, pending tasks: 0
naming_12%16, pending tasks: 0
naming_13%16, pending tasks: 0
naming_14%16, pending tasks: 0
naming_15%16, pending tasks: 0


2026-05-04 15:47:31,268 INFO DISTRO:|0|0|0|

2026-05-04 15:48:31,264 INFO PERFORMANCE:|2|2|3|-1|-1|22|1

2026-05-04 15:48:31,265 INFO Task worker status: 
naming_0%16, pending tasks: 0
naming_1%16, pending tasks: 0
naming_2%16, pending tasks: 0
naming_3%16, pending tasks: 0
naming_4%16, pending tasks: 0
naming_5%16, pending tasks: 0
naming_6%16, pending tasks: 0
naming_7%16, pending tasks: 0
naming_8%16, pending tasks: 0
naming_9%16, pending tasks: 0
naming_10%16, pending tasks: 0
naming_11%16, pending tasks: 0
naming_12%16, pending tasks: 0
naming_13%16, pending tasks: 0
naming_14%16, pending tasks: 0
naming_15%16, pending tasks: 0


2026-05-04 15:48:31,265 INFO DISTRO:|0|0|0|

2026-05-04 15:49:31,263 INFO PERFORMANCE:|2|2|3|597|584|24|1

2026-05-04 15:49:31,263 INFO Task worker status: 
naming_0%16, pending tasks: 0
naming_1%16, pending tasks: 0
naming_2%16, pending tasks: 0
naming_3%16, pending tasks: 0
naming_4%16, pending tasks: 0
naming_5%16, pending tasks: 0
naming_6%16, pending tasks: 0
naming_7%16, pending tasks: 0
naming_8%16, pending tasks: 0
naming_9%16, pending tasks: 0
naming_10%16, pending tasks: 0
naming_11%16, pending tasks: 0
naming_12%16, pending tasks: 0
naming_13%16, pending tasks: 0
naming_14%16, pending tasks: 0
naming_15%16, pending tasks: 0


2026-05-04 15:49:31,264 INFO DISTRO:|0|0|0|

2026-05-04 15:50:31,261 INFO PERFORMANCE:|serviceCount|ipCount|subscribeCount|maxPushCost|avgPushCost|totalPushCount|failPushCount

2026-05-04 15:50:31,262 INFO DISTRO:|V1SyncDone|V1SyncFail|V2SyncDone|V2SyncFail|V2VerifyFail|

2026-05-04 15:50:31,262 INFO PERFORMANCE:|2|2|3|-1|-1|24|1

2026-05-04 15:50:31,263 INFO Task worker status: 
naming_0%16, pending tasks: 0
naming_1%16, pending tasks: 0
naming_2%16, pending tasks: 0
naming_3%16, pending tasks: 0
naming_4%16, pending tasks: 0
naming_5%16, pending tasks: 0
naming_6%16, pending tasks: 0
naming_7%16, pending tasks: 0
naming_8%16, pending tasks: 0
naming_9%16, pending tasks: 0
naming_10%16, pending tasks: 0
naming_11%16, pending tasks: 0
naming_12%16, pending tasks: 0
naming_13%16, pending tasks: 0
naming_14%16, pending tasks: 0
naming_15%16, pending tasks: 0


2026-05-04 15:50:31,263 INFO DISTRO:|0|0|0|

2026-05-04 15:51:31,260 INFO PERFORMANCE:|2|2|3|-1|-1|24|1

2026-05-04 15:51:31,261 INFO Task worker status: 
naming_0%16, pending tasks: 0
naming_1%16, pending tasks: 0
naming_2%16, pending tasks: 0
naming_3%16, pending tasks: 0
naming_4%16, pending tasks: 0
naming_5%16, pending tasks: 0
naming_6%16, pending tasks: 0
naming_7%16, pending tasks: 0
naming_8%16, pending tasks: 0
naming_9%16, pending tasks: 0
naming_10%16, pending tasks: 0
naming_11%16, pending tasks: 0
naming_12%16, pending tasks: 0
naming_13%16, pending tasks: 0
naming_14%16, pending tasks: 0
naming_15%16, pending tasks: 0


2026-05-04 15:51:31,261 INFO DISTRO:|0|0|0|

2026-05-04 15:52:31,258 INFO PERFORMANCE:|2|2|3|-1|-1|24|1

2026-05-04 15:52:31,259 INFO Task worker status: 
naming_0%16, pending tasks: 0
naming_1%16, pending tasks: 0
naming_2%16, pending tasks: 0
naming_3%16, pending tasks: 0
naming_4%16, pending tasks: 0
naming_5%16, pending tasks: 0
naming_6%16, pending tasks: 0
naming_7%16, pending tasks: 0
naming_8%16, pending tasks: 0
naming_9%16, pending tasks: 0
naming_10%16, pending tasks: 0
naming_11%16, pending tasks: 0
naming_12%16, pending tasks: 0
naming_13%16, pending tasks: 0
naming_14%16, pending tasks: 0
naming_15%16, pending tasks: 0


2026-05-04 15:52:31,259 INFO DISTRO:|0|0|0|

2026-05-04 15:53:31,257 INFO PERFORMANCE:|2|2|3|-1|-1|24|1

2026-05-04 15:53:31,258 INFO Task worker status: 
naming_0%16, pending tasks: 0
naming_1%16, pending tasks: 0
naming_2%16, pending tasks: 0
naming_3%16, pending tasks: 0
naming_4%16, pending tasks: 0
naming_5%16, pending tasks: 0
naming_6%16, pending tasks: 0
naming_7%16, pending tasks: 0
naming_8%16, pending tasks: 0
naming_9%16, pending tasks: 0
naming_10%16, pending tasks: 0
naming_11%16, pending tasks: 0
naming_12%16, pending tasks: 0
naming_13%16, pending tasks: 0
naming_14%16, pending tasks: 0
naming_15%16, pending tasks: 0


2026-05-04 15:53:31,258 INFO DISTRO:|0|0|0|

2026-05-04 15:54:31,255 INFO PERFORMANCE:|2|2|3|-1|-1|24|1

2026-05-04 15:54:31,256 INFO Task worker status: 
naming_0%16, pending tasks: 0
naming_1%16, pending tasks: 0
naming_2%16, pending tasks: 0
naming_3%16, pending tasks: 0
naming_4%16, pending tasks: 0
naming_5%16, pending tasks: 0
naming_6%16, pending tasks: 0
naming_7%16, pending tasks: 0
naming_8%16, pending tasks: 0
naming_9%16, pending tasks: 0
naming_10%16, pending tasks: 0
naming_11%16, pending tasks: 0
naming_12%16, pending tasks: 0
naming_13%16, pending tasks: 0
naming_14%16, pending tasks: 0
naming_15%16, pending tasks: 0


2026-05-04 15:54:31,256 INFO DISTRO:|0|0|0|

2026-05-04 15:55:31,254 INFO PERFORMANCE:|2|2|3|-1|-1|24|1

2026-05-04 15:55:31,255 INFO Task worker status: 
naming_0%16, pending tasks: 0
naming_1%16, pending tasks: 0
naming_2%16, pending tasks: 0
naming_3%16, pending tasks: 0
naming_4%16, pending tasks: 0
naming_5%16, pending tasks: 0
naming_6%16, pending tasks: 0
naming_7%16, pending tasks: 0
naming_8%16, pending tasks: 0
naming_9%16, pending tasks: 0
naming_10%16, pending tasks: 0
naming_11%16, pending tasks: 0
naming_12%16, pending tasks: 0
naming_13%16, pending tasks: 0
naming_14%16, pending tasks: 0
naming_15%16, pending tasks: 0


2026-05-04 15:55:31,255 INFO DISTRO:|0|0|0|

2026-05-04 15:56:31,252 INFO PERFORMANCE:|2|2|3|-1|-1|24|1

2026-05-04 15:56:31,253 INFO Task worker status: 
naming_0%16, pending tasks: 0
naming_1%16, pending tasks: 0
naming_2%16, pending tasks: 0
naming_3%16, pending tasks: 0
naming_4%16, pending tasks: 0
naming_5%16, pending tasks: 0
naming_6%16, pending tasks: 0
naming_7%16, pending tasks: 0
naming_8%16, pending tasks: 0
naming_9%16, pending tasks: 0
naming_10%16, pending tasks: 0
naming_11%16, pending tasks: 0
naming_12%16, pending tasks: 0
naming_13%16, pending tasks: 0
naming_14%16, pending tasks: 0
naming_15%16, pending tasks: 0


2026-05-04 15:56:31,253 INFO DISTRO:|0|0|0|

2026-05-04 15:57:31,251 INFO PERFORMANCE:|2|2|2|555|535|28|1

2026-05-04 15:57:31,251 INFO Task worker status: 
naming_0%16, pending tasks: 0
naming_1%16, pending tasks: 0
naming_2%16, pending tasks: 0
naming_3%16, pending tasks: 0
naming_4%16, pending tasks: 0
naming_5%16, pending tasks: 0
naming_6%16, pending tasks: 0
naming_7%16, pending tasks: 0
naming_8%16, pending tasks: 0
naming_9%16, pending tasks: 0
naming_10%16, pending tasks: 0
naming_11%16, pending tasks: 0
naming_12%16, pending tasks: 0
naming_13%16, pending tasks: 0
naming_14%16, pending tasks: 0
naming_15%16, pending tasks: 0


2026-05-04 15:57:31,251 INFO DISTRO:|0|0|0|

2026-05-04 15:58:31,248 INFO PERFORMANCE:|2|2|2|-1|-1|28|1

2026-05-04 15:58:31,249 INFO Task worker status: 
naming_0%16, pending tasks: 0
naming_1%16, pending tasks: 0
naming_2%16, pending tasks: 0
naming_3%16, pending tasks: 0
naming_4%16, pending tasks: 0
naming_5%16, pending tasks: 0
naming_6%16, pending tasks: 0
naming_7%16, pending tasks: 0
naming_8%16, pending tasks: 0
naming_9%16, pending tasks: 0
naming_10%16, pending tasks: 0
naming_11%16, pending tasks: 0
naming_12%16, pending tasks: 0
naming_13%16, pending tasks: 0
naming_14%16, pending tasks: 0
naming_15%16, pending tasks: 0


2026-05-04 15:58:31,249 INFO DISTRO:|0|0|0|

2026-05-04 15:59:31,247 INFO PERFORMANCE:|2|2|2|-1|-1|28|1

2026-05-04 15:59:31,247 INFO Task worker status: 
naming_0%16, pending tasks: 0
naming_1%16, pending tasks: 0
naming_2%16, pending tasks: 0
naming_3%16, pending tasks: 0
naming_4%16, pending tasks: 0
naming_5%16, pending tasks: 0
naming_6%16, pending tasks: 0
naming_7%16, pending tasks: 0
naming_8%16, pending tasks: 0
naming_9%16, pending tasks: 0
naming_10%16, pending tasks: 0
naming_11%16, pending tasks: 0
naming_12%16, pending tasks: 0
naming_13%16, pending tasks: 0
naming_14%16, pending tasks: 0
naming_15%16, pending tasks: 0


2026-05-04 15:59:31,247 INFO DISTRO:|0|0|0|

2026-05-04 16:00:31,245 INFO PERFORMANCE:|serviceCount|ipCount|subscribeCount|maxPushCost|avgPushCost|totalPushCount|failPushCount

2026-05-04 16:00:31,246 INFO DISTRO:|V1SyncDone|V1SyncFail|V2SyncDone|V2SyncFail|V2VerifyFail|

2026-05-04 16:00:31,246 INFO PERFORMANCE:|2|2|2|598|590|30|1

2026-05-04 16:00:31,246 INFO Task worker status: 
naming_0%16, pending tasks: 0
naming_1%16, pending tasks: 0
naming_2%16, pending tasks: 0
naming_3%16, pending tasks: 0
naming_4%16, pending tasks: 0
naming_5%16, pending tasks: 0
naming_6%16, pending tasks: 0
naming_7%16, pending tasks: 0
naming_8%16, pending tasks: 0
naming_9%16, pending tasks: 0
naming_10%16, pending tasks: 0
naming_11%16, pending tasks: 0
naming_12%16, pending tasks: 0
naming_13%16, pending tasks: 0
naming_14%16, pending tasks: 0
naming_15%16, pending tasks: 0


2026-05-04 16:00:31,246 INFO DISTRO:|0|0|0|

2026-05-04 16:01:31,244 INFO PERFORMANCE:|2|2|2|-1|-1|30|1

2026-05-04 16:01:31,244 INFO Task worker status: 
naming_0%16, pending tasks: 0
naming_1%16, pending tasks: 0
naming_2%16, pending tasks: 0
naming_3%16, pending tasks: 0
naming_4%16, pending tasks: 0
naming_5%16, pending tasks: 0
naming_6%16, pending tasks: 0
naming_7%16, pending tasks: 0
naming_8%16, pending tasks: 0
naming_9%16, pending tasks: 0
naming_10%16, pending tasks: 0
naming_11%16, pending tasks: 0
naming_12%16, pending tasks: 0
naming_13%16, pending tasks: 0
naming_14%16, pending tasks: 0
naming_15%16, pending tasks: 0


2026-05-04 16:01:31,244 INFO DISTRO:|0|0|0|

2026-05-04 16:02:31,242 INFO PERFORMANCE:|2|2|2|565|564|32|1

2026-05-04 16:02:31,242 INFO Task worker status: 
naming_0%16, pending tasks: 0
naming_1%16, pending tasks: 0
naming_2%16, pending tasks: 0
naming_3%16, pending tasks: 0
naming_4%16, pending tasks: 0
naming_5%16, pending tasks: 0
naming_6%16, pending tasks: 0
naming_7%16, pending tasks: 0
naming_8%16, pending tasks: 0
naming_9%16, pending tasks: 0
naming_10%16, pending tasks: 0
naming_11%16, pending tasks: 0
naming_12%16, pending tasks: 0
naming_13%16, pending tasks: 0
naming_14%16, pending tasks: 0
naming_15%16, pending tasks: 0


2026-05-04 16:02:31,242 INFO DISTRO:|0|0|0|

2026-05-04 16:03:31,240 INFO PERFORMANCE:|2|2|2|-1|-1|32|1

2026-05-04 16:03:31,240 INFO Task worker status: 
naming_0%16, pending tasks: 0
naming_1%16, pending tasks: 0
naming_2%16, pending tasks: 0
naming_3%16, pending tasks: 0
naming_4%16, pending tasks: 0
naming_5%16, pending tasks: 0
naming_6%16, pending tasks: 0
naming_7%16, pending tasks: 0
naming_8%16, pending tasks: 0
naming_9%16, pending tasks: 0
naming_10%16, pending tasks: 0
naming_11%16, pending tasks: 0
naming_12%16, pending tasks: 0
naming_13%16, pending tasks: 0
naming_14%16, pending tasks: 0
naming_15%16, pending tasks: 0


2026-05-04 16:03:31,241 INFO DISTRO:|0|0|0|

2026-05-04 16:04:31,238 INFO PERFORMANCE:|2|2|2|-1|-1|32|1

2026-05-04 16:04:31,238 INFO Task worker status: 
naming_0%16, pending tasks: 0
naming_1%16, pending tasks: 0
naming_2%16, pending tasks: 0
naming_3%16, pending tasks: 0
naming_4%16, pending tasks: 0
naming_5%16, pending tasks: 0
naming_6%16, pending tasks: 0
naming_7%16, pending tasks: 0
naming_8%16, pending tasks: 0
naming_9%16, pending tasks: 0
naming_10%16, pending tasks: 0
naming_11%16, pending tasks: 0
naming_12%16, pending tasks: 0
naming_13%16, pending tasks: 0
naming_14%16, pending tasks: 0
naming_15%16, pending tasks: 0


2026-05-04 16:04:31,239 INFO DISTRO:|0|0|0|

2026-05-04 16:05:31,236 INFO PERFORMANCE:|2|2|2|-1|-1|32|1

2026-05-04 16:05:31,237 INFO Task worker status: 
naming_0%16, pending tasks: 0
naming_1%16, pending tasks: 0
naming_2%16, pending tasks: 0
naming_3%16, pending tasks: 0
naming_4%16, pending tasks: 0
naming_5%16, pending tasks: 0
naming_6%16, pending tasks: 0
naming_7%16, pending tasks: 0
naming_8%16, pending tasks: 0
naming_9%16, pending tasks: 0
naming_10%16, pending tasks: 0
naming_11%16, pending tasks: 0
naming_12%16, pending tasks: 0
naming_13%16, pending tasks: 0
naming_14%16, pending tasks: 0
naming_15%16, pending tasks: 0


2026-05-04 16:05:31,237 INFO DISTRO:|0|0|0|

2026-05-04 16:06:31,235 INFO PERFORMANCE:|2|2|2|595|567|35|1

2026-05-04 16:06:31,236 INFO Task worker status: 
naming_0%16, pending tasks: 0
naming_1%16, pending tasks: 0
naming_2%16, pending tasks: 0
naming_3%16, pending tasks: 0
naming_4%16, pending tasks: 0
naming_5%16, pending tasks: 0
naming_6%16, pending tasks: 0
naming_7%16, pending tasks: 0
naming_8%16, pending tasks: 0
naming_9%16, pending tasks: 0
naming_10%16, pending tasks: 0
naming_11%16, pending tasks: 0
naming_12%16, pending tasks: 0
naming_13%16, pending tasks: 0
naming_14%16, pending tasks: 0
naming_15%16, pending tasks: 0


2026-05-04 16:06:31,236 INFO DISTRO:|0|0|0|

2026-05-04 16:07:31,234 INFO PERFORMANCE:|2|2|2|578|552|37|1

2026-05-04 16:07:31,234 INFO Task worker status: 
naming_0%16, pending tasks: 0
naming_1%16, pending tasks: 0
naming_2%16, pending tasks: 0
naming_3%16, pending tasks: 0
naming_4%16, pending tasks: 0
naming_5%16, pending tasks: 0
naming_6%16, pending tasks: 0
naming_7%16, pending tasks: 0
naming_8%16, pending tasks: 0
naming_9%16, pending tasks: 0
naming_10%16, pending tasks: 0
naming_11%16, pending tasks: 0
naming_12%16, pending tasks: 0
naming_13%16, pending tasks: 0
naming_14%16, pending tasks: 0
naming_15%16, pending tasks: 0


2026-05-04 16:07:31,235 INFO DISTRO:|0|0|0|

2026-05-04 16:08:31,232 INFO PERFORMANCE:|2|2|2|-1|-1|37|1

2026-05-04 16:08:31,233 INFO Task worker status: 
naming_0%16, pending tasks: 0
naming_1%16, pending tasks: 0
naming_2%16, pending tasks: 0
naming_3%16, pending tasks: 0
naming_4%16, pending tasks: 0
naming_5%16, pending tasks: 0
naming_6%16, pending tasks: 0
naming_7%16, pending tasks: 0
naming_8%16, pending tasks: 0
naming_9%16, pending tasks: 0
naming_10%16, pending tasks: 0
naming_11%16, pending tasks: 0
naming_12%16, pending tasks: 0
naming_13%16, pending tasks: 0
naming_14%16, pending tasks: 0
naming_15%16, pending tasks: 0


2026-05-04 16:08:31,233 INFO DISTRO:|0|0|0|

2026-05-04 16:09:31,231 INFO PERFORMANCE:|2|2|2|-1|-1|37|1

2026-05-04 16:09:31,231 INFO Task worker status: 
naming_0%16, pending tasks: 0
naming_1%16, pending tasks: 0
naming_2%16, pending tasks: 0
naming_3%16, pending tasks: 0
naming_4%16, pending tasks: 0
naming_5%16, pending tasks: 0
naming_6%16, pending tasks: 0
naming_7%16, pending tasks: 0
naming_8%16, pending tasks: 0
naming_9%16, pending tasks: 0
naming_10%16, pending tasks: 0
naming_11%16, pending tasks: 0
naming_12%16, pending tasks: 0
naming_13%16, pending tasks: 0
naming_14%16, pending tasks: 0
naming_15%16, pending tasks: 0


2026-05-04 16:09:31,231 INFO DISTRO:|0|0|0|

2026-05-04 16:10:31,229 INFO PERFORMANCE:|serviceCount|ipCount|subscribeCount|maxPushCost|avgPushCost|totalPushCount|failPushCount

2026-05-04 16:10:31,229 INFO DISTRO:|V1SyncDone|V1SyncFail|V2SyncDone|V2SyncFail|V2VerifyFail|

2026-05-04 16:10:31,229 INFO PERFORMANCE:|2|2|2|564|547|39|1

2026-05-04 16:10:31,229 INFO Task worker status: 
naming_0%16, pending tasks: 0
naming_1%16, pending tasks: 0
naming_2%16, pending tasks: 0
naming_3%16, pending tasks: 0
naming_4%16, pending tasks: 0
naming_5%16, pending tasks: 0
naming_6%16, pending tasks: 0
naming_7%16, pending tasks: 0
naming_8%16, pending tasks: 0
naming_9%16, pending tasks: 0
naming_10%16, pending tasks: 0
naming_11%16, pending tasks: 0
naming_12%16, pending tasks: 0
naming_13%16, pending tasks: 0
naming_14%16, pending tasks: 0
naming_15%16, pending tasks: 0


2026-05-04 16:10:31,230 INFO DISTRO:|0|0|0|

2026-05-04 16:11:31,227 INFO PERFORMANCE:|2|2|2|-1|-1|39|1

2026-05-04 16:11:31,228 INFO Task worker status: 
naming_0%16, pending tasks: 0
naming_1%16, pending tasks: 0
naming_2%16, pending tasks: 0
naming_3%16, pending tasks: 0
naming_4%16, pending tasks: 0
naming_5%16, pending tasks: 0
naming_6%16, pending tasks: 0
naming_7%16, pending tasks: 0
naming_8%16, pending tasks: 0
naming_9%16, pending tasks: 0
naming_10%16, pending tasks: 0
naming_11%16, pending tasks: 0
naming_12%16, pending tasks: 0
naming_13%16, pending tasks: 0
naming_14%16, pending tasks: 0
naming_15%16, pending tasks: 0


2026-05-04 16:11:31,228 INFO DISTRO:|0|0|0|

2026-05-04 16:12:31,225 INFO PERFORMANCE:|2|2|2|-1|-1|39|1

2026-05-04 16:12:31,226 INFO Task worker status: 
naming_0%16, pending tasks: 0
naming_1%16, pending tasks: 0
naming_2%16, pending tasks: 0
naming_3%16, pending tasks: 0
naming_4%16, pending tasks: 0
naming_5%16, pending tasks: 0
naming_6%16, pending tasks: 0
naming_7%16, pending tasks: 0
naming_8%16, pending tasks: 0
naming_9%16, pending tasks: 0
naming_10%16, pending tasks: 0
naming_11%16, pending tasks: 0
naming_12%16, pending tasks: 0
naming_13%16, pending tasks: 0
naming_14%16, pending tasks: 0
naming_15%16, pending tasks: 0


2026-05-04 16:12:31,226 INFO DISTRO:|0|0|0|

2026-05-04 16:13:48,080 INFO PERFORMANCE:|serviceCount|ipCount|subscribeCount|maxPushCost|avgPushCost|totalPushCount|failPushCount

2026-05-04 16:13:48,080 INFO DISTRO:|V1SyncDone|V1SyncFail|V2SyncDone|V2SyncFail|V2VerifyFail|

2026-05-04 16:13:48,081 INFO PERFORMANCE:|2|2|2|645|638|2|0

2026-05-04 16:13:48,082 INFO Task worker status: 
naming_0%16, pending tasks: 0
naming_1%16, pending tasks: 0
naming_2%16, pending tasks: 0
naming_3%16, pending tasks: 0
naming_4%16, pending tasks: 0
naming_5%16, pending tasks: 0
naming_6%16, pending tasks: 0
naming_7%16, pending tasks: 0
naming_8%16, pending tasks: 0
naming_9%16, pending tasks: 0
naming_10%16, pending tasks: 0
naming_11%16, pending tasks: 0
naming_12%16, pending tasks: 0
naming_13%16, pending tasks: 0
naming_14%16, pending tasks: 0
naming_15%16, pending tasks: 0


2026-05-04 16:13:48,084 INFO DISTRO:|0|0|0|

2026-05-04 16:14:48,082 INFO PERFORMANCE:|2|2|2|-1|-1|2|0

2026-05-04 16:14:48,083 INFO Task worker status: 
naming_0%16, pending tasks: 0
naming_1%16, pending tasks: 0
naming_2%16, pending tasks: 0
naming_3%16, pending tasks: 0
naming_4%16, pending tasks: 0
naming_5%16, pending tasks: 0
naming_6%16, pending tasks: 0
naming_7%16, pending tasks: 0
naming_8%16, pending tasks: 0
naming_9%16, pending tasks: 0
naming_10%16, pending tasks: 0
naming_11%16, pending tasks: 0
naming_12%16, pending tasks: 0
naming_13%16, pending tasks: 0
naming_14%16, pending tasks: 0
naming_15%16, pending tasks: 0


2026-05-04 16:14:48,083 INFO DISTRO:|0|0|0|

2026-05-04 16:15:48,081 INFO PERFORMANCE:|2|2|2|-1|-1|2|0

2026-05-04 16:15:48,081 INFO Task worker status: 
naming_0%16, pending tasks: 0
naming_1%16, pending tasks: 0
naming_2%16, pending tasks: 0
naming_3%16, pending tasks: 0
naming_4%16, pending tasks: 0
naming_5%16, pending tasks: 0
naming_6%16, pending tasks: 0
naming_7%16, pending tasks: 0
naming_8%16, pending tasks: 0
naming_9%16, pending tasks: 0
naming_10%16, pending tasks: 0
naming_11%16, pending tasks: 0
naming_12%16, pending tasks: 0
naming_13%16, pending tasks: 0
naming_14%16, pending tasks: 0
naming_15%16, pending tasks: 0


2026-05-04 16:15:48,081 INFO DISTRO:|0|0|0|

2026-05-04 16:16:48,079 INFO PERFORMANCE:|2|2|2|-1|-1|2|0

2026-05-04 16:16:48,080 INFO Task worker status: 
naming_0%16, pending tasks: 0
naming_1%16, pending tasks: 0
naming_2%16, pending tasks: 0
naming_3%16, pending tasks: 0
naming_4%16, pending tasks: 0
naming_5%16, pending tasks: 0
naming_6%16, pending tasks: 0
naming_7%16, pending tasks: 0
naming_8%16, pending tasks: 0
naming_9%16, pending tasks: 0
naming_10%16, pending tasks: 0
naming_11%16, pending tasks: 0
naming_12%16, pending tasks: 0
naming_13%16, pending tasks: 0
naming_14%16, pending tasks: 0
naming_15%16, pending tasks: 0


2026-05-04 16:16:48,080 INFO DISTRO:|0|0|0|

2026-05-04 16:17:48,078 INFO PERFORMANCE:|2|2|2|-1|-1|2|0

2026-05-04 16:17:48,078 INFO Task worker status: 
naming_0%16, pending tasks: 0
naming_1%16, pending tasks: 0
naming_2%16, pending tasks: 0
naming_3%16, pending tasks: 0
naming_4%16, pending tasks: 0
naming_5%16, pending tasks: 0
naming_6%16, pending tasks: 0
naming_7%16, pending tasks: 0
naming_8%16, pending tasks: 0
naming_9%16, pending tasks: 0
naming_10%16, pending tasks: 0
naming_11%16, pending tasks: 0
naming_12%16, pending tasks: 0
naming_13%16, pending tasks: 0
naming_14%16, pending tasks: 0
naming_15%16, pending tasks: 0


2026-05-04 16:17:48,078 INFO DISTRO:|0|0|0|

2026-05-04 16:18:48,075 INFO PERFORMANCE:|2|2|2|569|554|4|0

2026-05-04 16:18:48,076 INFO Task worker status: 
naming_0%16, pending tasks: 0
naming_1%16, pending tasks: 0
naming_2%16, pending tasks: 0
naming_3%16, pending tasks: 0
naming_4%16, pending tasks: 0
naming_5%16, pending tasks: 0
naming_6%16, pending tasks: 0
naming_7%16, pending tasks: 0
naming_8%16, pending tasks: 0
naming_9%16, pending tasks: 0
naming_10%16, pending tasks: 0
naming_11%16, pending tasks: 0
naming_12%16, pending tasks: 0
naming_13%16, pending tasks: 0
naming_14%16, pending tasks: 0
naming_15%16, pending tasks: 0


2026-05-04 16:18:48,076 INFO DISTRO:|0|0|0|

2026-05-04 16:19:48,074 INFO PERFORMANCE:|2|2|2|-1|-1|4|0

2026-05-04 16:19:48,074 INFO Task worker status: 
naming_0%16, pending tasks: 0
naming_1%16, pending tasks: 0
naming_2%16, pending tasks: 0
naming_3%16, pending tasks: 0
naming_4%16, pending tasks: 0
naming_5%16, pending tasks: 0
naming_6%16, pending tasks: 0
naming_7%16, pending tasks: 0
naming_8%16, pending tasks: 0
naming_9%16, pending tasks: 0
naming_10%16, pending tasks: 0
naming_11%16, pending tasks: 0
naming_12%16, pending tasks: 0
naming_13%16, pending tasks: 0
naming_14%16, pending tasks: 0
naming_15%16, pending tasks: 0


2026-05-04 16:19:48,075 INFO DISTRO:|0|0|0|

2026-05-04 16:20:48,073 INFO PERFORMANCE:|2|2|2|-1|-1|4|0

2026-05-04 16:20:48,073 INFO Task worker status: 
naming_0%16, pending tasks: 0
naming_1%16, pending tasks: 0
naming_2%16, pending tasks: 0
naming_3%16, pending tasks: 0
naming_4%16, pending tasks: 0
naming_5%16, pending tasks: 0
naming_6%16, pending tasks: 0
naming_7%16, pending tasks: 0
naming_8%16, pending tasks: 0
naming_9%16, pending tasks: 0
naming_10%16, pending tasks: 0
naming_11%16, pending tasks: 0
naming_12%16, pending tasks: 0
naming_13%16, pending tasks: 0
naming_14%16, pending tasks: 0
naming_15%16, pending tasks: 0


2026-05-04 16:20:48,073 INFO DISTRO:|0|0|0|

2026-05-04 16:21:48,071 INFO PERFORMANCE:|2|2|2|-1|-1|4|0

2026-05-04 16:21:48,071 INFO Task worker status: 
naming_0%16, pending tasks: 0
naming_1%16, pending tasks: 0
naming_2%16, pending tasks: 0
naming_3%16, pending tasks: 0
naming_4%16, pending tasks: 0
naming_5%16, pending tasks: 0
naming_6%16, pending tasks: 0
naming_7%16, pending tasks: 0
naming_8%16, pending tasks: 0
naming_9%16, pending tasks: 0
naming_10%16, pending tasks: 0
naming_11%16, pending tasks: 0
naming_12%16, pending tasks: 0
naming_13%16, pending tasks: 0
naming_14%16, pending tasks: 0
naming_15%16, pending tasks: 0


2026-05-04 16:21:48,071 INFO DISTRO:|0|0|0|

2026-05-04 16:22:48,069 INFO PERFORMANCE:|2|2|2|-1|-1|4|0

2026-05-04 16:22:48,069 INFO Task worker status: 
naming_0%16, pending tasks: 0
naming_1%16, pending tasks: 0
naming_2%16, pending tasks: 0
naming_3%16, pending tasks: 0
naming_4%16, pending tasks: 0
naming_5%16, pending tasks: 0
naming_6%16, pending tasks: 0
naming_7%16, pending tasks: 0
naming_8%16, pending tasks: 0
naming_9%16, pending tasks: 0
naming_10%16, pending tasks: 0
naming_11%16, pending tasks: 0
naming_12%16, pending tasks: 0
naming_13%16, pending tasks: 0
naming_14%16, pending tasks: 0
naming_15%16, pending tasks: 0


2026-05-04 16:22:48,070 INFO DISTRO:|0|0|0|

2026-05-04 16:23:48,067 INFO PERFORMANCE:|serviceCount|ipCount|subscribeCount|maxPushCost|avgPushCost|totalPushCount|failPushCount

2026-05-04 16:23:48,067 INFO DISTRO:|V1SyncDone|V1SyncFail|V2SyncDone|V2SyncFail|V2VerifyFail|

2026-05-04 16:23:48,068 INFO PERFORMANCE:|2|2|2|-1|-1|4|0

2026-05-04 16:23:48,068 INFO Task worker status: 
naming_0%16, pending tasks: 0
naming_1%16, pending tasks: 0
naming_2%16, pending tasks: 0
naming_3%16, pending tasks: 0
naming_4%16, pending tasks: 0
naming_5%16, pending tasks: 0
naming_6%16, pending tasks: 0
naming_7%16, pending tasks: 0
naming_8%16, pending tasks: 0
naming_9%16, pending tasks: 0
naming_10%16, pending tasks: 0
naming_11%16, pending tasks: 0
naming_12%16, pending tasks: 0
naming_13%16, pending tasks: 0
naming_14%16, pending tasks: 0
naming_15%16, pending tasks: 0


2026-05-04 16:23:48,068 INFO DISTRO:|0|0|0|

2026-05-04 16:24:48,065 INFO PERFORMANCE:|2|2|2|-1|-1|4|0

2026-05-04 16:24:48,066 INFO Task worker status: 
naming_0%16, pending tasks: 0
naming_1%16, pending tasks: 0
naming_2%16, pending tasks: 0
naming_3%16, pending tasks: 0
naming_4%16, pending tasks: 0
naming_5%16, pending tasks: 0
naming_6%16, pending tasks: 0
naming_7%16, pending tasks: 0
naming_8%16, pending tasks: 0
naming_9%16, pending tasks: 0
naming_10%16, pending tasks: 0
naming_11%16, pending tasks: 0
naming_12%16, pending tasks: 0
naming_13%16, pending tasks: 0
naming_14%16, pending tasks: 0
naming_15%16, pending tasks: 0


2026-05-04 16:24:48,066 INFO DISTRO:|0|0|0|

2026-05-04 16:25:48,064 INFO PERFORMANCE:|2|2|2|-1|-1|4|0

2026-05-04 16:25:48,065 INFO Task worker status: 
naming_0%16, pending tasks: 0
naming_1%16, pending tasks: 0
naming_2%16, pending tasks: 0
naming_3%16, pending tasks: 0
naming_4%16, pending tasks: 0
naming_5%16, pending tasks: 0
naming_6%16, pending tasks: 0
naming_7%16, pending tasks: 0
naming_8%16, pending tasks: 0
naming_9%16, pending tasks: 0
naming_10%16, pending tasks: 0
naming_11%16, pending tasks: 0
naming_12%16, pending tasks: 0
naming_13%16, pending tasks: 0
naming_14%16, pending tasks: 0
naming_15%16, pending tasks: 0


2026-05-04 16:25:48,065 INFO DISTRO:|0|0|0|

2026-05-04 16:26:48,064 INFO PERFORMANCE:|2|2|2|-1|-1|4|0

2026-05-04 16:26:48,063 INFO Task worker status: 
naming_0%16, pending tasks: 0
naming_1%16, pending tasks: 0
naming_2%16, pending tasks: 0
naming_3%16, pending tasks: 0
naming_4%16, pending tasks: 0
naming_5%16, pending tasks: 0
naming_6%16, pending tasks: 0
naming_7%16, pending tasks: 0
naming_8%16, pending tasks: 0
naming_9%16, pending tasks: 0
naming_10%16, pending tasks: 0
naming_11%16, pending tasks: 0
naming_12%16, pending tasks: 0
naming_13%16, pending tasks: 0
naming_14%16, pending tasks: 0
naming_15%16, pending tasks: 0


2026-05-04 16:26:48,063 INFO DISTRO:|0|0|0|

2026-05-04 16:27:48,062 INFO PERFORMANCE:|2|2|2|-1|-1|4|0

2026-05-04 16:27:48,063 INFO Task worker status: 
naming_0%16, pending tasks: 0
naming_1%16, pending tasks: 0
naming_2%16, pending tasks: 0
naming_3%16, pending tasks: 0
naming_4%16, pending tasks: 0
naming_5%16, pending tasks: 0
naming_6%16, pending tasks: 0
naming_7%16, pending tasks: 0
naming_8%16, pending tasks: 0
naming_9%16, pending tasks: 0
naming_10%16, pending tasks: 0
naming_11%16, pending tasks: 0
naming_12%16, pending tasks: 0
naming_13%16, pending tasks: 0
naming_14%16, pending tasks: 0
naming_15%16, pending tasks: 0


2026-05-04 16:27:48,063 INFO DISTRO:|0|0|0|

2026-05-04 16:28:48,060 INFO PERFORMANCE:|2|1|2|573|573|5|0

2026-05-04 16:28:48,061 INFO Task worker status: 
naming_0%16, pending tasks: 0
naming_1%16, pending tasks: 0
naming_2%16, pending tasks: 0
naming_3%16, pending tasks: 0
naming_4%16, pending tasks: 0
naming_5%16, pending tasks: 0
naming_6%16, pending tasks: 0
naming_7%16, pending tasks: 0
naming_8%16, pending tasks: 0
naming_9%16, pending tasks: 0
naming_10%16, pending tasks: 0
naming_11%16, pending tasks: 0
naming_12%16, pending tasks: 0
naming_13%16, pending tasks: 0
naming_14%16, pending tasks: 0
naming_15%16, pending tasks: 0


2026-05-04 16:28:48,062 INFO DISTRO:|0|0|0|

2026-05-04 16:29:48,060 INFO PERFORMANCE:|2|2|2|600|600|6|0

2026-05-04 16:29:48,061 INFO Task worker status: 
naming_0%16, pending tasks: 0
naming_1%16, pending tasks: 0
naming_2%16, pending tasks: 0
naming_3%16, pending tasks: 0
naming_4%16, pending tasks: 0
naming_5%16, pending tasks: 0
naming_6%16, pending tasks: 0
naming_7%16, pending tasks: 0
naming_8%16, pending tasks: 0
naming_9%16, pending tasks: 0
naming_10%16, pending tasks: 0
naming_11%16, pending tasks: 0
naming_12%16, pending tasks: 0
naming_13%16, pending tasks: 0
naming_14%16, pending tasks: 0
naming_15%16, pending tasks: 0


2026-05-04 16:29:48,061 INFO DISTRO:|0|0|0|

2026-05-04 16:30:48,058 INFO PERFORMANCE:|2|2|2|-1|-1|6|0

2026-05-04 16:30:48,059 INFO Task worker status: 
naming_0%16, pending tasks: 0
naming_1%16, pending tasks: 0
naming_2%16, pending tasks: 0
naming_3%16, pending tasks: 0
naming_4%16, pending tasks: 0
naming_5%16, pending tasks: 0
naming_6%16, pending tasks: 0
naming_7%16, pending tasks: 0
naming_8%16, pending tasks: 0
naming_9%16, pending tasks: 0
naming_10%16, pending tasks: 0
naming_11%16, pending tasks: 0
naming_12%16, pending tasks: 0
naming_13%16, pending tasks: 0
naming_14%16, pending tasks: 0
naming_15%16, pending tasks: 0


2026-05-04 16:30:48,059 INFO DISTRO:|0|0|0|

2026-05-04 16:31:48,057 INFO PERFORMANCE:|2|2|2|596|554|8|0

2026-05-04 16:31:48,058 INFO Task worker status: 
naming_0%16, pending tasks: 0
naming_1%16, pending tasks: 0
naming_2%16, pending tasks: 0
naming_3%16, pending tasks: 0
naming_4%16, pending tasks: 0
naming_5%16, pending tasks: 0
naming_6%16, pending tasks: 0
naming_7%16, pending tasks: 0
naming_8%16, pending tasks: 0
naming_9%16, pending tasks: 0
naming_10%16, pending tasks: 0
naming_11%16, pending tasks: 0
naming_12%16, pending tasks: 0
naming_13%16, pending tasks: 0
naming_14%16, pending tasks: 0
naming_15%16, pending tasks: 0


2026-05-04 16:31:48,058 INFO DISTRO:|0|0|0|

2026-05-04 16:32:48,055 INFO PERFORMANCE:|2|2|2|-1|-1|8|0

2026-05-04 16:32:48,055 INFO Task worker status: 
naming_0%16, pending tasks: 0
naming_1%16, pending tasks: 0
naming_2%16, pending tasks: 0
naming_3%16, pending tasks: 0
naming_4%16, pending tasks: 0
naming_5%16, pending tasks: 0
naming_6%16, pending tasks: 0
naming_7%16, pending tasks: 0
naming_8%16, pending tasks: 0
naming_9%16, pending tasks: 0
naming_10%16, pending tasks: 0
naming_11%16, pending tasks: 0
naming_12%16, pending tasks: 0
naming_13%16, pending tasks: 0
naming_14%16, pending tasks: 0
naming_15%16, pending tasks: 0


2026-05-04 16:32:48,056 INFO DISTRO:|0|0|0|

