2026-05-04 14:09:56,386 INFO Not configure type of control plugin, no limit control for current node.

2026-05-04 14:09:56,390 INFO Load connection metrics collector,size=2,[com.alibaba.nacos.config.server.service.LongPollingConnectionMetricsCollector@4df13b7e, com.alibaba.nacos.core.remote.LongConnectionMetricsCollector@ec1b776]

2026-05-04 14:09:56,392 INFO No connection rule content found ,use default empty rule 

2026-05-04 14:09:56,423 INFO No tps control rule of CONFIG_PUSH_COUNT found,content =null  

2026-05-04 14:09:56,424 WARN Tps point for CONFIG_PUSH_COUNT registered, But tps control manager is no limit implementation.

2026-05-04 14:09:56,425 INFO No tps control rule of CONFIG_PUSH_SUCCESS found,content =null  

2026-05-04 14:09:56,426 WARN Tps point for CONFIG_PUSH_SUCCESS registered, But tps control manager is no limit implementation.

2026-05-04 14:09:56,426 INFO No tps control rule of CONFIG_PUSH_FAIL found,content =null  

2026-05-04 14:09:56,427 WARN Tps point for CONFIG_PUSH_FAIL registered, But tps control manager is no limit implementation.

2026-05-04 14:10:01,629 INFO No tps control rule of ConfigListen found,content =null  

2026-05-04 14:10:01,630 WARN Tps point for ConfigListen registered, But tps control manager is no limit implementation.

2026-05-04 14:10:01,631 INFO No tps control rule of ClusterConfigChangeNotify found,content =null  

2026-05-04 14:10:01,631 WARN Tps point for ClusterConfigChangeNotify registered, But tps control manager is no limit implementation.

2026-05-04 14:10:01,648 INFO No tps control rule of ConfigFuzzyWatch found,content =null  

2026-05-04 14:10:01,649 WARN Tps point for ConfigFuzzyWatch registered, But tps control manager is no limit implementation.

2026-05-04 14:10:01,650 INFO No tps control rule of ConfigPublish found,content =null  

2026-05-04 14:10:01,650 WARN Tps point for ConfigPublish registered, But tps control manager is no limit implementation.

2026-05-04 14:10:01,651 INFO No tps control rule of ConfigQuery found,content =null  

2026-05-04 14:10:01,652 WARN Tps point for ConfigQuery registered, But tps control manager is no limit implementation.

2026-05-04 14:10:01,652 INFO No tps control rule of ConfigRemove found,content =null  

2026-05-04 14:10:01,652 WARN Tps point for ConfigRemove registered, But tps control manager is no limit implementation.

2026-05-04 14:10:01,653 INFO No tps control rule of RemoteNamingInstanceBatchRegister found,content =null  

2026-05-04 14:10:01,653 WARN Tps point for RemoteNamingInstanceBatchRegister registered, But tps control manager is no limit implementation.

2026-05-04 14:10:01,654 INFO No tps control rule of RemoteNamingInstanceRegisterDeregister found,content =null  

2026-05-04 14:10:01,655 WARN Tps point for RemoteNamingInstanceRegisterDeregister registered, But tps control manager is no limit implementation.

2026-05-04 14:10:01,655 WARN Tps point for RemoteNamingInstanceRegisterDeregister registered, But tps control manager is no limit implementation.

2026-05-04 14:10:01,655 INFO No tps control rule of RemoteNamingServiceListQuery found,content =null  

2026-05-04 14:10:01,656 WARN Tps point for RemoteNamingServiceListQuery registered, But tps control manager is no limit implementation.

2026-05-04 14:10:01,656 INFO No tps control rule of RemoteNamingServiceQuery found,content =null  

2026-05-04 14:10:01,657 WARN Tps point for RemoteNamingServiceQuery registered, But tps control manager is no limit implementation.

2026-05-04 14:10:01,658 INFO No tps control rule of RemoteNamingServiceSubscribeUnSubscribe found,content =null  

2026-05-04 14:10:01,658 WARN Tps point for RemoteNamingServiceSubscribeUnSubscribe registered, But tps control manager is no limit implementation.

2026-05-04 14:10:01,659 INFO No tps control rule of HealthCheck found,content =null  

2026-05-04 14:10:01,659 WARN Tps point for HealthCheck registered, But tps control manager is no limit implementation.

2026-05-04 14:10:05,641 INFO No tps control rule of NamingInstanceRegister found,content =null  

2026-05-04 14:10:05,642 WARN Tps point for NamingInstanceRegister registered, But tps control manager is no limit implementation.

2026-05-04 14:10:05,643 WARN Tps point for ConfigPublish registered, But tps control manager is no limit implementation.

2026-05-04 14:10:05,645 INFO No tps control rule of NamingServiceListQuery found,content =null  

2026-05-04 14:10:05,645 WARN Tps point for NamingServiceListQuery registered, But tps control manager is no limit implementation.

2026-05-04 14:10:05,646 INFO No tps control rule of NamingServiceDeregister found,content =null  

2026-05-04 14:10:05,647 WARN Tps point for NamingServiceDeregister registered, But tps control manager is no limit implementation.

2026-05-04 14:10:05,647 INFO No tps control rule of NamingServiceUpdate found,content =null  

2026-05-04 14:10:05,648 WARN Tps point for NamingServiceUpdate registered, But tps control manager is no limit implementation.

2026-05-04 14:10:05,648 INFO No tps control rule of NamingInstanceUpdate found,content =null  

2026-05-04 14:10:05,649 WARN Tps point for NamingInstanceUpdate registered, But tps control manager is no limit implementation.

2026-05-04 14:10:05,649 WARN Tps point for ConfigQuery registered, But tps control manager is no limit implementation.

2026-05-04 14:10:05,649 INFO No tps control rule of NamingInstanceQuery found,content =null  

2026-05-04 14:10:05,650 WARN Tps point for NamingInstanceQuery registered, But tps control manager is no limit implementation.

2026-05-04 14:10:05,650 INFO No tps control rule of NamingServiceQuery found,content =null  

2026-05-04 14:10:05,650 WARN Tps point for NamingServiceQuery registered, But tps control manager is no limit implementation.

2026-05-04 14:10:05,651 WARN Tps point for ConfigQuery registered, But tps control manager is no limit implementation.

2026-05-04 14:10:05,651 INFO No tps control rule of NamingInstanceMetadataUpdate found,content =null  

2026-05-04 14:10:05,652 WARN Tps point for NamingInstanceMetadataUpdate registered, But tps control manager is no limit implementation.

2026-05-04 14:10:05,653 INFO No tps control rule of NamingServiceSubscribe found,content =null  

2026-05-04 14:10:05,653 WARN Tps point for NamingServiceSubscribe registered, But tps control manager is no limit implementation.

2026-05-04 14:10:05,653 WARN Tps point for NamingServiceSubscribe registered, But tps control manager is no limit implementation.

2026-05-04 14:10:05,654 WARN Tps point for NamingInstanceRegister registered, But tps control manager is no limit implementation.

2026-05-04 14:10:05,654 WARN Tps point for NamingInstanceMetadataUpdate registered, But tps control manager is no limit implementation.

2026-05-04 14:10:05,654 INFO No tps control rule of NamingServiceRegister found,content =null  

2026-05-04 14:10:05,655 WARN Tps point for NamingServiceRegister registered, But tps control manager is no limit implementation.

2026-05-04 14:10:05,655 INFO No tps control rule of NamingInstanceDeregister found,content =null  

2026-05-04 14:10:05,655 WARN Tps point for NamingInstanceDeregister registered, But tps control manager is no limit implementation.

2026-05-04 14:10:05,656 WARN Tps point for NamingInstanceDeregister registered, But tps control manager is no limit implementation.

2026-05-04 14:12:32,340 INFO Not configure type of control plugin, no limit control for current node.

2026-05-04 14:12:32,347 INFO Load connection metrics collector,size=2,[com.alibaba.nacos.config.server.service.LongPollingConnectionMetricsCollector@7ec68821, com.alibaba.nacos.core.remote.LongConnectionMetricsCollector@2178d296]

2026-05-04 14:12:32,350 INFO No connection rule content found ,use default empty rule 

2026-05-04 14:12:32,374 INFO No tps control rule of CONFIG_PUSH_COUNT found,content =null  

2026-05-04 14:12:32,374 WARN Tps point for CONFIG_PUSH_COUNT registered, But tps control manager is no limit implementation.

2026-05-04 14:12:32,375 INFO No tps control rule of CONFIG_PUSH_SUCCESS found,content =null  

2026-05-04 14:12:32,376 WARN Tps point for CONFIG_PUSH_SUCCESS registered, But tps control manager is no limit implementation.

2026-05-04 14:12:32,376 INFO No tps control rule of CONFIG_PUSH_FAIL found,content =null  

2026-05-04 14:12:32,377 WARN Tps point for CONFIG_PUSH_FAIL registered, But tps control manager is no limit implementation.

2026-05-04 14:12:37,622 INFO No tps control rule of ConfigListen found,content =null  

2026-05-04 14:12:37,623 WARN Tps point for ConfigListen registered, But tps control manager is no limit implementation.

2026-05-04 14:12:37,623 INFO No tps control rule of ClusterConfigChangeNotify found,content =null  

2026-05-04 14:12:37,624 WARN Tps point for ClusterConfigChangeNotify registered, But tps control manager is no limit implementation.

2026-05-04 14:12:37,633 INFO No tps control rule of ConfigFuzzyWatch found,content =null  

2026-05-04 14:12:37,633 WARN Tps point for ConfigFuzzyWatch registered, But tps control manager is no limit implementation.

2026-05-04 14:12:37,634 INFO No tps control rule of ConfigPublish found,content =null  

2026-05-04 14:12:37,634 WARN Tps point for ConfigPublish registered, But tps control manager is no limit implementation.

2026-05-04 14:12:37,634 INFO No tps control rule of ConfigQuery found,content =null  

2026-05-04 14:12:37,635 WARN Tps point for ConfigQuery registered, But tps control manager is no limit implementation.

2026-05-04 14:12:37,635 INFO No tps control rule of ConfigRemove found,content =null  

2026-05-04 14:12:37,636 WARN Tps point for ConfigRemove registered, But tps control manager is no limit implementation.

2026-05-04 14:12:37,636 INFO No tps control rule of RemoteNamingInstanceBatchRegister found,content =null  

2026-05-04 14:12:37,636 WARN Tps point for RemoteNamingInstanceBatchRegister registered, But tps control manager is no limit implementation.

2026-05-04 14:12:37,637 INFO No tps control rule of RemoteNamingInstanceRegisterDeregister found,content =null  

2026-05-04 14:12:37,637 WARN Tps point for RemoteNamingInstanceRegisterDeregister registered, But tps control manager is no limit implementation.

2026-05-04 14:12:37,638 WARN Tps point for RemoteNamingInstanceRegisterDeregister registered, But tps control manager is no limit implementation.

2026-05-04 14:12:37,638 INFO No tps control rule of RemoteNamingServiceListQuery found,content =null  

2026-05-04 14:12:37,639 WARN Tps point for RemoteNamingServiceListQuery registered, But tps control manager is no limit implementation.

2026-05-04 14:12:37,639 INFO No tps control rule of RemoteNamingServiceQuery found,content =null  

2026-05-04 14:12:37,639 WARN Tps point for RemoteNamingServiceQuery registered, But tps control manager is no limit implementation.

2026-05-04 14:12:37,640 INFO No tps control rule of RemoteNamingServiceSubscribeUnSubscribe found,content =null  

2026-05-04 14:12:37,640 WARN Tps point for RemoteNamingServiceSubscribeUnSubscribe registered, But tps control manager is no limit implementation.

2026-05-04 14:12:37,641 INFO No tps control rule of HealthCheck found,content =null  

2026-05-04 14:12:37,642 WARN Tps point for HealthCheck registered, But tps control manager is no limit implementation.

2026-05-04 14:12:41,097 INFO No tps control rule of NamingServiceRegister found,content =null  

2026-05-04 14:12:41,097 WARN Tps point for NamingServiceRegister registered, But tps control manager is no limit implementation.

2026-05-04 14:12:41,098 INFO No tps control rule of NamingInstanceRegister found,content =null  

2026-05-04 14:12:41,098 WARN Tps point for NamingInstanceRegister registered, But tps control manager is no limit implementation.

2026-05-04 14:12:41,099 WARN Tps point for NamingInstanceRegister registered, But tps control manager is no limit implementation.

2026-05-04 14:12:41,099 INFO No tps control rule of NamingServiceListQuery found,content =null  

2026-05-04 14:12:41,100 WARN Tps point for NamingServiceListQuery registered, But tps control manager is no limit implementation.

2026-05-04 14:12:41,100 INFO No tps control rule of NamingServiceSubscribe found,content =null  

2026-05-04 14:12:41,100 WARN Tps point for NamingServiceSubscribe registered, But tps control manager is no limit implementation.

2026-05-04 14:12:41,101 INFO No tps control rule of NamingInstanceUpdate found,content =null  

2026-05-04 14:12:41,102 WARN Tps point for NamingInstanceUpdate registered, But tps control manager is no limit implementation.

2026-05-04 14:12:41,102 INFO No tps control rule of NamingServiceUpdate found,content =null  

2026-05-04 14:12:41,103 WARN Tps point for NamingServiceUpdate registered, But tps control manager is no limit implementation.

2026-05-04 14:12:41,103 INFO No tps control rule of NamingInstanceDeregister found,content =null  

2026-05-04 14:12:41,104 WARN Tps point for NamingInstanceDeregister registered, But tps control manager is no limit implementation.

2026-05-04 14:12:41,104 WARN Tps point for NamingServiceSubscribe registered, But tps control manager is no limit implementation.

2026-05-04 14:12:41,104 INFO No tps control rule of NamingServiceDeregister found,content =null  

2026-05-04 14:12:41,105 WARN Tps point for NamingServiceDeregister registered, But tps control manager is no limit implementation.

2026-05-04 14:12:41,105 WARN Tps point for NamingInstanceDeregister registered, But tps control manager is no limit implementation.

2026-05-04 14:12:41,106 INFO No tps control rule of NamingInstanceQuery found,content =null  

2026-05-04 14:12:41,106 WARN Tps point for NamingInstanceQuery registered, But tps control manager is no limit implementation.

2026-05-04 14:12:41,106 WARN Tps point for ConfigQuery registered, But tps control manager is no limit implementation.

2026-05-04 14:12:41,106 WARN Tps point for ConfigQuery registered, But tps control manager is no limit implementation.

2026-05-04 14:12:41,107 INFO No tps control rule of NamingInstanceMetadataUpdate found,content =null  

2026-05-04 14:12:41,107 WARN Tps point for NamingInstanceMetadataUpdate registered, But tps control manager is no limit implementation.

2026-05-04 14:12:41,108 INFO No tps control rule of NamingServiceQuery found,content =null  

2026-05-04 14:12:41,109 WARN Tps point for NamingServiceQuery registered, But tps control manager is no limit implementation.

2026-05-04 14:12:41,109 WARN Tps point for ConfigPublish registered, But tps control manager is no limit implementation.

2026-05-04 14:12:41,110 WARN Tps point for NamingInstanceMetadataUpdate registered, But tps control manager is no limit implementation.

2026-05-04 14:13:30,912 INFO Not configure type of control plugin, no limit control for current node.

2026-05-04 14:13:30,916 INFO Load connection metrics collector,size=2,[com.alibaba.nacos.config.server.service.LongPollingConnectionMetricsCollector@6158113e, com.alibaba.nacos.core.remote.LongConnectionMetricsCollector@5f1db390]

2026-05-04 14:13:30,918 INFO No connection rule content found ,use default empty rule 

2026-05-04 14:13:30,939 INFO No tps control rule of CONFIG_PUSH_COUNT found,content =null  

2026-05-04 14:13:30,940 WARN Tps point for CONFIG_PUSH_COUNT registered, But tps control manager is no limit implementation.

2026-05-04 14:13:30,941 INFO No tps control rule of CONFIG_PUSH_SUCCESS found,content =null  

2026-05-04 14:13:30,941 WARN Tps point for CONFIG_PUSH_SUCCESS registered, But tps control manager is no limit implementation.

2026-05-04 14:13:30,942 INFO No tps control rule of CONFIG_PUSH_FAIL found,content =null  

2026-05-04 14:13:30,942 WARN Tps point for CONFIG_PUSH_FAIL registered, But tps control manager is no limit implementation.

2026-05-04 14:13:36,107 INFO No tps control rule of ConfigListen found,content =null  

2026-05-04 14:13:36,109 WARN Tps point for ConfigListen registered, But tps control manager is no limit implementation.

2026-05-04 14:13:36,110 INFO No tps control rule of ClusterConfigChangeNotify found,content =null  

2026-05-04 14:13:36,111 WARN Tps point for ClusterConfigChangeNotify registered, But tps control manager is no limit implementation.

2026-05-04 14:13:36,122 INFO No tps control rule of ConfigFuzzyWatch found,content =null  

2026-05-04 14:13:36,123 WARN Tps point for ConfigFuzzyWatch registered, But tps control manager is no limit implementation.

2026-05-04 14:13:36,123 INFO No tps control rule of ConfigPublish found,content =null  

2026-05-04 14:13:36,124 WARN Tps point for ConfigPublish registered, But tps control manager is no limit implementation.

2026-05-04 14:13:36,124 INFO No tps control rule of ConfigQuery found,content =null  

2026-05-04 14:13:36,124 WARN Tps point for ConfigQuery registered, But tps control manager is no limit implementation.

2026-05-04 14:13:36,125 INFO No tps control rule of ConfigRemove found,content =null  

2026-05-04 14:13:36,125 WARN Tps point for ConfigRemove registered, But tps control manager is no limit implementation.

2026-05-04 14:13:36,125 INFO No tps control rule of RemoteNamingInstanceBatchRegister found,content =null  

2026-05-04 14:13:36,126 WARN Tps point for RemoteNamingInstanceBatchRegister registered, But tps control manager is no limit implementation.

2026-05-04 14:13:36,126 INFO No tps control rule of RemoteNamingInstanceRegisterDeregister found,content =null  

2026-05-04 14:13:36,126 WARN Tps point for RemoteNamingInstanceRegisterDeregister registered, But tps control manager is no limit implementation.

2026-05-04 14:13:36,127 WARN Tps point for RemoteNamingInstanceRegisterDeregister registered, But tps control manager is no limit implementation.

2026-05-04 14:13:36,127 INFO No tps control rule of RemoteNamingServiceListQuery found,content =null  

2026-05-04 14:13:36,128 WARN Tps point for RemoteNamingServiceListQuery registered, But tps control manager is no limit implementation.

2026-05-04 14:13:36,128 INFO No tps control rule of RemoteNamingServiceQuery found,content =null  

2026-05-04 14:13:36,128 WARN Tps point for RemoteNamingServiceQuery registered, But tps control manager is no limit implementation.

2026-05-04 14:13:36,129 INFO No tps control rule of RemoteNamingServiceSubscribeUnSubscribe found,content =null  

2026-05-04 14:13:36,129 WARN Tps point for RemoteNamingServiceSubscribeUnSubscribe registered, But tps control manager is no limit implementation.

2026-05-04 14:13:36,130 INFO No tps control rule of HealthCheck found,content =null  

2026-05-04 14:13:36,130 WARN Tps point for HealthCheck registered, But tps control manager is no limit implementation.

2026-05-04 14:13:39,771 INFO No tps control rule of NamingInstanceDeregister found,content =null  

2026-05-04 14:13:39,772 WARN Tps point for NamingInstanceDeregister registered, But tps control manager is no limit implementation.

2026-05-04 14:13:39,773 WARN Tps point for NamingInstanceDeregister registered, But tps control manager is no limit implementation.

2026-05-04 14:13:39,774 INFO No tps control rule of NamingServiceListQuery found,content =null  

2026-05-04 14:13:39,775 WARN Tps point for NamingServiceListQuery registered, But tps control manager is no limit implementation.

2026-05-04 14:13:39,776 INFO No tps control rule of NamingServiceDeregister found,content =null  

2026-05-04 14:13:39,777 WARN Tps point for NamingServiceDeregister registered, But tps control manager is no limit implementation.

2026-05-04 14:13:39,778 INFO No tps control rule of NamingInstanceMetadataUpdate found,content =null  

2026-05-04 14:13:39,778 WARN Tps point for NamingInstanceMetadataUpdate registered, But tps control manager is no limit implementation.

2026-05-04 14:13:39,779 INFO No tps control rule of NamingInstanceQuery found,content =null  

2026-05-04 14:13:39,779 WARN Tps point for NamingInstanceQuery registered, But tps control manager is no limit implementation.

2026-05-04 14:13:39,780 INFO No tps control rule of NamingInstanceRegister found,content =null  

2026-05-04 14:13:39,780 WARN Tps point for NamingInstanceRegister registered, But tps control manager is no limit implementation.

2026-05-04 14:13:39,781 INFO No tps control rule of NamingServiceQuery found,content =null  

2026-05-04 14:13:39,781 WARN Tps point for NamingServiceQuery registered, But tps control manager is no limit implementation.

2026-05-04 14:13:39,782 INFO No tps control rule of NamingInstanceUpdate found,content =null  

2026-05-04 14:13:39,783 WARN Tps point for NamingInstanceUpdate registered, But tps control manager is no limit implementation.

2026-05-04 14:13:39,784 INFO No tps control rule of NamingServiceRegister found,content =null  

2026-05-04 14:13:39,785 WARN Tps point for NamingServiceRegister registered, But tps control manager is no limit implementation.

2026-05-04 14:13:39,785 WARN Tps point for ConfigQuery registered, But tps control manager is no limit implementation.

2026-05-04 14:13:39,785 WARN Tps point for ConfigQuery registered, But tps control manager is no limit implementation.

2026-05-04 14:13:39,786 WARN Tps point for ConfigPublish registered, But tps control manager is no limit implementation.

2026-05-04 14:13:39,786 WARN Tps point for NamingInstanceRegister registered, But tps control manager is no limit implementation.

2026-05-04 14:13:39,787 INFO No tps control rule of NamingServiceUpdate found,content =null  

2026-05-04 14:13:39,787 WARN Tps point for NamingServiceUpdate registered, But tps control manager is no limit implementation.

2026-05-04 14:13:39,787 WARN Tps point for NamingInstanceMetadataUpdate registered, But tps control manager is no limit implementation.

2026-05-04 14:13:39,788 INFO No tps control rule of NamingServiceSubscribe found,content =null  

2026-05-04 14:13:39,788 WARN Tps point for NamingServiceSubscribe registered, But tps control manager is no limit implementation.

2026-05-04 14:13:39,788 WARN Tps point for NamingServiceSubscribe registered, But tps control manager is no limit implementation.

2026-05-04 14:15:39,166 INFO Not configure type of control plugin, no limit control for current node.

2026-05-04 14:15:39,172 INFO Load connection metrics collector,size=2,[com.alibaba.nacos.config.server.service.LongPollingConnectionMetricsCollector@2bfa5678, com.alibaba.nacos.core.remote.LongConnectionMetricsCollector@1fce6eb4]

2026-05-04 14:15:39,176 INFO No connection rule content found ,use default empty rule 

2026-05-04 14:15:39,203 INFO No tps control rule of CONFIG_PUSH_COUNT found,content =null  

2026-05-04 14:15:39,204 WARN Tps point for CONFIG_PUSH_COUNT registered, But tps control manager is no limit implementation.

2026-05-04 14:15:39,204 INFO No tps control rule of CONFIG_PUSH_SUCCESS found,content =null  

2026-05-04 14:15:39,205 WARN Tps point for CONFIG_PUSH_SUCCESS registered, But tps control manager is no limit implementation.

2026-05-04 14:15:39,205 INFO No tps control rule of CONFIG_PUSH_FAIL found,content =null  

2026-05-04 14:15:39,206 WARN Tps point for CONFIG_PUSH_FAIL registered, But tps control manager is no limit implementation.

2026-05-04 14:15:44,514 INFO No tps control rule of ConfigListen found,content =null  

2026-05-04 14:15:44,514 WARN Tps point for ConfigListen registered, But tps control manager is no limit implementation.

2026-05-04 14:15:44,515 INFO No tps control rule of ClusterConfigChangeNotify found,content =null  

2026-05-04 14:15:44,516 WARN Tps point for ClusterConfigChangeNotify registered, But tps control manager is no limit implementation.

2026-05-04 14:15:44,538 INFO No tps control rule of ConfigFuzzyWatch found,content =null  

2026-05-04 14:15:44,539 WARN Tps point for ConfigFuzzyWatch registered, But tps control manager is no limit implementation.

2026-05-04 14:15:44,540 INFO No tps control rule of ConfigPublish found,content =null  

2026-05-04 14:15:44,540 WARN Tps point for ConfigPublish registered, But tps control manager is no limit implementation.

2026-05-04 14:15:44,541 INFO No tps control rule of ConfigQuery found,content =null  

2026-05-04 14:15:44,541 WARN Tps point for ConfigQuery registered, But tps control manager is no limit implementation.

2026-05-04 14:15:44,542 INFO No tps control rule of ConfigRemove found,content =null  

2026-05-04 14:15:44,543 WARN Tps point for ConfigRemove registered, But tps control manager is no limit implementation.

2026-05-04 14:15:44,544 INFO No tps control rule of RemoteNamingInstanceBatchRegister found,content =null  

2026-05-04 14:15:44,544 WARN Tps point for RemoteNamingInstanceBatchRegister registered, But tps control manager is no limit implementation.

2026-05-04 14:15:44,545 INFO No tps control rule of RemoteNamingInstanceRegisterDeregister found,content =null  

2026-05-04 14:15:44,546 WARN Tps point for RemoteNamingInstanceRegisterDeregister registered, But tps control manager is no limit implementation.

2026-05-04 14:15:44,546 WARN Tps point for RemoteNamingInstanceRegisterDeregister registered, But tps control manager is no limit implementation.

2026-05-04 14:15:44,547 INFO No tps control rule of RemoteNamingServiceListQuery found,content =null  

2026-05-04 14:15:44,547 WARN Tps point for RemoteNamingServiceListQuery registered, But tps control manager is no limit implementation.

2026-05-04 14:15:44,548 INFO No tps control rule of RemoteNamingServiceQuery found,content =null  

2026-05-04 14:15:44,548 WARN Tps point for RemoteNamingServiceQuery registered, But tps control manager is no limit implementation.

2026-05-04 14:15:44,548 INFO No tps control rule of RemoteNamingServiceSubscribeUnSubscribe found,content =null  

2026-05-04 14:15:44,549 WARN Tps point for RemoteNamingServiceSubscribeUnSubscribe registered, But tps control manager is no limit implementation.

2026-05-04 14:15:44,549 INFO No tps control rule of HealthCheck found,content =null  

2026-05-04 14:15:44,550 WARN Tps point for HealthCheck registered, But tps control manager is no limit implementation.

2026-05-04 14:15:48,308 INFO No tps control rule of NamingServiceUpdate found,content =null  

2026-05-04 14:15:48,308 WARN Tps point for NamingServiceUpdate registered, But tps control manager is no limit implementation.

2026-05-04 14:15:48,309 INFO No tps control rule of NamingInstanceQuery found,content =null  

2026-05-04 14:15:48,309 WARN Tps point for NamingInstanceQuery registered, But tps control manager is no limit implementation.

2026-05-04 14:15:48,310 WARN Tps point for ConfigQuery registered, But tps control manager is no limit implementation.

2026-05-04 14:15:48,310 INFO No tps control rule of NamingInstanceRegister found,content =null  

2026-05-04 14:15:48,311 WARN Tps point for NamingInstanceRegister registered, But tps control manager is no limit implementation.

2026-05-04 14:15:48,311 WARN Tps point for NamingInstanceRegister registered, But tps control manager is no limit implementation.

2026-05-04 14:15:48,312 INFO No tps control rule of NamingInstanceUpdate found,content =null  

2026-05-04 14:15:48,312 WARN Tps point for NamingInstanceUpdate registered, But tps control manager is no limit implementation.

2026-05-04 14:15:48,312 INFO No tps control rule of NamingInstanceDeregister found,content =null  

2026-05-04 14:15:48,313 WARN Tps point for NamingInstanceDeregister registered, But tps control manager is no limit implementation.

2026-05-04 14:15:48,313 INFO No tps control rule of NamingInstanceMetadataUpdate found,content =null  

2026-05-04 14:15:48,313 WARN Tps point for NamingInstanceMetadataUpdate registered, But tps control manager is no limit implementation.

2026-05-04 14:15:48,314 INFO No tps control rule of NamingServiceListQuery found,content =null  

2026-05-04 14:15:48,315 WARN Tps point for NamingServiceListQuery registered, But tps control manager is no limit implementation.

2026-05-04 14:15:48,316 INFO No tps control rule of NamingServiceDeregister found,content =null  

2026-05-04 14:15:48,316 WARN Tps point for NamingServiceDeregister registered, But tps control manager is no limit implementation.

2026-05-04 14:15:48,317 WARN Tps point for NamingInstanceDeregister registered, But tps control manager is no limit implementation.

2026-05-04 14:15:48,317 INFO No tps control rule of NamingServiceSubscribe found,content =null  

2026-05-04 14:15:48,318 WARN Tps point for NamingServiceSubscribe registered, But tps control manager is no limit implementation.

2026-05-04 14:15:48,318 WARN Tps point for NamingServiceSubscribe registered, But tps control manager is no limit implementation.

2026-05-04 14:15:48,319 WARN Tps point for NamingInstanceMetadataUpdate registered, But tps control manager is no limit implementation.

2026-05-04 14:15:48,319 WARN Tps point for ConfigQuery registered, But tps control manager is no limit implementation.

2026-05-04 14:15:48,319 WARN Tps point for ConfigPublish registered, But tps control manager is no limit implementation.

2026-05-04 14:15:48,320 INFO No tps control rule of NamingServiceQuery found,content =null  

2026-05-04 14:15:48,320 WARN Tps point for NamingServiceQuery registered, But tps control manager is no limit implementation.

2026-05-04 14:15:48,320 INFO No tps control rule of NamingServiceRegister found,content =null  

2026-05-04 14:15:48,321 WARN Tps point for NamingServiceRegister registered, But tps control manager is no limit implementation.

2026-05-04 14:16:39,888 INFO Not configure type of control plugin, no limit control for current node.

2026-05-04 14:16:39,891 INFO Load connection metrics collector,size=2,[com.alibaba.nacos.config.server.service.LongPollingConnectionMetricsCollector@3dabdd11, com.alibaba.nacos.core.remote.LongConnectionMetricsCollector@4df13b7e]

2026-05-04 14:16:39,894 INFO No connection rule content found ,use default empty rule 

2026-05-04 14:16:39,916 INFO No tps control rule of CONFIG_PUSH_COUNT found,content =null  

2026-05-04 14:16:39,917 WARN Tps point for CONFIG_PUSH_COUNT registered, But tps control manager is no limit implementation.

2026-05-04 14:16:39,917 INFO No tps control rule of CONFIG_PUSH_SUCCESS found,content =null  

2026-05-04 14:16:39,917 WARN Tps point for CONFIG_PUSH_SUCCESS registered, But tps control manager is no limit implementation.

2026-05-04 14:16:39,918 INFO No tps control rule of CONFIG_PUSH_FAIL found,content =null  

2026-05-04 14:16:39,918 WARN Tps point for CONFIG_PUSH_FAIL registered, But tps control manager is no limit implementation.

2026-05-04 14:16:46,482 INFO No tps control rule of ConfigListen found,content =null  

2026-05-04 14:16:46,483 WARN Tps point for ConfigListen registered, But tps control manager is no limit implementation.

2026-05-04 14:16:46,484 INFO No tps control rule of ClusterConfigChangeNotify found,content =null  

2026-05-04 14:16:46,485 WARN Tps point for ClusterConfigChangeNotify registered, But tps control manager is no limit implementation.

2026-05-04 14:16:46,511 INFO No tps control rule of ConfigFuzzyWatch found,content =null  

2026-05-04 14:16:46,512 WARN Tps point for ConfigFuzzyWatch registered, But tps control manager is no limit implementation.

2026-05-04 14:16:46,513 INFO No tps control rule of ConfigPublish found,content =null  

2026-05-04 14:16:46,513 WARN Tps point for ConfigPublish registered, But tps control manager is no limit implementation.

2026-05-04 14:16:46,514 INFO No tps control rule of ConfigQuery found,content =null  

2026-05-04 14:16:46,515 WARN Tps point for ConfigQuery registered, But tps control manager is no limit implementation.

2026-05-04 14:16:46,516 INFO No tps control rule of ConfigRemove found,content =null  

2026-05-04 14:16:46,517 WARN Tps point for ConfigRemove registered, But tps control manager is no limit implementation.

2026-05-04 14:16:46,517 INFO No tps control rule of RemoteNamingInstanceBatchRegister found,content =null  

2026-05-04 14:16:46,518 WARN Tps point for RemoteNamingInstanceBatchRegister registered, But tps control manager is no limit implementation.

2026-05-04 14:16:46,519 INFO No tps control rule of RemoteNamingInstanceRegisterDeregister found,content =null  

2026-05-04 14:16:46,520 WARN Tps point for RemoteNamingInstanceRegisterDeregister registered, But tps control manager is no limit implementation.

2026-05-04 14:16:46,520 WARN Tps point for RemoteNamingInstanceRegisterDeregister registered, But tps control manager is no limit implementation.

2026-05-04 14:16:46,521 INFO No tps control rule of RemoteNamingServiceListQuery found,content =null  

2026-05-04 14:16:46,522 WARN Tps point for RemoteNamingServiceListQuery registered, But tps control manager is no limit implementation.

2026-05-04 14:16:46,523 INFO No tps control rule of RemoteNamingServiceQuery found,content =null  

2026-05-04 14:16:46,524 WARN Tps point for RemoteNamingServiceQuery registered, But tps control manager is no limit implementation.

2026-05-04 14:16:46,525 INFO No tps control rule of RemoteNamingServiceSubscribeUnSubscribe found,content =null  

2026-05-04 14:16:46,525 WARN Tps point for RemoteNamingServiceSubscribeUnSubscribe registered, But tps control manager is no limit implementation.

2026-05-04 14:16:46,527 INFO No tps control rule of HealthCheck found,content =null  

2026-05-04 14:16:46,528 WARN Tps point for HealthCheck registered, But tps control manager is no limit implementation.

2026-05-04 14:16:51,654 INFO No tps control rule of NamingServiceDeregister found,content =null  

2026-05-04 14:16:51,655 WARN Tps point for NamingServiceDeregister registered, But tps control manager is no limit implementation.

2026-05-04 14:16:51,656 INFO No tps control rule of NamingInstanceMetadataUpdate found,content =null  

2026-05-04 14:16:51,657 WARN Tps point for NamingInstanceMetadataUpdate registered, But tps control manager is no limit implementation.

2026-05-04 14:16:51,657 INFO No tps control rule of NamingInstanceDeregister found,content =null  

2026-05-04 14:16:51,658 WARN Tps point for NamingInstanceDeregister registered, But tps control manager is no limit implementation.

2026-05-04 14:16:51,659 INFO No tps control rule of NamingServiceListQuery found,content =null  

2026-05-04 14:16:51,659 WARN Tps point for NamingServiceListQuery registered, But tps control manager is no limit implementation.

2026-05-04 14:16:51,660 WARN Tps point for NamingInstanceMetadataUpdate registered, But tps control manager is no limit implementation.

2026-05-04 14:16:51,661 WARN Tps point for ConfigPublish registered, But tps control manager is no limit implementation.

2026-05-04 14:16:51,662 INFO No tps control rule of NamingServiceRegister found,content =null  

2026-05-04 14:16:51,663 WARN Tps point for NamingServiceRegister registered, But tps control manager is no limit implementation.

2026-05-04 14:16:51,664 INFO No tps control rule of NamingServiceSubscribe found,content =null  

2026-05-04 14:16:51,664 WARN Tps point for NamingServiceSubscribe registered, But tps control manager is no limit implementation.

2026-05-04 14:16:51,664 WARN Tps point for NamingServiceSubscribe registered, But tps control manager is no limit implementation.

2026-05-04 14:16:51,665 INFO No tps control rule of NamingInstanceRegister found,content =null  

2026-05-04 14:16:51,665 WARN Tps point for NamingInstanceRegister registered, But tps control manager is no limit implementation.

2026-05-04 14:16:51,666 WARN Tps point for NamingInstanceRegister registered, But tps control manager is no limit implementation.

2026-05-04 14:16:51,666 WARN Tps point for ConfigQuery registered, But tps control manager is no limit implementation.

2026-05-04 14:16:51,667 WARN Tps point for ConfigQuery registered, But tps control manager is no limit implementation.

2026-05-04 14:16:51,668 INFO No tps control rule of NamingServiceQuery found,content =null  

2026-05-04 14:16:51,669 WARN Tps point for NamingServiceQuery registered, But tps control manager is no limit implementation.

2026-05-04 14:16:51,670 INFO No tps control rule of NamingServiceUpdate found,content =null  

2026-05-04 14:16:51,671 WARN Tps point for NamingServiceUpdate registered, But tps control manager is no limit implementation.

2026-05-04 14:16:51,672 INFO No tps control rule of NamingInstanceQuery found,content =null  

2026-05-04 14:16:51,673 WARN Tps point for NamingInstanceQuery registered, But tps control manager is no limit implementation.

2026-05-04 14:16:51,674 INFO No tps control rule of NamingInstanceUpdate found,content =null  

2026-05-04 14:16:51,674 WARN Tps point for NamingInstanceUpdate registered, But tps control manager is no limit implementation.

2026-05-04 14:16:51,675 WARN Tps point for NamingInstanceDeregister registered, But tps control manager is no limit implementation.

2026-05-04 14:32:27,485 INFO Not configure type of control plugin, no limit control for current node.

2026-05-04 14:32:27,492 INFO Load connection metrics collector,size=2,[com.alibaba.nacos.config.server.service.LongPollingConnectionMetricsCollector@12b66c89, com.alibaba.nacos.core.remote.LongConnectionMetricsCollector@70ccb3bf]

2026-05-04 14:32:27,495 INFO No connection rule content found ,use default empty rule 

2026-05-04 14:32:27,520 INFO No tps control rule of CONFIG_PUSH_COUNT found,content =null  

2026-05-04 14:32:27,522 WARN Tps point for CONFIG_PUSH_COUNT registered, But tps control manager is no limit implementation.

2026-05-04 14:32:27,522 INFO No tps control rule of CONFIG_PUSH_SUCCESS found,content =null  

2026-05-04 14:32:27,522 WARN Tps point for CONFIG_PUSH_SUCCESS registered, But tps control manager is no limit implementation.

2026-05-04 14:32:27,523 INFO No tps control rule of CONFIG_PUSH_FAIL found,content =null  

2026-05-04 14:32:27,523 WARN Tps point for CONFIG_PUSH_FAIL registered, But tps control manager is no limit implementation.

2026-05-04 14:32:33,612 INFO No tps control rule of ConfigListen found,content =null  

2026-05-04 14:32:33,612 WARN Tps point for ConfigListen registered, But tps control manager is no limit implementation.

2026-05-04 14:32:33,613 INFO No tps control rule of ClusterConfigChangeNotify found,content =null  

2026-05-04 14:32:33,613 WARN Tps point for ClusterConfigChangeNotify registered, But tps control manager is no limit implementation.

2026-05-04 14:32:33,624 INFO No tps control rule of ConfigFuzzyWatch found,content =null  

2026-05-04 14:32:33,625 WARN Tps point for ConfigFuzzyWatch registered, But tps control manager is no limit implementation.

2026-05-04 14:32:33,625 INFO No tps control rule of ConfigPublish found,content =null  

2026-05-04 14:32:33,626 WARN Tps point for ConfigPublish registered, But tps control manager is no limit implementation.

2026-05-04 14:32:33,626 INFO No tps control rule of ConfigQuery found,content =null  

2026-05-04 14:32:33,626 WARN Tps point for ConfigQuery registered, But tps control manager is no limit implementation.

2026-05-04 14:32:33,627 INFO No tps control rule of ConfigRemove found,content =null  

2026-05-04 14:32:33,627 WARN Tps point for ConfigRemove registered, But tps control manager is no limit implementation.

2026-05-04 14:32:33,628 INFO No tps control rule of RemoteNamingInstanceBatchRegister found,content =null  

2026-05-04 14:32:33,628 WARN Tps point for RemoteNamingInstanceBatchRegister registered, But tps control manager is no limit implementation.

2026-05-04 14:32:33,628 INFO No tps control rule of RemoteNamingInstanceRegisterDeregister found,content =null  

2026-05-04 14:32:33,628 WARN Tps point for RemoteNamingInstanceRegisterDeregister registered, But tps control manager is no limit implementation.

2026-05-04 14:32:33,629 WARN Tps point for RemoteNamingInstanceRegisterDeregister registered, But tps control manager is no limit implementation.

2026-05-04 14:32:33,629 INFO No tps control rule of RemoteNamingServiceListQuery found,content =null  

2026-05-04 14:32:33,630 WARN Tps point for RemoteNamingServiceListQuery registered, But tps control manager is no limit implementation.

2026-05-04 14:32:33,630 INFO No tps control rule of RemoteNamingServiceQuery found,content =null  

2026-05-04 14:32:33,630 WARN Tps point for RemoteNamingServiceQuery registered, But tps control manager is no limit implementation.

2026-05-04 14:32:33,631 INFO No tps control rule of RemoteNamingServiceSubscribeUnSubscribe found,content =null  

2026-05-04 14:32:33,631 WARN Tps point for RemoteNamingServiceSubscribeUnSubscribe registered, But tps control manager is no limit implementation.

2026-05-04 14:32:33,632 INFO No tps control rule of HealthCheck found,content =null  

2026-05-04 14:32:33,632 WARN Tps point for HealthCheck registered, But tps control manager is no limit implementation.

2026-05-04 14:32:37,410 INFO No tps control rule of NamingInstanceDeregister found,content =null  

2026-05-04 14:32:37,410 WARN Tps point for NamingInstanceDeregister registered, But tps control manager is no limit implementation.

2026-05-04 14:32:37,411 INFO No tps control rule of NamingServiceListQuery found,content =null  

2026-05-04 14:32:37,411 WARN Tps point for NamingServiceListQuery registered, But tps control manager is no limit implementation.

2026-05-04 14:32:37,412 INFO No tps control rule of NamingServiceDeregister found,content =null  

2026-05-04 14:32:37,412 WARN Tps point for NamingServiceDeregister registered, But tps control manager is no limit implementation.

2026-05-04 14:32:37,412 WARN Tps point for NamingInstanceDeregister registered, But tps control manager is no limit implementation.

2026-05-04 14:32:37,412 INFO No tps control rule of NamingInstanceMetadataUpdate found,content =null  

2026-05-04 14:32:37,413 WARN Tps point for NamingInstanceMetadataUpdate registered, But tps control manager is no limit implementation.

2026-05-04 14:32:37,413 INFO No tps control rule of NamingInstanceUpdate found,content =null  

2026-05-04 14:32:37,413 WARN Tps point for NamingInstanceUpdate registered, But tps control manager is no limit implementation.

2026-05-04 14:32:37,414 INFO No tps control rule of NamingServiceQuery found,content =null  

2026-05-04 14:32:37,414 WARN Tps point for NamingServiceQuery registered, But tps control manager is no limit implementation.

2026-05-04 14:32:37,414 INFO No tps control rule of NamingServiceUpdate found,content =null  

2026-05-04 14:32:37,414 WARN Tps point for NamingServiceUpdate registered, But tps control manager is no limit implementation.

2026-05-04 14:32:37,415 WARN Tps point for ConfigQuery registered, But tps control manager is no limit implementation.

2026-05-04 14:32:37,415 INFO No tps control rule of NamingInstanceQuery found,content =null  

2026-05-04 14:32:37,415 WARN Tps point for NamingInstanceQuery registered, But tps control manager is no limit implementation.

2026-05-04 14:32:37,415 WARN Tps point for ConfigQuery registered, But tps control manager is no limit implementation.

2026-05-04 14:32:37,416 INFO No tps control rule of NamingInstanceRegister found,content =null  

2026-05-04 14:32:37,416 WARN Tps point for NamingInstanceRegister registered, But tps control manager is no limit implementation.

2026-05-04 14:32:37,416 WARN Tps point for NamingInstanceRegister registered, But tps control manager is no limit implementation.

2026-05-04 14:32:37,417 WARN Tps point for NamingInstanceMetadataUpdate registered, But tps control manager is no limit implementation.

2026-05-04 14:32:37,417 INFO No tps control rule of NamingServiceSubscribe found,content =null  

2026-05-04 14:32:37,417 WARN Tps point for NamingServiceSubscribe registered, But tps control manager is no limit implementation.

2026-05-04 14:32:37,418 INFO No tps control rule of NamingServiceRegister found,content =null  

2026-05-04 14:32:37,418 WARN Tps point for NamingServiceRegister registered, But tps control manager is no limit implementation.

2026-05-04 14:32:37,418 WARN Tps point for NamingServiceSubscribe registered, But tps control manager is no limit implementation.

2026-05-04 14:32:37,419 WARN Tps point for ConfigPublish registered, But tps control manager is no limit implementation.

2026-05-04 14:43:58,804 INFO Not configure type of control plugin, no limit control for current node.

2026-05-04 14:43:58,808 INFO Load connection metrics collector,size=2,[com.alibaba.nacos.config.server.service.LongPollingConnectionMetricsCollector@4df13b7e, com.alibaba.nacos.core.remote.LongConnectionMetricsCollector@ec1b776]

2026-05-04 14:43:58,813 INFO No connection rule content found ,use default empty rule 

2026-05-04 14:43:58,839 INFO No tps control rule of CONFIG_PUSH_COUNT found,content =null  

2026-05-04 14:43:58,840 WARN Tps point for CONFIG_PUSH_COUNT registered, But tps control manager is no limit implementation.

2026-05-04 14:43:58,840 INFO No tps control rule of CONFIG_PUSH_SUCCESS found,content =null  

2026-05-04 14:43:58,841 WARN Tps point for CONFIG_PUSH_SUCCESS registered, But tps control manager is no limit implementation.

2026-05-04 14:43:58,841 INFO No tps control rule of CONFIG_PUSH_FAIL found,content =null  

2026-05-04 14:43:58,842 WARN Tps point for CONFIG_PUSH_FAIL registered, But tps control manager is no limit implementation.

2026-05-04 14:44:04,384 INFO No tps control rule of ConfigListen found,content =null  

2026-05-04 14:44:04,385 WARN Tps point for ConfigListen registered, But tps control manager is no limit implementation.

2026-05-04 14:44:04,386 INFO No tps control rule of ClusterConfigChangeNotify found,content =null  

2026-05-04 14:44:04,386 WARN Tps point for ClusterConfigChangeNotify registered, But tps control manager is no limit implementation.

2026-05-04 14:44:04,398 INFO No tps control rule of ConfigFuzzyWatch found,content =null  

2026-05-04 14:44:04,399 WARN Tps point for ConfigFuzzyWatch registered, But tps control manager is no limit implementation.

2026-05-04 14:44:04,400 INFO No tps control rule of ConfigPublish found,content =null  

2026-05-04 14:44:04,401 WARN Tps point for ConfigPublish registered, But tps control manager is no limit implementation.

2026-05-04 14:44:04,401 INFO No tps control rule of ConfigQuery found,content =null  

2026-05-04 14:44:04,402 WARN Tps point for ConfigQuery registered, But tps control manager is no limit implementation.

2026-05-04 14:44:04,402 INFO No tps control rule of ConfigRemove found,content =null  

2026-05-04 14:44:04,403 WARN Tps point for ConfigRemove registered, But tps control manager is no limit implementation.

2026-05-04 14:44:04,403 INFO No tps control rule of RemoteNamingInstanceBatchRegister found,content =null  

2026-05-04 14:44:04,404 WARN Tps point for RemoteNamingInstanceBatchRegister registered, But tps control manager is no limit implementation.

2026-05-04 14:44:04,405 INFO No tps control rule of RemoteNamingInstanceRegisterDeregister found,content =null  

2026-05-04 14:44:04,406 WARN Tps point for RemoteNamingInstanceRegisterDeregister registered, But tps control manager is no limit implementation.

2026-05-04 14:44:04,406 WARN Tps point for RemoteNamingInstanceRegisterDeregister registered, But tps control manager is no limit implementation.

2026-05-04 14:44:04,407 INFO No tps control rule of RemoteNamingServiceListQuery found,content =null  

2026-05-04 14:44:04,407 WARN Tps point for RemoteNamingServiceListQuery registered, But tps control manager is no limit implementation.

2026-05-04 14:44:04,408 INFO No tps control rule of RemoteNamingServiceQuery found,content =null  

2026-05-04 14:44:04,408 WARN Tps point for RemoteNamingServiceQuery registered, But tps control manager is no limit implementation.

2026-05-04 14:44:04,410 INFO No tps control rule of RemoteNamingServiceSubscribeUnSubscribe found,content =null  

2026-05-04 14:44:04,410 WARN Tps point for RemoteNamingServiceSubscribeUnSubscribe registered, But tps control manager is no limit implementation.

2026-05-04 14:44:04,411 INFO No tps control rule of HealthCheck found,content =null  

2026-05-04 14:44:04,411 WARN Tps point for HealthCheck registered, But tps control manager is no limit implementation.

2026-05-04 14:44:08,264 INFO No tps control rule of NamingInstanceUpdate found,content =null  

2026-05-04 14:44:08,264 WARN Tps point for NamingInstanceUpdate registered, But tps control manager is no limit implementation.

2026-05-04 14:44:08,265 INFO No tps control rule of NamingServiceListQuery found,content =null  

2026-05-04 14:44:08,265 WARN Tps point for NamingServiceListQuery registered, But tps control manager is no limit implementation.

2026-05-04 14:44:08,266 WARN Tps point for ConfigPublish registered, But tps control manager is no limit implementation.

2026-05-04 14:44:08,266 INFO No tps control rule of NamingServiceRegister found,content =null  

2026-05-04 14:44:08,267 WARN Tps point for NamingServiceRegister registered, But tps control manager is no limit implementation.

2026-05-04 14:44:08,267 INFO No tps control rule of NamingInstanceMetadataUpdate found,content =null  

2026-05-04 14:44:08,268 WARN Tps point for NamingInstanceMetadataUpdate registered, But tps control manager is no limit implementation.

2026-05-04 14:44:08,268 INFO No tps control rule of NamingServiceDeregister found,content =null  

2026-05-04 14:44:08,269 WARN Tps point for NamingServiceDeregister registered, But tps control manager is no limit implementation.

2026-05-04 14:44:08,270 INFO No tps control rule of NamingInstanceRegister found,content =null  

2026-05-04 14:44:08,270 WARN Tps point for NamingInstanceRegister registered, But tps control manager is no limit implementation.

2026-05-04 14:44:08,270 WARN Tps point for NamingInstanceRegister registered, But tps control manager is no limit implementation.

2026-05-04 14:44:08,271 INFO No tps control rule of NamingServiceSubscribe found,content =null  

2026-05-04 14:44:08,272 WARN Tps point for NamingServiceSubscribe registered, But tps control manager is no limit implementation.

2026-05-04 14:44:08,272 WARN Tps point for NamingServiceSubscribe registered, But tps control manager is no limit implementation.

2026-05-04 14:44:08,272 INFO No tps control rule of NamingInstanceDeregister found,content =null  

2026-05-04 14:44:08,273 WARN Tps point for NamingInstanceDeregister registered, But tps control manager is no limit implementation.

2026-05-04 14:44:08,273 WARN Tps point for NamingInstanceDeregister registered, But tps control manager is no limit implementation.

2026-05-04 14:44:08,273 WARN Tps point for ConfigQuery registered, But tps control manager is no limit implementation.

2026-05-04 14:44:08,274 WARN Tps point for ConfigQuery registered, But tps control manager is no limit implementation.

2026-05-04 14:44:08,274 WARN Tps point for NamingInstanceMetadataUpdate registered, But tps control manager is no limit implementation.

2026-05-04 14:44:08,274 INFO No tps control rule of NamingServiceQuery found,content =null  

2026-05-04 14:44:08,275 WARN Tps point for NamingServiceQuery registered, But tps control manager is no limit implementation.

2026-05-04 14:44:08,276 INFO No tps control rule of NamingInstanceQuery found,content =null  

2026-05-04 14:44:08,276 WARN Tps point for NamingInstanceQuery registered, But tps control manager is no limit implementation.

2026-05-04 14:44:08,277 INFO No tps control rule of NamingServiceUpdate found,content =null  

2026-05-04 14:44:08,277 WARN Tps point for NamingServiceUpdate registered, But tps control manager is no limit implementation.

2026-05-04 14:49:59,255 INFO Not configure type of control plugin, no limit control for current node.

2026-05-04 14:49:59,260 INFO Load connection metrics collector,size=2,[com.alibaba.nacos.config.server.service.LongPollingConnectionMetricsCollector@1a06ec24, com.alibaba.nacos.core.remote.LongConnectionMetricsCollector@6530a1de]

2026-05-04 14:49:59,261 INFO No connection rule content found ,use default empty rule 

2026-05-04 14:49:59,287 INFO No tps control rule of CONFIG_PUSH_COUNT found,content =null  

2026-05-04 14:49:59,288 WARN Tps point for CONFIG_PUSH_COUNT registered, But tps control manager is no limit implementation.

2026-05-04 14:49:59,288 INFO No tps control rule of CONFIG_PUSH_SUCCESS found,content =null  

2026-05-04 14:49:59,289 WARN Tps point for CONFIG_PUSH_SUCCESS registered, But tps control manager is no limit implementation.

2026-05-04 14:49:59,289 INFO No tps control rule of CONFIG_PUSH_FAIL found,content =null  

2026-05-04 14:49:59,289 WARN Tps point for CONFIG_PUSH_FAIL registered, But tps control manager is no limit implementation.

2026-05-04 14:50:04,410 INFO No tps control rule of ConfigListen found,content =null  

2026-05-04 14:50:04,411 WARN Tps point for ConfigListen registered, But tps control manager is no limit implementation.

2026-05-04 14:50:04,412 INFO No tps control rule of ClusterConfigChangeNotify found,content =null  

2026-05-04 14:50:04,413 WARN Tps point for ClusterConfigChangeNotify registered, But tps control manager is no limit implementation.

2026-05-04 14:50:04,423 INFO No tps control rule of ConfigFuzzyWatch found,content =null  

2026-05-04 14:50:04,424 WARN Tps point for ConfigFuzzyWatch registered, But tps control manager is no limit implementation.

2026-05-04 14:50:04,424 INFO No tps control rule of ConfigPublish found,content =null  

2026-05-04 14:50:04,425 WARN Tps point for ConfigPublish registered, But tps control manager is no limit implementation.

2026-05-04 14:50:04,425 INFO No tps control rule of ConfigQuery found,content =null  

2026-05-04 14:50:04,425 WARN Tps point for ConfigQuery registered, But tps control manager is no limit implementation.

2026-05-04 14:50:04,426 INFO No tps control rule of ConfigRemove found,content =null  

2026-05-04 14:50:04,426 WARN Tps point for ConfigRemove registered, But tps control manager is no limit implementation.

2026-05-04 14:50:04,427 INFO No tps control rule of RemoteNamingInstanceBatchRegister found,content =null  

2026-05-04 14:50:04,428 WARN Tps point for RemoteNamingInstanceBatchRegister registered, But tps control manager is no limit implementation.

2026-05-04 14:50:04,429 INFO No tps control rule of RemoteNamingInstanceRegisterDeregister found,content =null  

2026-05-04 14:50:04,429 WARN Tps point for RemoteNamingInstanceRegisterDeregister registered, But tps control manager is no limit implementation.

2026-05-04 14:50:04,429 WARN Tps point for RemoteNamingInstanceRegisterDeregister registered, But tps control manager is no limit implementation.

2026-05-04 14:50:04,430 INFO No tps control rule of RemoteNamingServiceListQuery found,content =null  

2026-05-04 14:50:04,430 WARN Tps point for RemoteNamingServiceListQuery registered, But tps control manager is no limit implementation.

2026-05-04 14:50:04,430 INFO No tps control rule of RemoteNamingServiceQuery found,content =null  

2026-05-04 14:50:04,430 WARN Tps point for RemoteNamingServiceQuery registered, But tps control manager is no limit implementation.

2026-05-04 14:50:04,431 INFO No tps control rule of RemoteNamingServiceSubscribeUnSubscribe found,content =null  

2026-05-04 14:50:04,431 WARN Tps point for RemoteNamingServiceSubscribeUnSubscribe registered, But tps control manager is no limit implementation.

2026-05-04 14:50:04,432 INFO No tps control rule of HealthCheck found,content =null  

2026-05-04 14:50:04,432 WARN Tps point for HealthCheck registered, But tps control manager is no limit implementation.

2026-05-04 14:50:07,843 INFO No tps control rule of NamingInstanceUpdate found,content =null  

2026-05-04 14:50:07,843 WARN Tps point for NamingInstanceUpdate registered, But tps control manager is no limit implementation.

2026-05-04 14:50:07,844 INFO No tps control rule of NamingServiceDeregister found,content =null  

2026-05-04 14:50:07,844 WARN Tps point for NamingServiceDeregister registered, But tps control manager is no limit implementation.

2026-05-04 14:50:07,845 INFO No tps control rule of NamingInstanceQuery found,content =null  

2026-05-04 14:50:07,845 WARN Tps point for NamingInstanceQuery registered, But tps control manager is no limit implementation.

2026-05-04 14:50:07,846 INFO No tps control rule of NamingInstanceRegister found,content =null  

2026-05-04 14:50:07,846 WARN Tps point for NamingInstanceRegister registered, But tps control manager is no limit implementation.

2026-05-04 14:50:07,847 WARN Tps point for NamingInstanceRegister registered, But tps control manager is no limit implementation.

2026-05-04 14:50:07,847 INFO No tps control rule of NamingServiceQuery found,content =null  

2026-05-04 14:50:07,847 WARN Tps point for NamingServiceQuery registered, But tps control manager is no limit implementation.

2026-05-04 14:50:07,848 WARN Tps point for ConfigQuery registered, But tps control manager is no limit implementation.

2026-05-04 14:50:07,848 WARN Tps point for ConfigQuery registered, But tps control manager is no limit implementation.

2026-05-04 14:50:07,848 INFO No tps control rule of NamingServiceRegister found,content =null  

2026-05-04 14:50:07,849 WARN Tps point for NamingServiceRegister registered, But tps control manager is no limit implementation.

2026-05-04 14:50:07,849 INFO No tps control rule of NamingInstanceMetadataUpdate found,content =null  

2026-05-04 14:50:07,849 WARN Tps point for NamingInstanceMetadataUpdate registered, But tps control manager is no limit implementation.

2026-05-04 14:50:07,849 WARN Tps point for ConfigPublish registered, But tps control manager is no limit implementation.

2026-05-04 14:50:07,850 INFO No tps control rule of NamingServiceSubscribe found,content =null  

2026-05-04 14:50:07,850 WARN Tps point for NamingServiceSubscribe registered, But tps control manager is no limit implementation.

2026-05-04 14:50:07,850 WARN Tps point for NamingServiceSubscribe registered, But tps control manager is no limit implementation.

2026-05-04 14:50:07,850 WARN Tps point for NamingInstanceMetadataUpdate registered, But tps control manager is no limit implementation.

2026-05-04 14:50:07,850 INFO No tps control rule of NamingInstanceDeregister found,content =null  

2026-05-04 14:50:07,851 WARN Tps point for NamingInstanceDeregister registered, But tps control manager is no limit implementation.

2026-05-04 14:50:07,851 WARN Tps point for NamingInstanceDeregister registered, But tps control manager is no limit implementation.

2026-05-04 14:50:07,851 INFO No tps control rule of NamingServiceListQuery found,content =null  

2026-05-04 14:50:07,852 WARN Tps point for NamingServiceListQuery registered, But tps control manager is no limit implementation.

2026-05-04 14:50:07,852 INFO No tps control rule of NamingServiceUpdate found,content =null  

2026-05-04 14:50:07,852 WARN Tps point for NamingServiceUpdate registered, But tps control manager is no limit implementation.

2026-05-04 15:05:58,657 INFO No tps control rule of NAMING_RPC_PUSH found,content =null  

2026-05-04 15:05:58,658 WARN Tps point for NAMING_RPC_PUSH registered, But tps control manager is no limit implementation.

2026-05-04 15:05:58,658 INFO No tps control rule of NAMING_RPC_PUSH_SUCCESS found,content =null  

2026-05-04 15:05:58,658 WARN Tps point for NAMING_RPC_PUSH_SUCCESS registered, But tps control manager is no limit implementation.

2026-05-04 15:05:58,659 INFO No tps control rule of NAMING_RPC_PUSH_FAIL found,content =null  

2026-05-04 15:05:58,659 WARN Tps point for NAMING_RPC_PUSH_FAIL registered, But tps control manager is no limit implementation.

2026-05-04 15:05:58,659 INFO No tps control rule of NAMING_DISTRO_SYNC found,content =null  

2026-05-04 15:05:58,659 WARN Tps point for NAMING_DISTRO_SYNC registered, But tps control manager is no limit implementation.

2026-05-04 15:05:58,659 INFO No tps control rule of NAMING_DISTRO_SYNC_SUCCESS found,content =null  

2026-05-04 15:05:58,660 WARN Tps point for NAMING_DISTRO_SYNC_SUCCESS registered, But tps control manager is no limit implementation.

2026-05-04 15:05:58,660 INFO No tps control rule of NAMING_DISTRO_SYNC_FAIL found,content =null  

2026-05-04 15:05:58,660 WARN Tps point for NAMING_DISTRO_SYNC_FAIL registered, But tps control manager is no limit implementation.

2026-05-04 15:05:58,660 INFO No tps control rule of NAMING_DISTRO_VERIFY found,content =null  

2026-05-04 15:05:58,660 WARN Tps point for NAMING_DISTRO_VERIFY registered, But tps control manager is no limit implementation.

2026-05-04 15:05:58,661 INFO No tps control rule of NAMING_DISTRO_VERIFY_SUCCESS found,content =null  

2026-05-04 15:05:58,661 WARN Tps point for NAMING_DISTRO_VERIFY_SUCCESS registered, But tps control manager is no limit implementation.

2026-05-04 15:05:58,661 INFO No tps control rule of NAMING_DISTRO_VERIFY_FAIL found,content =null  

2026-05-04 15:05:58,661 WARN Tps point for NAMING_DISTRO_VERIFY_FAIL registered, But tps control manager is no limit implementation.

2026-05-04 16:13:14,559 INFO Not configure type of control plugin, no limit control for current node.

2026-05-04 16:13:14,566 INFO Load connection metrics collector,size=2,[com.alibaba.nacos.config.server.service.LongPollingConnectionMetricsCollector@1a06ec24, com.alibaba.nacos.core.remote.LongConnectionMetricsCollector@6530a1de]

2026-05-04 16:13:14,569 INFO No connection rule content found ,use default empty rule 

2026-05-04 16:13:14,600 INFO No tps control rule of CONFIG_PUSH_COUNT found,content =null  

2026-05-04 16:13:14,601 WARN Tps point for CONFIG_PUSH_COUNT registered, But tps control manager is no limit implementation.

2026-05-04 16:13:14,602 INFO No tps control rule of CONFIG_PUSH_SUCCESS found,content =null  

2026-05-04 16:13:14,602 WARN Tps point for CONFIG_PUSH_SUCCESS registered, But tps control manager is no limit implementation.

2026-05-04 16:13:14,602 INFO No tps control rule of CONFIG_PUSH_FAIL found,content =null  

2026-05-04 16:13:14,602 WARN Tps point for CONFIG_PUSH_FAIL registered, But tps control manager is no limit implementation.

2026-05-04 16:13:21,429 INFO No tps control rule of ConfigListen found,content =null  

2026-05-04 16:13:21,430 WARN Tps point for ConfigListen registered, But tps control manager is no limit implementation.

2026-05-04 16:13:21,431 INFO No tps control rule of ClusterConfigChangeNotify found,content =null  

2026-05-04 16:13:21,431 WARN Tps point for ClusterConfigChangeNotify registered, But tps control manager is no limit implementation.

2026-05-04 16:13:21,445 INFO No tps control rule of ConfigFuzzyWatch found,content =null  

2026-05-04 16:13:21,446 WARN Tps point for ConfigFuzzyWatch registered, But tps control manager is no limit implementation.

2026-05-04 16:13:21,446 INFO No tps control rule of ConfigPublish found,content =null  

2026-05-04 16:13:21,447 WARN Tps point for ConfigPublish registered, But tps control manager is no limit implementation.

2026-05-04 16:13:21,447 INFO No tps control rule of ConfigQuery found,content =null  

2026-05-04 16:13:21,447 WARN Tps point for ConfigQuery registered, But tps control manager is no limit implementation.

2026-05-04 16:13:21,448 INFO No tps control rule of ConfigRemove found,content =null  

2026-05-04 16:13:21,448 WARN Tps point for ConfigRemove registered, But tps control manager is no limit implementation.

2026-05-04 16:13:21,449 INFO No tps control rule of RemoteNamingInstanceBatchRegister found,content =null  

2026-05-04 16:13:21,449 WARN Tps point for RemoteNamingInstanceBatchRegister registered, But tps control manager is no limit implementation.

2026-05-04 16:13:21,450 INFO No tps control rule of RemoteNamingInstanceRegisterDeregister found,content =null  

2026-05-04 16:13:21,450 WARN Tps point for RemoteNamingInstanceRegisterDeregister registered, But tps control manager is no limit implementation.

2026-05-04 16:13:21,450 WARN Tps point for RemoteNamingInstanceRegisterDeregister registered, But tps control manager is no limit implementation.

2026-05-04 16:13:21,451 INFO No tps control rule of RemoteNamingServiceListQuery found,content =null  

2026-05-04 16:13:21,451 WARN Tps point for RemoteNamingServiceListQuery registered, But tps control manager is no limit implementation.

2026-05-04 16:13:21,452 INFO No tps control rule of RemoteNamingServiceQuery found,content =null  

2026-05-04 16:13:21,452 WARN Tps point for RemoteNamingServiceQuery registered, But tps control manager is no limit implementation.

2026-05-04 16:13:21,453 INFO No tps control rule of RemoteNamingServiceSubscribeUnSubscribe found,content =null  

2026-05-04 16:13:21,454 WARN Tps point for RemoteNamingServiceSubscribeUnSubscribe registered, But tps control manager is no limit implementation.

2026-05-04 16:13:21,455 INFO No tps control rule of HealthCheck found,content =null  

2026-05-04 16:13:21,455 WARN Tps point for HealthCheck registered, But tps control manager is no limit implementation.

2026-05-04 16:13:23,466 INFO No tps control rule of NAMING_RPC_PUSH found,content =null  

2026-05-04 16:13:23,467 WARN Tps point for NAMING_RPC_PUSH registered, But tps control manager is no limit implementation.

2026-05-04 16:13:23,468 INFO No tps control rule of NAMING_RPC_PUSH_SUCCESS found,content =null  

2026-05-04 16:13:23,468 WARN Tps point for NAMING_RPC_PUSH_SUCCESS registered, But tps control manager is no limit implementation.

2026-05-04 16:13:23,469 INFO No tps control rule of NAMING_RPC_PUSH_FAIL found,content =null  

2026-05-04 16:13:23,469 WARN Tps point for NAMING_RPC_PUSH_FAIL registered, But tps control manager is no limit implementation.

2026-05-04 16:13:23,470 INFO No tps control rule of NAMING_DISTRO_SYNC found,content =null  

2026-05-04 16:13:23,471 WARN Tps point for NAMING_DISTRO_SYNC registered, But tps control manager is no limit implementation.

2026-05-04 16:13:23,473 INFO No tps control rule of NAMING_DISTRO_SYNC_SUCCESS found,content =null  

2026-05-04 16:13:23,474 WARN Tps point for NAMING_DISTRO_SYNC_SUCCESS registered, But tps control manager is no limit implementation.

2026-05-04 16:13:23,474 INFO No tps control rule of NAMING_DISTRO_SYNC_FAIL found,content =null  

2026-05-04 16:13:23,475 WARN Tps point for NAMING_DISTRO_SYNC_FAIL registered, But tps control manager is no limit implementation.

2026-05-04 16:13:23,476 INFO No tps control rule of NAMING_DISTRO_VERIFY found,content =null  

2026-05-04 16:13:23,476 WARN Tps point for NAMING_DISTRO_VERIFY registered, But tps control manager is no limit implementation.

2026-05-04 16:13:23,477 INFO No tps control rule of NAMING_DISTRO_VERIFY_SUCCESS found,content =null  

2026-05-04 16:13:23,477 WARN Tps point for NAMING_DISTRO_VERIFY_SUCCESS registered, But tps control manager is no limit implementation.

2026-05-04 16:13:23,478 INFO No tps control rule of NAMING_DISTRO_VERIFY_FAIL found,content =null  

2026-05-04 16:13:23,479 WARN Tps point for NAMING_DISTRO_VERIFY_FAIL registered, But tps control manager is no limit implementation.

2026-05-04 16:13:26,306 INFO No tps control rule of NamingServiceQuery found,content =null  

2026-05-04 16:13:26,307 WARN Tps point for NamingServiceQuery registered, But tps control manager is no limit implementation.

2026-05-04 16:13:26,307 INFO No tps control rule of NamingServiceDeregister found,content =null  

2026-05-04 16:13:26,308 WARN Tps point for NamingServiceDeregister registered, But tps control manager is no limit implementation.

2026-05-04 16:13:26,308 INFO No tps control rule of NamingInstanceQuery found,content =null  

2026-05-04 16:13:26,308 WARN Tps point for NamingInstanceQuery registered, But tps control manager is no limit implementation.

2026-05-04 16:13:26,309 INFO No tps control rule of NamingInstanceDeregister found,content =null  

2026-05-04 16:13:26,309 WARN Tps point for NamingInstanceDeregister registered, But tps control manager is no limit implementation.

2026-05-04 16:13:26,309 WARN Tps point for NamingInstanceDeregister registered, But tps control manager is no limit implementation.

2026-05-04 16:13:26,310 INFO No tps control rule of NamingInstanceMetadataUpdate found,content =null  

2026-05-04 16:13:26,310 WARN Tps point for NamingInstanceMetadataUpdate registered, But tps control manager is no limit implementation.

2026-05-04 16:13:26,310 INFO No tps control rule of NamingServiceListQuery found,content =null  

2026-05-04 16:13:26,311 WARN Tps point for NamingServiceListQuery registered, But tps control manager is no limit implementation.

2026-05-04 16:13:26,311 INFO No tps control rule of NamingServiceUpdate found,content =null  

2026-05-04 16:13:26,312 WARN Tps point for NamingServiceUpdate registered, But tps control manager is no limit implementation.

2026-05-04 16:13:26,312 WARN Tps point for ConfigPublish registered, But tps control manager is no limit implementation.

2026-05-04 16:13:26,312 INFO No tps control rule of NamingServiceRegister found,content =null  

2026-05-04 16:13:26,312 WARN Tps point for NamingServiceRegister registered, But tps control manager is no limit implementation.

2026-05-04 16:13:26,313 INFO No tps control rule of NamingServiceSubscribe found,content =null  

2026-05-04 16:13:26,313 WARN Tps point for NamingServiceSubscribe registered, But tps control manager is no limit implementation.

2026-05-04 16:13:26,314 INFO No tps control rule of NamingInstanceUpdate found,content =null  

2026-05-04 16:13:26,314 WARN Tps point for NamingInstanceUpdate registered, But tps control manager is no limit implementation.

2026-05-04 16:13:26,314 WARN Tps point for NamingServiceSubscribe registered, But tps control manager is no limit implementation.

2026-05-04 16:13:26,315 INFO No tps control rule of NamingInstanceRegister found,content =null  

2026-05-04 16:13:26,315 WARN Tps point for NamingInstanceRegister registered, But tps control manager is no limit implementation.

2026-05-04 16:13:26,316 WARN Tps point for NamingInstanceRegister registered, But tps control manager is no limit implementation.

2026-05-04 16:13:26,316 WARN Tps point for ConfigQuery registered, But tps control manager is no limit implementation.

2026-05-04 16:13:26,316 WARN Tps point for ConfigQuery registered, But tps control manager is no limit implementation.

2026-05-04 16:13:26,316 WARN Tps point for NamingInstanceMetadataUpdate registered, But tps control manager is no limit implementation.

