2026-05-04 14:09:56,581 INFO [ClientConnectionEventListenerRegistry] registry listener - ConfigConnectionEventListener

2026-05-04 14:09:56,707 INFO [ClientConnectionEventListenerRegistry] registry listener - ConnectionBasedClientManager

2026-05-04 14:09:59,452 INFO [ClientConnectionEventListenerRegistry] registry listener - AiConnectionBasedClientManager

2026-05-04 14:09:59,650 INFO Nacos GrpcSdkServer Rpc server starting at port 9848

2026-05-04 14:09:59,663 INFO Load ProtocolNegotiatorBuilder com.alibaba.nacos.core.remote.grpc.negotiator.tls.SdkDefaultTlsProtocolNegotiatorBuilder for type DEFAULT_TLS

2026-05-04 14:09:59,663 INFO Load ProtocolNegotiatorBuilder com.alibaba.nacos.core.remote.grpc.negotiator.tls.ClusterDefaultTlsProtocolNegotiatorBuilder for type CLUSTER_DEFAULT_TLS

2026-05-04 14:09:59,664 WARN Not found ProtocolNegotiatorBuilder for type nacos.remote.server.rpc.protocol.negotiator.type, will use default type nacos.remote.server.rpc.protocol.negotiator.type

2026-05-04 14:09:59,671 WARN Recommended use 'nacos.remote.server.grpc.sdk.max-inbound-message-size' property instead 'nacos.remote.server.grpc.maxinbound.message.size', now property value is 10485760

2026-05-04 14:09:59,677 INFO Ssl Context auto refresh is not supported.

2026-05-04 14:09:59,677 INFO Ssl Context auto refresh is not supported.

2026-05-04 14:09:59,678 INFO RpcServerSslContextRefresher initialization completed.

2026-05-04 14:09:59,678 INFO Nacos GrpcSdkServer Rpc server started at port 9848

2026-05-04 14:09:59,681 INFO Nacos GrpcClusterServer Rpc server starting at port 9849

2026-05-04 14:09:59,684 WARN Not found ProtocolNegotiatorBuilder for type nacos.remote.cluster.server.rpc.protocol.negotiator.type, will use default type nacos.remote.cluster.server.rpc.protocol.negotiator.type

2026-05-04 14:09:59,685 WARN Recommended use 'nacos.remote.server.grpc.cluster.max-inbound-message-size' property instead 'nacos.remote.server.grpc.maxinbound.message.size', now property value is 10485760

2026-05-04 14:09:59,688 INFO Nacos GrpcClusterServer Rpc server started at port 9849

2026-05-04 14:09:59,780 INFO [ClientConnectionEventListenerRegistry] registry listener - RpcAckCallbackInitorOrCleaner

2026-05-04 14:10:12,987 INFO Nacos GrpcSdkServer Rpc server stopping

2026-05-04 14:10:12,990 INFO Nacos GrpcClusterServer Rpc server stopping

2026-05-04 14:10:13,004 INFO Nacos GrpcSdkServer Rpc server stopped successfully...

2026-05-04 14:10:13,004 INFO Nacos GrpcClusterServer Rpc server stopped successfully...

2026-05-04 14:12:32,550 INFO [ClientConnectionEventListenerRegistry] registry listener - ConfigConnectionEventListener

2026-05-04 14:12:32,671 INFO [ClientConnectionEventListenerRegistry] registry listener - ConnectionBasedClientManager

2026-05-04 14:12:35,537 INFO [ClientConnectionEventListenerRegistry] registry listener - AiConnectionBasedClientManager

2026-05-04 14:12:35,747 INFO Nacos GrpcSdkServer Rpc server starting at port 9848

2026-05-04 14:12:35,762 INFO Load ProtocolNegotiatorBuilder com.alibaba.nacos.core.remote.grpc.negotiator.tls.SdkDefaultTlsProtocolNegotiatorBuilder for type DEFAULT_TLS

2026-05-04 14:12:35,762 INFO Load ProtocolNegotiatorBuilder com.alibaba.nacos.core.remote.grpc.negotiator.tls.ClusterDefaultTlsProtocolNegotiatorBuilder for type CLUSTER_DEFAULT_TLS

2026-05-04 14:12:35,763 WARN Not found ProtocolNegotiatorBuilder for type nacos.remote.server.rpc.protocol.negotiator.type, will use default type nacos.remote.server.rpc.protocol.negotiator.type

2026-05-04 14:12:35,769 WARN Recommended use 'nacos.remote.server.grpc.sdk.max-inbound-message-size' property instead 'nacos.remote.server.grpc.maxinbound.message.size', now property value is 10485760

2026-05-04 14:12:35,776 INFO Ssl Context auto refresh is not supported.

2026-05-04 14:12:35,777 INFO Ssl Context auto refresh is not supported.

2026-05-04 14:12:35,777 INFO RpcServerSslContextRefresher initialization completed.

2026-05-04 14:12:35,777 INFO Nacos GrpcSdkServer Rpc server started at port 9848

2026-05-04 14:12:35,782 INFO Nacos GrpcClusterServer Rpc server starting at port 9849

2026-05-04 14:12:35,784 WARN Not found ProtocolNegotiatorBuilder for type nacos.remote.cluster.server.rpc.protocol.negotiator.type, will use default type nacos.remote.cluster.server.rpc.protocol.negotiator.type

2026-05-04 14:12:35,786 WARN Recommended use 'nacos.remote.server.grpc.cluster.max-inbound-message-size' property instead 'nacos.remote.server.grpc.maxinbound.message.size', now property value is 10485760

2026-05-04 14:12:35,789 INFO Nacos GrpcClusterServer Rpc server started at port 9849

2026-05-04 14:12:35,896 INFO [ClientConnectionEventListenerRegistry] registry listener - RpcAckCallbackInitorOrCleaner

2026-05-04 14:13:19,972 INFO Nacos GrpcSdkServer Rpc server stopping

2026-05-04 14:13:19,973 INFO Nacos GrpcClusterServer Rpc server stopping

2026-05-04 14:13:19,990 INFO Nacos GrpcSdkServer Rpc server stopped successfully...

2026-05-04 14:13:19,989 INFO Nacos GrpcClusterServer Rpc server stopped successfully...

2026-05-04 14:13:31,114 INFO [ClientConnectionEventListenerRegistry] registry listener - ConfigConnectionEventListener

2026-05-04 14:13:31,255 INFO [ClientConnectionEventListenerRegistry] registry listener - ConnectionBasedClientManager

2026-05-04 14:13:33,939 INFO [ClientConnectionEventListenerRegistry] registry listener - AiConnectionBasedClientManager

2026-05-04 14:13:34,204 INFO Nacos GrpcSdkServer Rpc server starting at port 9848

2026-05-04 14:13:34,217 INFO Load ProtocolNegotiatorBuilder com.alibaba.nacos.core.remote.grpc.negotiator.tls.SdkDefaultTlsProtocolNegotiatorBuilder for type DEFAULT_TLS

2026-05-04 14:13:34,218 INFO Load ProtocolNegotiatorBuilder com.alibaba.nacos.core.remote.grpc.negotiator.tls.ClusterDefaultTlsProtocolNegotiatorBuilder for type CLUSTER_DEFAULT_TLS

2026-05-04 14:13:34,218 WARN Not found ProtocolNegotiatorBuilder for type nacos.remote.server.rpc.protocol.negotiator.type, will use default type nacos.remote.server.rpc.protocol.negotiator.type

2026-05-04 14:13:34,225 WARN Recommended use 'nacos.remote.server.grpc.sdk.max-inbound-message-size' property instead 'nacos.remote.server.grpc.maxinbound.message.size', now property value is 10485760

2026-05-04 14:13:34,231 INFO Ssl Context auto refresh is not supported.

2026-05-04 14:13:34,231 INFO Ssl Context auto refresh is not supported.

2026-05-04 14:13:34,231 INFO RpcServerSslContextRefresher initialization completed.

2026-05-04 14:13:34,232 INFO Nacos GrpcSdkServer Rpc server started at port 9848

2026-05-04 14:13:34,235 INFO Nacos GrpcClusterServer Rpc server starting at port 9849

2026-05-04 14:13:34,237 WARN Not found ProtocolNegotiatorBuilder for type nacos.remote.cluster.server.rpc.protocol.negotiator.type, will use default type nacos.remote.cluster.server.rpc.protocol.negotiator.type

2026-05-04 14:13:34,239 WARN Recommended use 'nacos.remote.server.grpc.cluster.max-inbound-message-size' property instead 'nacos.remote.server.grpc.maxinbound.message.size', now property value is 10485760

2026-05-04 14:13:34,242 INFO Nacos GrpcClusterServer Rpc server started at port 9849

2026-05-04 14:13:34,342 INFO [ClientConnectionEventListenerRegistry] registry listener - RpcAckCallbackInitorOrCleaner

2026-05-04 14:15:28,590 INFO Nacos GrpcClusterServer Rpc server stopping

2026-05-04 14:15:28,593 INFO Nacos GrpcSdkServer Rpc server stopping

2026-05-04 14:15:28,606 INFO Nacos GrpcSdkServer Rpc server stopped successfully...

2026-05-04 14:15:28,606 INFO Nacos GrpcClusterServer Rpc server stopped successfully...

2026-05-04 14:15:39,410 INFO [ClientConnectionEventListenerRegistry] registry listener - ConfigConnectionEventListener

2026-05-04 14:15:39,559 INFO [ClientConnectionEventListenerRegistry] registry listener - ConnectionBasedClientManager

2026-05-04 14:15:42,166 INFO [ClientConnectionEventListenerRegistry] registry listener - AiConnectionBasedClientManager

2026-05-04 14:15:42,386 INFO Nacos GrpcSdkServer Rpc server starting at port 9848

2026-05-04 14:15:42,399 INFO Load ProtocolNegotiatorBuilder com.alibaba.nacos.core.remote.grpc.negotiator.tls.SdkDefaultTlsProtocolNegotiatorBuilder for type DEFAULT_TLS

2026-05-04 14:15:42,399 INFO Load ProtocolNegotiatorBuilder com.alibaba.nacos.core.remote.grpc.negotiator.tls.ClusterDefaultTlsProtocolNegotiatorBuilder for type CLUSTER_DEFAULT_TLS

2026-05-04 14:15:42,400 WARN Not found ProtocolNegotiatorBuilder for type nacos.remote.server.rpc.protocol.negotiator.type, will use default type nacos.remote.server.rpc.protocol.negotiator.type

2026-05-04 14:15:42,409 WARN Recommended use 'nacos.remote.server.grpc.sdk.max-inbound-message-size' property instead 'nacos.remote.server.grpc.maxinbound.message.size', now property value is 10485760

2026-05-04 14:15:42,415 INFO Ssl Context auto refresh is not supported.

2026-05-04 14:15:42,416 INFO Ssl Context auto refresh is not supported.

2026-05-04 14:15:42,416 INFO RpcServerSslContextRefresher initialization completed.

2026-05-04 14:15:42,416 INFO Nacos GrpcSdkServer Rpc server started at port 9848

2026-05-04 14:15:42,420 INFO Nacos GrpcClusterServer Rpc server starting at port 9849

2026-05-04 14:15:42,424 WARN Not found ProtocolNegotiatorBuilder for type nacos.remote.cluster.server.rpc.protocol.negotiator.type, will use default type nacos.remote.cluster.server.rpc.protocol.negotiator.type

2026-05-04 14:15:42,427 WARN Recommended use 'nacos.remote.server.grpc.cluster.max-inbound-message-size' property instead 'nacos.remote.server.grpc.maxinbound.message.size', now property value is 10485760

2026-05-04 14:15:42,433 INFO Nacos GrpcClusterServer Rpc server started at port 9849

2026-05-04 14:15:42,550 INFO [ClientConnectionEventListenerRegistry] registry listener - RpcAckCallbackInitorOrCleaner

2026-05-04 14:16:12,223 INFO Nacos GrpcSdkServer Rpc server stopping

2026-05-04 14:16:12,223 INFO Nacos GrpcClusterServer Rpc server stopping

2026-05-04 14:16:12,239 INFO Nacos GrpcClusterServer Rpc server stopped successfully...

2026-05-04 14:16:12,239 INFO Nacos GrpcSdkServer Rpc server stopped successfully...

2026-05-04 14:16:40,091 INFO [ClientConnectionEventListenerRegistry] registry listener - ConfigConnectionEventListener

2026-05-04 14:16:40,287 INFO [ClientConnectionEventListenerRegistry] registry listener - ConnectionBasedClientManager

2026-05-04 14:16:43,499 INFO [ClientConnectionEventListenerRegistry] registry listener - AiConnectionBasedClientManager

2026-05-04 14:16:43,724 INFO Nacos GrpcSdkServer Rpc server starting at port 9848

2026-05-04 14:16:43,739 INFO Load ProtocolNegotiatorBuilder com.alibaba.nacos.core.remote.grpc.negotiator.tls.SdkDefaultTlsProtocolNegotiatorBuilder for type DEFAULT_TLS

2026-05-04 14:16:43,740 INFO Load ProtocolNegotiatorBuilder com.alibaba.nacos.core.remote.grpc.negotiator.tls.ClusterDefaultTlsProtocolNegotiatorBuilder for type CLUSTER_DEFAULT_TLS

2026-05-04 14:16:43,740 WARN Not found ProtocolNegotiatorBuilder for type nacos.remote.server.rpc.protocol.negotiator.type, will use default type nacos.remote.server.rpc.protocol.negotiator.type

2026-05-04 14:16:43,747 WARN Recommended use 'nacos.remote.server.grpc.sdk.max-inbound-message-size' property instead 'nacos.remote.server.grpc.maxinbound.message.size', now property value is 10485760

2026-05-04 14:16:43,756 INFO Ssl Context auto refresh is not supported.

2026-05-04 14:16:43,757 INFO Ssl Context auto refresh is not supported.

2026-05-04 14:16:43,757 INFO RpcServerSslContextRefresher initialization completed.

2026-05-04 14:16:43,758 INFO Nacos GrpcSdkServer Rpc server started at port 9848

2026-05-04 14:16:43,761 INFO Nacos GrpcClusterServer Rpc server starting at port 9849

2026-05-04 14:16:43,764 WARN Not found ProtocolNegotiatorBuilder for type nacos.remote.cluster.server.rpc.protocol.negotiator.type, will use default type nacos.remote.cluster.server.rpc.protocol.negotiator.type

2026-05-04 14:16:43,766 WARN Recommended use 'nacos.remote.server.grpc.cluster.max-inbound-message-size' property instead 'nacos.remote.server.grpc.maxinbound.message.size', now property value is 10485760

2026-05-04 14:16:43,772 INFO Nacos GrpcClusterServer Rpc server started at port 9849

2026-05-04 14:16:43,883 INFO [ClientConnectionEventListenerRegistry] registry listener - RpcAckCallbackInitorOrCleaner

2026-05-04 14:31:34,679 INFO Nacos GrpcSdkServer Rpc server stopping

2026-05-04 14:31:34,680 INFO Nacos GrpcClusterServer Rpc server stopping

2026-05-04 14:31:34,700 INFO Nacos GrpcClusterServer Rpc server stopped successfully...

2026-05-04 14:31:34,700 INFO Nacos GrpcSdkServer Rpc server stopped successfully...

2026-05-04 14:32:27,829 INFO [ClientConnectionEventListenerRegistry] registry listener - ConfigConnectionEventListener

2026-05-04 14:32:28,172 INFO [ClientConnectionEventListenerRegistry] registry listener - ConnectionBasedClientManager

2026-05-04 14:32:31,485 INFO [ClientConnectionEventListenerRegistry] registry listener - AiConnectionBasedClientManager

2026-05-04 14:32:31,689 INFO Nacos GrpcSdkServer Rpc server starting at port 9848

2026-05-04 14:32:31,714 INFO Load ProtocolNegotiatorBuilder com.alibaba.nacos.core.remote.grpc.negotiator.tls.SdkDefaultTlsProtocolNegotiatorBuilder for type DEFAULT_TLS

2026-05-04 14:32:31,715 INFO Load ProtocolNegotiatorBuilder com.alibaba.nacos.core.remote.grpc.negotiator.tls.ClusterDefaultTlsProtocolNegotiatorBuilder for type CLUSTER_DEFAULT_TLS

2026-05-04 14:32:31,716 WARN Not found ProtocolNegotiatorBuilder for type nacos.remote.server.rpc.protocol.negotiator.type, will use default type nacos.remote.server.rpc.protocol.negotiator.type

2026-05-04 14:32:31,732 WARN Recommended use 'nacos.remote.server.grpc.sdk.max-inbound-message-size' property instead 'nacos.remote.server.grpc.maxinbound.message.size', now property value is 10485760

2026-05-04 14:32:31,738 INFO Ssl Context auto refresh is not supported.

2026-05-04 14:32:31,738 INFO Ssl Context auto refresh is not supported.

2026-05-04 14:32:31,738 INFO RpcServerSslContextRefresher initialization completed.

2026-05-04 14:32:31,739 INFO Nacos GrpcSdkServer Rpc server started at port 9848

2026-05-04 14:32:31,743 INFO Nacos GrpcClusterServer Rpc server starting at port 9849

2026-05-04 14:32:31,746 WARN Not found ProtocolNegotiatorBuilder for type nacos.remote.cluster.server.rpc.protocol.negotiator.type, will use default type nacos.remote.cluster.server.rpc.protocol.negotiator.type

2026-05-04 14:32:31,748 WARN Recommended use 'nacos.remote.server.grpc.cluster.max-inbound-message-size' property instead 'nacos.remote.server.grpc.maxinbound.message.size', now property value is 10485760

2026-05-04 14:32:31,751 INFO Nacos GrpcClusterServer Rpc server started at port 9849

2026-05-04 14:32:31,858 INFO [ClientConnectionEventListenerRegistry] registry listener - RpcAckCallbackInitorOrCleaner

2026-05-04 14:32:54,691 INFO nacos has been loaded, class: com.alibaba.nacos.core.remote.grpc.ConnectionGeneratorServiceImpl

2026-05-04 14:43:11,707 INFO Nacos GrpcClusterServer Rpc server stopping

2026-05-04 14:43:11,708 INFO Nacos GrpcSdkServer Rpc server stopping

2026-05-04 14:43:11,723 INFO Nacos GrpcClusterServer Rpc server stopped successfully...

2026-05-04 14:43:11,723 INFO Nacos GrpcSdkServer Rpc server stopped successfully...

2026-05-04 14:43:59,016 INFO [ClientConnectionEventListenerRegistry] registry listener - ConfigConnectionEventListener

2026-05-04 14:43:59,153 INFO [ClientConnectionEventListenerRegistry] registry listener - ConnectionBasedClientManager

2026-05-04 14:44:02,175 INFO [ClientConnectionEventListenerRegistry] registry listener - AiConnectionBasedClientManager

2026-05-04 14:44:02,397 INFO Nacos GrpcSdkServer Rpc server starting at port 9848

2026-05-04 14:44:02,412 INFO Load ProtocolNegotiatorBuilder com.alibaba.nacos.core.remote.grpc.negotiator.tls.SdkDefaultTlsProtocolNegotiatorBuilder for type DEFAULT_TLS

2026-05-04 14:44:02,412 INFO Load ProtocolNegotiatorBuilder com.alibaba.nacos.core.remote.grpc.negotiator.tls.ClusterDefaultTlsProtocolNegotiatorBuilder for type CLUSTER_DEFAULT_TLS

2026-05-04 14:44:02,413 WARN Not found ProtocolNegotiatorBuilder for type nacos.remote.server.rpc.protocol.negotiator.type, will use default type nacos.remote.server.rpc.protocol.negotiator.type

2026-05-04 14:44:02,419 WARN Recommended use 'nacos.remote.server.grpc.sdk.max-inbound-message-size' property instead 'nacos.remote.server.grpc.maxinbound.message.size', now property value is 10485760

2026-05-04 14:44:02,424 INFO Ssl Context auto refresh is not supported.

2026-05-04 14:44:02,425 INFO Ssl Context auto refresh is not supported.

2026-05-04 14:44:02,426 INFO RpcServerSslContextRefresher initialization completed.

2026-05-04 14:44:02,426 INFO Nacos GrpcSdkServer Rpc server started at port 9848

2026-05-04 14:44:02,430 INFO Nacos GrpcClusterServer Rpc server starting at port 9849

2026-05-04 14:44:02,433 WARN Not found ProtocolNegotiatorBuilder for type nacos.remote.cluster.server.rpc.protocol.negotiator.type, will use default type nacos.remote.cluster.server.rpc.protocol.negotiator.type

2026-05-04 14:44:02,435 WARN Recommended use 'nacos.remote.server.grpc.cluster.max-inbound-message-size' property instead 'nacos.remote.server.grpc.maxinbound.message.size', now property value is 10485760

2026-05-04 14:44:02,438 INFO Nacos GrpcClusterServer Rpc server started at port 9849

2026-05-04 14:44:02,535 INFO [ClientConnectionEventListenerRegistry] registry listener - RpcAckCallbackInitorOrCleaner

2026-05-04 14:44:18,140 INFO nacos has been loaded, class: com.alibaba.nacos.core.remote.grpc.ConnectionGeneratorServiceImpl

2026-05-04 14:49:11,284 INFO Nacos GrpcClusterServer Rpc server stopping

2026-05-04 14:49:11,285 INFO Nacos GrpcSdkServer Rpc server stopping

2026-05-04 14:49:11,302 INFO Nacos GrpcSdkServer Rpc server stopped successfully...

2026-05-04 14:49:11,302 INFO Nacos GrpcClusterServer Rpc server stopped successfully...

2026-05-04 14:49:59,456 INFO [ClientConnectionEventListenerRegistry] registry listener - ConfigConnectionEventListener

2026-05-04 14:49:59,602 INFO [ClientConnectionEventListenerRegistry] registry listener - ConnectionBasedClientManager

2026-05-04 14:50:02,212 INFO [ClientConnectionEventListenerRegistry] registry listener - AiConnectionBasedClientManager

2026-05-04 14:50:02,473 INFO Nacos GrpcSdkServer Rpc server starting at port 9848

2026-05-04 14:50:02,485 INFO Load ProtocolNegotiatorBuilder com.alibaba.nacos.core.remote.grpc.negotiator.tls.SdkDefaultTlsProtocolNegotiatorBuilder for type DEFAULT_TLS

2026-05-04 14:50:02,486 INFO Load ProtocolNegotiatorBuilder com.alibaba.nacos.core.remote.grpc.negotiator.tls.ClusterDefaultTlsProtocolNegotiatorBuilder for type CLUSTER_DEFAULT_TLS

2026-05-04 14:50:02,486 WARN Not found ProtocolNegotiatorBuilder for type nacos.remote.server.rpc.protocol.negotiator.type, will use default type nacos.remote.server.rpc.protocol.negotiator.type

2026-05-04 14:50:02,492 WARN Recommended use 'nacos.remote.server.grpc.sdk.max-inbound-message-size' property instead 'nacos.remote.server.grpc.maxinbound.message.size', now property value is 10485760

2026-05-04 14:50:02,498 INFO Ssl Context auto refresh is not supported.

2026-05-04 14:50:02,499 INFO Ssl Context auto refresh is not supported.

2026-05-04 14:50:02,499 INFO RpcServerSslContextRefresher initialization completed.

2026-05-04 14:50:02,499 INFO Nacos GrpcSdkServer Rpc server started at port 9848

2026-05-04 14:50:02,503 INFO Nacos GrpcClusterServer Rpc server starting at port 9849

2026-05-04 14:50:02,505 WARN Not found ProtocolNegotiatorBuilder for type nacos.remote.cluster.server.rpc.protocol.negotiator.type, will use default type nacos.remote.cluster.server.rpc.protocol.negotiator.type

2026-05-04 14:50:02,507 WARN Recommended use 'nacos.remote.server.grpc.cluster.max-inbound-message-size' property instead 'nacos.remote.server.grpc.maxinbound.message.size', now property value is 10485760

2026-05-04 14:50:02,510 INFO Nacos GrpcClusterServer Rpc server started at port 9849

2026-05-04 14:50:02,613 INFO [ClientConnectionEventListenerRegistry] registry listener - RpcAckCallbackInitorOrCleaner

2026-05-04 14:50:04,791 INFO nacos has been loaded, class: com.alibaba.nacos.core.remote.grpc.ConnectionGeneratorServiceImpl

2026-05-04 16:12:43,421 INFO Nacos GrpcClusterServer Rpc server stopping

2026-05-04 16:12:43,422 INFO Nacos GrpcSdkServer Rpc server stopping

2026-05-04 16:12:43,447 INFO Nacos GrpcClusterServer Rpc server stopped successfully...

2026-05-04 16:12:43,447 INFO Nacos GrpcSdkServer Rpc server stopped successfully...

2026-05-04 16:13:15,855 INFO [ClientConnectionEventListenerRegistry] registry listener - ConfigConnectionEventListener

2026-05-04 16:13:15,967 INFO [ClientConnectionEventListenerRegistry] registry listener - ConnectionBasedClientManager

2026-05-04 16:13:19,037 INFO [ClientConnectionEventListenerRegistry] registry listener - AiConnectionBasedClientManager

2026-05-04 16:13:19,292 INFO Nacos GrpcSdkServer Rpc server starting at port 9848

2026-05-04 16:13:19,310 INFO Load ProtocolNegotiatorBuilder com.alibaba.nacos.core.remote.grpc.negotiator.tls.SdkDefaultTlsProtocolNegotiatorBuilder for type DEFAULT_TLS

2026-05-04 16:13:19,311 INFO Load ProtocolNegotiatorBuilder com.alibaba.nacos.core.remote.grpc.negotiator.tls.ClusterDefaultTlsProtocolNegotiatorBuilder for type CLUSTER_DEFAULT_TLS

2026-05-04 16:13:19,311 WARN Not found ProtocolNegotiatorBuilder for type nacos.remote.server.rpc.protocol.negotiator.type, will use default type nacos.remote.server.rpc.protocol.negotiator.type

2026-05-04 16:13:19,317 WARN Recommended use 'nacos.remote.server.grpc.sdk.max-inbound-message-size' property instead 'nacos.remote.server.grpc.maxinbound.message.size', now property value is 10485760

2026-05-04 16:13:19,325 INFO Ssl Context auto refresh is not supported.

2026-05-04 16:13:19,326 INFO Ssl Context auto refresh is not supported.

2026-05-04 16:13:19,326 INFO RpcServerSslContextRefresher initialization completed.

2026-05-04 16:13:19,327 INFO Nacos GrpcSdkServer Rpc server started at port 9848

2026-05-04 16:13:19,331 INFO Nacos GrpcClusterServer Rpc server starting at port 9849

2026-05-04 16:13:19,334 WARN Not found ProtocolNegotiatorBuilder for type nacos.remote.cluster.server.rpc.protocol.negotiator.type, will use default type nacos.remote.cluster.server.rpc.protocol.negotiator.type

2026-05-04 16:13:19,337 WARN Recommended use 'nacos.remote.server.grpc.cluster.max-inbound-message-size' property instead 'nacos.remote.server.grpc.maxinbound.message.size', now property value is 10485760

2026-05-04 16:13:19,340 INFO Nacos GrpcClusterServer Rpc server started at port 9849

2026-05-04 16:13:19,487 INFO [ClientConnectionEventListenerRegistry] registry listener - RpcAckCallbackInitorOrCleaner

2026-05-04 16:13:22,049 INFO nacos has been loaded, class: com.alibaba.nacos.core.remote.grpc.ConnectionGeneratorServiceImpl

2026-05-04 16:33:14,000 INFO Nacos GrpcSdkServer Rpc server stopping

2026-05-04 16:33:14,001 INFO Nacos GrpcClusterServer Rpc server stopping

2026-05-04 16:33:14,027 INFO Nacos GrpcSdkServer Rpc server stopped successfully...

2026-05-04 16:33:14,027 INFO Nacos GrpcClusterServer Rpc server stopped successfully...

